###############################################################################
#
# IAR ELF Linker V7.80.2.11947/W32 for ARM                09/Dec/2016  15:22:37
# Copyright 2007-2016 IAR Systems AB.
#
#    Output file  =  
#        E:\Projects\iDOLPHIN_manufacture_IAR\EWARM\iDOLPHIN_manufacture\Exe\iDOLPHIN_manufacture.out
#    Map file     =  
#        E:\Projects\iDOLPHIN_manufacture_IAR\EWARM\iDOLPHIN_manufacture\List\iDOLPHIN_manufacture.map
#    Command line =  
#        E:\Projects\iDOLPHIN_manufacture_IAR\EWARM\iDOLPHIN_manufacture\Obj\Adafruit_TCS34725.o
#        E:\Projects\iDOLPHIN_manufacture_IAR\EWARM\iDOLPHIN_manufacture\Obj\Adafruit_TSL2591.o
#        E:\Projects\iDOLPHIN_manufacture_IAR\EWARM\iDOLPHIN_manufacture\Obj\bsp.o
#        E:\Projects\iDOLPHIN_manufacture_IAR\EWARM\iDOLPHIN_manufacture\Obj\bsp_int.o
#        E:\Projects\iDOLPHIN_manufacture_IAR\EWARM\iDOLPHIN_manufacture\Obj\bsp_os.o
#        E:\Projects\iDOLPHIN_manufacture_IAR\EWARM\iDOLPHIN_manufacture\Obj\bsp_periph.o
#        E:\Projects\iDOLPHIN_manufacture_IAR\EWARM\iDOLPHIN_manufacture\Obj\cpu_a.o
#        E:\Projects\iDOLPHIN_manufacture_IAR\EWARM\iDOLPHIN_manufacture\Obj\cpu_bsp.o
#        E:\Projects\iDOLPHIN_manufacture_IAR\EWARM\iDOLPHIN_manufacture\Obj\cpu_c.o
#        E:\Projects\iDOLPHIN_manufacture_IAR\EWARM\iDOLPHIN_manufacture\Obj\cpu_core.o
#        E:\Projects\iDOLPHIN_manufacture_IAR\EWARM\iDOLPHIN_manufacture\Obj\lib_ascii.o
#        E:\Projects\iDOLPHIN_manufacture_IAR\EWARM\iDOLPHIN_manufacture\Obj\lib_math.o
#        E:\Projects\iDOLPHIN_manufacture_IAR\EWARM\iDOLPHIN_manufacture\Obj\lib_mem.o
#        E:\Projects\iDOLPHIN_manufacture_IAR\EWARM\iDOLPHIN_manufacture\Obj\lib_mem_a.o
#        E:\Projects\iDOLPHIN_manufacture_IAR\EWARM\iDOLPHIN_manufacture\Obj\lib_str.o
#        E:\Projects\iDOLPHIN_manufacture_IAR\EWARM\iDOLPHIN_manufacture\Obj\main.o
#        E:\Projects\iDOLPHIN_manufacture_IAR\EWARM\iDOLPHIN_manufacture\Obj\os_app_hooks.o
#        E:\Projects\iDOLPHIN_manufacture_IAR\EWARM\iDOLPHIN_manufacture\Obj\os_cfg_app.o
#        E:\Projects\iDOLPHIN_manufacture_IAR\EWARM\iDOLPHIN_manufacture\Obj\os_core.o
#        E:\Projects\iDOLPHIN_manufacture_IAR\EWARM\iDOLPHIN_manufacture\Obj\os_cpu_a.o
#        E:\Projects\iDOLPHIN_manufacture_IAR\EWARM\iDOLPHIN_manufacture\Obj\os_cpu_c.o
#        E:\Projects\iDOLPHIN_manufacture_IAR\EWARM\iDOLPHIN_manufacture\Obj\os_dbg.o
#        E:\Projects\iDOLPHIN_manufacture_IAR\EWARM\iDOLPHIN_manufacture\Obj\os_flag.o
#        E:\Projects\iDOLPHIN_manufacture_IAR\EWARM\iDOLPHIN_manufacture\Obj\os_int.o
#        E:\Projects\iDOLPHIN_manufacture_IAR\EWARM\iDOLPHIN_manufacture\Obj\os_mem.o
#        E:\Projects\iDOLPHIN_manufacture_IAR\EWARM\iDOLPHIN_manufacture\Obj\os_mon.o
#        E:\Projects\iDOLPHIN_manufacture_IAR\EWARM\iDOLPHIN_manufacture\Obj\os_msg.o
#        E:\Projects\iDOLPHIN_manufacture_IAR\EWARM\iDOLPHIN_manufacture\Obj\os_mutex.o
#        E:\Projects\iDOLPHIN_manufacture_IAR\EWARM\iDOLPHIN_manufacture\Obj\os_pend_multi.o
#        E:\Projects\iDOLPHIN_manufacture_IAR\EWARM\iDOLPHIN_manufacture\Obj\os_prio.o
#        E:\Projects\iDOLPHIN_manufacture_IAR\EWARM\iDOLPHIN_manufacture\Obj\os_q.o
#        E:\Projects\iDOLPHIN_manufacture_IAR\EWARM\iDOLPHIN_manufacture\Obj\os_sem.o
#        E:\Projects\iDOLPHIN_manufacture_IAR\EWARM\iDOLPHIN_manufacture\Obj\os_stat.o
#        E:\Projects\iDOLPHIN_manufacture_IAR\EWARM\iDOLPHIN_manufacture\Obj\os_task.o
#        E:\Projects\iDOLPHIN_manufacture_IAR\EWARM\iDOLPHIN_manufacture\Obj\os_tick.o
#        E:\Projects\iDOLPHIN_manufacture_IAR\EWARM\iDOLPHIN_manufacture\Obj\os_time.o
#        E:\Projects\iDOLPHIN_manufacture_IAR\EWARM\iDOLPHIN_manufacture\Obj\os_tmr.o
#        E:\Projects\iDOLPHIN_manufacture_IAR\EWARM\iDOLPHIN_manufacture\Obj\os_var.o
#        E:\Projects\iDOLPHIN_manufacture_IAR\EWARM\iDOLPHIN_manufacture\Obj\otm8009a.o
#        E:\Projects\iDOLPHIN_manufacture_IAR\EWARM\iDOLPHIN_manufacture\Obj\startup_stm32f469xx.o
#        E:\Projects\iDOLPHIN_manufacture_IAR\EWARM\iDOLPHIN_manufacture\Obj\stm32469i_discovery.o
#        E:\Projects\iDOLPHIN_manufacture_IAR\EWARM\iDOLPHIN_manufacture\Obj\stm32469i_discovery_lcd.o
#        E:\Projects\iDOLPHIN_manufacture_IAR\EWARM\iDOLPHIN_manufacture\Obj\stm32469i_discovery_qspi.o
#        E:\Projects\iDOLPHIN_manufacture_IAR\EWARM\iDOLPHIN_manufacture\Obj\stm32469i_discovery_sdram.o
#        E:\Projects\iDOLPHIN_manufacture_IAR\EWARM\iDOLPHIN_manufacture\Obj\stm32f4xx_hal.o
#        E:\Projects\iDOLPHIN_manufacture_IAR\EWARM\iDOLPHIN_manufacture\Obj\stm32f4xx_hal_cortex.o
#        E:\Projects\iDOLPHIN_manufacture_IAR\EWARM\iDOLPHIN_manufacture\Obj\stm32f4xx_hal_dma.o
#        E:\Projects\iDOLPHIN_manufacture_IAR\EWARM\iDOLPHIN_manufacture\Obj\stm32f4xx_hal_dma2d.o
#        E:\Projects\iDOLPHIN_manufacture_IAR\EWARM\iDOLPHIN_manufacture\Obj\stm32f4xx_hal_dma_ex.o
#        E:\Projects\iDOLPHIN_manufacture_IAR\EWARM\iDOLPHIN_manufacture\Obj\stm32f4xx_hal_dsi.o
#        E:\Projects\iDOLPHIN_manufacture_IAR\EWARM\iDOLPHIN_manufacture\Obj\stm32f4xx_hal_flash.o
#        E:\Projects\iDOLPHIN_manufacture_IAR\EWARM\iDOLPHIN_manufacture\Obj\stm32f4xx_hal_flash_ex.o
#        E:\Projects\iDOLPHIN_manufacture_IAR\EWARM\iDOLPHIN_manufacture\Obj\stm32f4xx_hal_flash_ramfunc.o
#        E:\Projects\iDOLPHIN_manufacture_IAR\EWARM\iDOLPHIN_manufacture\Obj\stm32f4xx_hal_gpio.o
#        E:\Projects\iDOLPHIN_manufacture_IAR\EWARM\iDOLPHIN_manufacture\Obj\stm32f4xx_hal_i2c.o
#        E:\Projects\iDOLPHIN_manufacture_IAR\EWARM\iDOLPHIN_manufacture\Obj\stm32f4xx_hal_i2c_ex.o
#        E:\Projects\iDOLPHIN_manufacture_IAR\EWARM\iDOLPHIN_manufacture\Obj\stm32f4xx_hal_ltdc.o
#        E:\Projects\iDOLPHIN_manufacture_IAR\EWARM\iDOLPHIN_manufacture\Obj\stm32f4xx_hal_ltdc_ex.o
#        E:\Projects\iDOLPHIN_manufacture_IAR\EWARM\iDOLPHIN_manufacture\Obj\stm32f4xx_hal_msp.o
#        E:\Projects\iDOLPHIN_manufacture_IAR\EWARM\iDOLPHIN_manufacture\Obj\stm32f4xx_hal_pwr.o
#        E:\Projects\iDOLPHIN_manufacture_IAR\EWARM\iDOLPHIN_manufacture\Obj\stm32f4xx_hal_pwr_ex.o
#        E:\Projects\iDOLPHIN_manufacture_IAR\EWARM\iDOLPHIN_manufacture\Obj\stm32f4xx_hal_qspi.o
#        E:\Projects\iDOLPHIN_manufacture_IAR\EWARM\iDOLPHIN_manufacture\Obj\stm32f4xx_hal_rcc.o
#        E:\Projects\iDOLPHIN_manufacture_IAR\EWARM\iDOLPHIN_manufacture\Obj\stm32f4xx_hal_rcc_ex.o
#        E:\Projects\iDOLPHIN_manufacture_IAR\EWARM\iDOLPHIN_manufacture\Obj\stm32f4xx_hal_sdram.o
#        E:\Projects\iDOLPHIN_manufacture_IAR\EWARM\iDOLPHIN_manufacture\Obj\stm32f4xx_hal_tim.o
#        E:\Projects\iDOLPHIN_manufacture_IAR\EWARM\iDOLPHIN_manufacture\Obj\stm32f4xx_hal_tim_ex.o
#        E:\Projects\iDOLPHIN_manufacture_IAR\EWARM\iDOLPHIN_manufacture\Obj\stm32f4xx_hal_uart.o
#        E:\Projects\iDOLPHIN_manufacture_IAR\EWARM\iDOLPHIN_manufacture\Obj\stm32f4xx_it.o
#        E:\Projects\iDOLPHIN_manufacture_IAR\EWARM\iDOLPHIN_manufacture\Obj\stm32f4xx_ll_fmc.o
#        E:\Projects\iDOLPHIN_manufacture_IAR\EWARM\iDOLPHIN_manufacture\Obj\system_stm32f4xx.o
#        E:\Projects\iDOLPHIN_manufacture_IAR\EWARM\iDOLPHIN_manufacture\Obj\TSL2561.o
#        --redirect _Printf=_PrintfFull --redirect _Scanf=_ScanfFull -o
#        E:\Projects\iDOLPHIN_manufacture_IAR\EWARM\iDOLPHIN_manufacture\Exe\iDOLPHIN_manufacture.out
#        --map
#        E:\Projects\iDOLPHIN_manufacture_IAR\EWARM\iDOLPHIN_manufacture\List\iDOLPHIN_manufacture.map
#        --config
#        E:\Projects\iDOLPHIN_manufacture_IAR\EWARM/stm32f469xx_flash.icf
#        --semihosting --entry __iar_program_start --vfe
#
###############################################################################

*******************************************************************************
*** RUNTIME MODEL ATTRIBUTES
***

CppFlavor                     = *
__Heap_Handler                = Basic
__SystemLibrary               = DLib
__dlib_dynamic_initialization = normal


*******************************************************************************
*** PLACEMENT SUMMARY
***

"A0":  place at 0x08000000 { ro section .intvec };
"P1":  place in [from 0x08000000 to 0x081fffff] { ro };
"P2":  place in [from 0x20000000 to 0x2004ffff] { rw, block CSTACK, block HEAP };
initialize by copy { rw };

  Section             Kind        Address     Size  Object
  -------             ----        -------     ----  ------
"A0":                                        0x1b4
  .intvec             ro code  0x08000000    0x1b4  startup_stm32f469xx.o [1]
                             - 0x080001b4    0x1b4

"P1":                                      0x16cde
  .rodata             const    0x080001b4   0x4bb4  stm32469i_discovery_lcd.o [1]
  .rodata             const    0x08004d68   0x2a50  stm32469i_discovery_lcd.o [1]
  .rodata             const    0x080077b8   0x1ab8  stm32469i_discovery_lcd.o [1]
  .text               ro code  0x08009270   0x1782  stm32f4xx_hal_i2c.o [1]
  .text               ro code  0x0800a9f2      0xa  xsprout.o [3]
  .text               ro code  0x0800a9fc    0x350  stm32f4xx_hal_msp.o [1]
  .text               ro code  0x0800ad4c    0x2a4  stm32f4xx_hal_rcc.o [1]
  .text               ro code  0x0800aff0      0xc  stm32f4xx_hal.o [1]
  .text               ro code  0x0800affc      0x2  stm32f4xx_hal_i2c.o [1]
  .text               ro code  0x0800affe      0x2  stm32f4xx_hal_i2c.o [1]
  .text               ro code  0x0800b000      0x2  stm32f4xx_hal_i2c.o [1]
  .text               ro code  0x0800b002      0x2  stm32f4xx_hal_i2c.o [1]
  .text               ro code  0x0800b004      0x2  stm32f4xx_hal_i2c.o [1]
  .text               ro code  0x0800b006      0x2  stm32f4xx_hal_i2c.o [1]
  .text               ro code  0x0800b008      0x2  stm32f4xx_hal_i2c.o [1]
  .text               ro code  0x0800b00a      0x2  stm32f4xx_hal_i2c.o [1]
  .text               ro code  0x0800b00c    0x25e  stm32f4xx_hal_dma.o [1]
  .text               ro code  0x0800b26a      0x2  stm32f4xx_hal_i2c.o [1]
  .text               ro code  0x0800b26c      0x2  stm32f4xx_hal_i2c.o [1]
  .rodata             const    0x0800b26e      0x2  os_cfg_app.o [1]
  .text               ro code  0x0800b270    0x15c  stm32f4xx_hal_cortex.o [1]
  .text               ro code  0x0800b3cc    0x27c  stm32f4xx_hal_gpio.o [1]
  .text               ro code  0x0800b648     0x48  bsp.o [1]
  .text               ro code  0x0800b690    0xe26  main.o [1]
  .rodata             const    0x0800c4b6      0x2  os_dbg.o [1]
  .text               ro code  0x0800c4b8    0x264  os_cpu_c.o [1]
  .text               ro code  0x0800c71c    0x140  os_time.o [1]
  .text               ro code  0x0800c85c    0x372  os_sem.o [1]
  .rodata             const    0x0800cbce      0x2  os_dbg.o [1]
  .text               ro code  0x0800cbd0     0x40  stm32f4xx_hal.o [1]
  .text               ro code  0x0800cc10    0xc00  os_core.o [1]
  .text               ro code  0x0800d810     0x9c  os_app_hooks.o [1]
  .text               ro code  0x0800d8ac    0xcd8  os_task.o [1]
  .text               ro code  0x0800e584    0x854  stm32f4xx_hal_rcc_ex.o [1]
  .text               ro code  0x0800edd8     0x94  stm32f4xx_hal_pwr_ex.o [1]
  .text               ro code  0x0800ee6c    0x3f4  stm32f4xx_hal_dma2d.o [1]
  .text               ro code  0x0800f260    0x40c  stm32f4xx_hal_ltdc.o [1]
  .text               ro code  0x0800f66c    0x132  stm32f4xx_hal_qspi.o [1]
  .rodata             const    0x0800f79e      0x2  os_dbg.o [1]
  .text               ro code  0x0800f7a0    0x4e4  stm32f4xx_hal_uart.o [1]
  .text               ro code  0x0800fc84     0xaa  stm32f4xx_hal_sdram.o [1]
  .rodata             const    0x0800fd2e      0x2  os_dbg.o [1]
  .text               ro code  0x0800fd30    0x15c  stm32469i_discovery.o [1]
  .text               ro code  0x0800fe8c    0x390  stm32469i_discovery_sdram.o [1]
  .text               ro code  0x0801021c    0x904  stm32469i_discovery_lcd.o [1]
  .text               ro code  0x08010b20    0x1e0  cpu_core.o [1]
  .text               ro code  0x08010d00    0x5d8  os_stat.o [1]
  .text               ro code  0x080112d8     0x24  printf.o [3]
  .text               ro code  0x080112fc    0x404  Adafruit_TCS34725.o [1]
  .text               ro code  0x08011700     0x34  sprintf.o [3]
  .text               ro code  0x08011734     0x44  cpu_bsp.o [1]
  .text               ro code  0x08011778    0x4e8  os_tick.o [1]
  .text               ro code  0x08011c60     0x88  os_prio.o [1]
  .text               ro code  0x08011ce8     0x1c  os_mem.o [1]
  .text               ro code  0x08011d04    0x100  os_msg.o [1]
  .text               ro code  0x08011e04    0x22c  os_tmr.o [1]
  .text               ro code  0x08012030    0x22c  os_dbg.o [1]
  .text               ro code  0x0801225c     0xb8  os_cfg_app.o [1]
  CODE                ro code  0x08012314    0x108  os_cpu_a.o [1]
  .text               ro code  0x0801241c     0x10  stm32f4xx_hal.o [1]
  .text               ro code  0x0801242c    0x51c  os_mutex.o [1]
  .text               ro code  0x08012948     0x76  ABImemcpy_unaligned.o [5]
  .rodata             const    0x080129be      0x2  os_dbg.o [1]
  .text               ro code  0x080129c0    0x17e  stm32f4xx_ll_fmc.o [1]
  .text               ro code  0x08012b3e     0x1a  stm32f4xx_hal.o [1]
  .text               ro code  0x08012b58     0xe0  stm32469i_discovery_lcd.o [1]
  .text               ro code  0x08012c38    0x6e6  stm32f4xx_hal_dsi.o [1]
  .text               ro code  0x0801331e     0x66  stm32f4xx_hal_ltdc_ex.o [1]
  .text               ro code  0x08013384    0x48c  otm8009a.o [1]
  .text               ro code  0x08013810     0x76  lib_mem.o [1]
  .rodata             const    0x08013886      0x2  os_dbg.o [1]
  .text               ro code  0x08013888   0x119a  xprintffull.o [3]
  .rodata             const    0x08014a22      0x2  os_dbg.o [1]
  .text               ro code  0x08014a24     0x4e  FltToDbl.o [4]
  .rodata             const    0x08014a72      0x2  os_dbg.o [1]
  .text               ro code  0x08014a78    0x8c0  pow.o [4]
  .text               ro code  0x08015338     0x90  DblToFlt.o [4]
  CODE                ro code  0x080153c8     0x34  cpu_a.o [1]
  .text               ro code  0x080153fc      0x2  stm32f4xx_hal_dsi.o [1]
  .text               ro code  0x080153fe     0x20  xmbtowc.o [3]
  .rodata             const    0x0801541e      0x2  os_dbg.o [1]
  .text               ro code  0x08015420     0x16  strchr.o [5]
  .rodata             const    0x08015436      0x2  os_dbg.o [1]
  .text               ro code  0x08015438     0x36  strlen.o [5]
  .rodata             const    0x0801546e      0x2  os_dbg.o [1]
  .text               ro code  0x08015470     0x58  memchr.o [5]
  .text               ro code  0x080154c8      0xa  xmbcurmax.o [3]
  .rodata             const    0x080154d2      0x2  os_dbg.o [1]
  .text               ro code  0x080154d4     0xb0  xxmemxmalloc.o [3]
  .text               ro code  0x08015584     0x1a  xwctomb.o [3]
  .rodata             const    0x0801559e      0x2  os_dbg.o [1]
  .text               ro code  0x080155a0     0x80  xxmemxfree.o [3]
  .text               ro code  0x08015620     0xee  I64DivMod.o [5]
  .text               ro code  0x0801570e     0x44  xdnorm.o [4]
  .rodata             const    0x08015752      0x2  os_dbg.o [1]
  .text               ro code  0x08015754     0x2e  DblCmpLe.o [4]
  .rodata             const    0x08015782      0x2  os_dbg.o [1]
  .text               ro code  0x08015784     0x2e  DblCmpGe.o [4]
  .rodata             const    0x080157b2      0x2  os_dbg.o [1]
  .text               ro code  0x080157b4    0x114  xdscale.o [4]
  .text               ro code  0x080158c8     0x58  DblToI32.o [4]
  .text               ro code  0x08015920     0x30  I32ToDbl.o [4]
  .text               ro code  0x08015950    0x180  DblSub.o [4]
  .text               ro code  0x08015ad0    0x1a2  DblMul.o [4]
  .rodata             const    0x08015c72      0x2  os_dbg.o [1]
  .text               ro code  0x08015c74    0x256  DblDiv.o [4]
  .rodata             const    0x08015eca      0x2  os_dbg.o [1]
  .text               ro code  0x08015ecc     0x6c  localeconv.o [3]
  .text               ro code  0x08015f38      0xe  div.o [3]
  .text               ro code  0x08015f46     0x7e  xdint.o [4]
  .text               ro code  0x08015fc4     0x20  DblCmpEq.o [4]
  .text               ro code  0x08015fe4      0xc  errno.o [3]
  .text               ro code  0x08015ff0     0xe8  DblAdd.o [4]
  .text               ro code  0x080160d8     0xb0  xlog.o [4]
  .text               ro code  0x08016188    0x2c6  xexp.o [4]
  .rodata             const    0x0801644e      0x2  os_dbg.o [1]
  .text               ro code  0x08016450     0x14  setlocale.o [3]
  .text               ro code  0x08016464     0x60  xencoding_sb.o [3]
  .text               ro code  0x080164c4     0x2c  xgetmemchunk.o [3]
  .text               ro code  0x080164f0      0x2  I64DivZer.o [5]
  .text               ro code  0x080164f2      0x2  xtls.o [3]
  .text               ro code  0x080164f4     0x40  xdtest.o [4]
  .text               ro code  0x08016534     0x6c  system_stm32f4xx.o [1]
  .text               ro code  0x080165a0     0x40  zero_init3.o [5]
  .text               ro code  0x080165e0     0x38  packbits_init_single.o [5]
  .text               ro code  0x08016618     0x34  stm32f4xx_it.o [1]
  .rodata             const    0x0801664c     0x30  os_dbg.o [1]
  .rodata             const    0x0801667c     0x30  os_dbg.o [1]
  .rodata             const    0x080166ac     0x30  os_dbg.o [1]
  .rodata             const    0x080166dc     0x28  os_dbg.o [1]
  .rodata             const    0x08016704     0x28  os_dbg.o [1]
  .text               ro code  0x0801672c     0x28  data_init.o [5]
  .text               ro code  0x08016754     0x22  fpinit_M.o [4]
  .iar.init_table     const    0x08016778     0x20  - Linker created -
  .rodata             const    0x08016798      0x2  os_dbg.o [1]
  .rodata             const    0x0801679c     0x20  os_dbg.o [1]
  .text               ro code  0x080167bc     0x1a  cmain.o [5]
  .text               ro code  0x080167d6      0x4  low_level_init.o [3]
  .text               ro code  0x080167da      0x4  exit.o [3]
  .rodata             const    0x080167de      0x2  os_dbg.o [1]
  .text               ro code  0x080167e0      0xa  cexit.o [5]
  .rodata             const    0x080167ea      0x2  otm8009a.o [1]
  .text               ro code  0x080167ec     0x14  exit.o [6]
  .rodata             const    0x08016800     0x18  Adafruit_TCS34725.o [1]
  .rodata             const    0x08016818     0x18  os_tmr.o [1]
  .text               ro code  0x08016830     0x16  xprout.o [3]
  .rodata             const    0x08016846      0x2  otm8009a.o [1]
  .text               ro code  0x08016848      0xc  putchar.o [3]
  .rodata             const    0x08016854     0x14  main.o [1]
  .rodata             const    0x08016868     0x14  main.o [1]
  .rodata             const    0x0801687c     0x14  main.o [1]
  .rodata             const    0x08016890     0x14  main.o [1]
  .rodata             const    0x080168a4     0x14  main.o [1]
  .rodata             const    0x080168b8     0x14  main.o [1]
  .rodata             const    0x080168cc     0x14  os_core.o [1]
  .rodata             const    0x080168e0     0x14  os_stat.o [1]
  .rodata             const    0x080168f4     0x14  os_tick.o [1]
  .rodata             const    0x08016908     0x14  otm8009a.o [1]
  .rodata             const    0x0801691c     0x14  otm8009a.o [1]
  .rodata             const    0x08016930     0x10  Adafruit_TCS34725.o [1]
  .rodata             const    0x08016940     0x10  main.o [1]
  .rodata             const    0x08016950     0x10  main.o [1]
  .rodata             const    0x08016960     0x10  main.o [1]
  .rodata             const    0x08016970     0x10  main.o [1]
  .rodata             const    0x08016980     0x10  main.o [1]
  .rodata             const    0x08016990     0x10  os_tmr.o [1]
  .rodata             const    0x080169a0     0x10  otm8009a.o [1]
  .rodata             const    0x080169b0     0x10  otm8009a.o [1]
  .rodata             const    0x080169c0     0x10  otm8009a.o [1]
  .rodata             const    0x080169d0     0x10  otm8009a.o [1]
  .rodata             const    0x080169e0     0x10  otm8009a.o [1]
  .rodata             const    0x080169f0     0x10  otm8009a.o [1]
  .rodata             const    0x08016a00     0x10  otm8009a.o [1]
  .rodata             const    0x08016a10     0x10  otm8009a.o [1]
  .rodata             const    0x08016a20     0x10  otm8009a.o [1]
  .rodata             const    0x08016a30     0x10  otm8009a.o [1]
  .rodata             const    0x08016a40     0x10  stm32f4xx_hal_rcc.o [1]
  .text               ro code  0x08016a50     0x10  startup_stm32f469xx.o [1]
  .rodata             const    0x08016a60      0xc  main.o [1]
  .rodata             const    0x08016a6c      0xc  main.o [1]
  .rodata             const    0x08016a78      0xc  main.o [1]
  .rodata             const    0x08016a84      0xc  main.o [1]
  .rodata             const    0x08016a90      0xc  main.o [1]
  .rodata             const    0x08016a9c      0xc  main.o [1]
  .rodata             const    0x08016aa8      0xc  os_core.o [1]
  .rodata             const    0x08016ab4      0xc  otm8009a.o [1]
  .rodata             const    0x08016ac0      0xc  otm8009a.o [1]
  .rodata             const    0x08016acc      0xc  otm8009a.o [1]
  .rodata             const    0x08016ad8      0xc  otm8009a.o [1]
  .rodata             const    0x08016ae4      0xc  otm8009a.o [1]
  .rodata             const    0x08016af0      0xc  otm8009a.o [1]
  .rodata             const    0x08016afc      0xc  otm8009a.o [1]
  .text               ro code  0x08016b08      0xc  cstartup_M.o [5]
  .rodata             const    0x08016b14      0x8  main.o [1]
  .rodata             const    0x08016b1c      0x8  main.o [1]
  .rodata             const    0x08016b24      0x8  main.o [1]
  .rodata             const    0x08016b2c      0x8  main.o [1]
  .rodata             const    0x08016b34      0x8  main.o [1]
  .rodata             const    0x08016b3c      0x8  main.o [1]
  .rodata             const    0x08016b44      0x8  main.o [1]
  .rodata             const    0x08016b4c      0x8  main.o [1]
  .rodata             const    0x08016b54      0x8  main.o [1]
  .rodata             const    0x08016b5c      0x8  main.o [1]
  .rodata             const    0x08016b64      0x8  main.o [1]
  .rodata             const    0x08016b6c      0x8  main.o [1]
  .rodata             const    0x08016b74      0x8  main.o [1]
  .rodata             const    0x08016b7c      0x8  os_core.o [1]
  .rodata             const    0x08016b84      0x8  os_task.o [1]
  .rodata             const    0x08016b8c      0x8  otm8009a.o [1]
  .rodata             const    0x08016b94      0x8  otm8009a.o [1]
  .rodata             const    0x08016b9c      0x8  otm8009a.o [1]
  .rodata             const    0x08016ba4      0x8  stm32f4xx_hal_dma.o [1]
  .rodata             const    0x08016bac      0x4  os_cfg_app.o [1]
  .rodata             const    0x08016bb0      0x4  os_cfg_app.o [1]
  .rodata             const    0x08016bb4      0x4  os_cfg_app.o [1]
  .rodata             const    0x08016bb8      0x4  os_cfg_app.o [1]
  .rodata             const    0x08016bbc      0x4  os_cfg_app.o [1]
  .rodata             const    0x08016bc0      0x4  os_cfg_app.o [1]
  .rodata             const    0x08016bc4      0x4  os_cfg_app.o [1]
  .rodata             const    0x08016bc8      0x4  os_cfg_app.o [1]
  .rodata             const    0x08016bcc      0x4  os_cfg_app.o [1]
  .rodata             const    0x08016bd0      0x4  os_cfg_app.o [1]
  .rodata             const    0x08016bd4      0x4  os_cfg_app.o [1]
  .rodata             const    0x08016bd8      0x4  os_cfg_app.o [1]
  .rodata             const    0x08016bdc      0x4  os_cfg_app.o [1]
  .rodata             const    0x08016be0      0x4  os_cfg_app.o [1]
  .rodata             const    0x08016be4      0x4  os_cfg_app.o [1]
  .rodata             const    0x08016be8      0x4  os_cfg_app.o [1]
  .rodata             const    0x08016bec      0x4  os_cfg_app.o [1]
  .rodata             const    0x08016bf0      0x4  os_cfg_app.o [1]
  .rodata             const    0x08016bf4      0x4  os_cfg_app.o [1]
  .rodata             const    0x08016bf8      0x4  os_cfg_app.o [1]
  .rodata             const    0x08016bfc      0x4  os_cfg_app.o [1]
  .rodata             const    0x08016c00      0x4  os_cfg_app.o [1]
  .rodata             const    0x08016c04      0x4  os_cfg_app.o [1]
  .rodata             const    0x08016c08      0x4  os_cfg_app.o [1]
  .rodata             const    0x08016c0c      0x4  os_cfg_app.o [1]
  .rodata             const    0x08016c10      0x4  os_cfg_app.o [1]
  .rodata             const    0x08016c14      0x4  os_dbg.o [1]
  .rodata             const    0x08016c18      0x4  os_dbg.o [1]
  .rodata             const    0x08016c1c      0x4  os_dbg.o [1]
  .rodata             const    0x08016c20      0x4  otm8009a.o [1]
  .rodata             const    0x08016c24      0x4  otm8009a.o [1]
  .rodata             const    0x08016c28      0x4  otm8009a.o [1]
  .rodata             const    0x08016c2c      0x4  otm8009a.o [1]
  .rodata             const    0x08016c30      0x4  otm8009a.o [1]
  .text               ro code  0x08016c34      0x4  startup_stm32f469xx.o [1]
  .text               ro code  0x08016c38      0x4  startup_stm32f469xx.o [1]
  .text               ro code  0x08016c3c      0x4  startup_stm32f469xx.o [1]
  .text               ro code  0x08016c40      0x4  startup_stm32f469xx.o [1]
  .text               ro code  0x08016c44      0x4  startup_stm32f469xx.o [1]
  .text               ro code  0x08016c48      0x4  startup_stm32f469xx.o [1]
  .text               ro code  0x08016c4c      0x4  startup_stm32f469xx.o [1]
  .text               ro code  0x08016c50      0x4  startup_stm32f469xx.o [1]
  .text               ro code  0x08016c54      0x4  startup_stm32f469xx.o [1]
  .text               ro code  0x08016c58      0x4  startup_stm32f469xx.o [1]
  .text               ro code  0x08016c5c      0x4  startup_stm32f469xx.o [1]
  .text               ro code  0x08016c60      0x4  startup_stm32f469xx.o [1]
  .text               ro code  0x08016c64      0x4  startup_stm32f469xx.o [1]
  .text               ro code  0x08016c68      0x4  startup_stm32f469xx.o [1]
  .text               ro code  0x08016c6c      0x4  startup_stm32f469xx.o [1]
  .text               ro code  0x08016c70      0x4  startup_stm32f469xx.o [1]
  .text               ro code  0x08016c74      0x4  startup_stm32f469xx.o [1]
  .text               ro code  0x08016c78      0x4  startup_stm32f469xx.o [1]
  .text               ro code  0x08016c7c      0x4  startup_stm32f469xx.o [1]
  .text               ro code  0x08016c80      0x4  startup_stm32f469xx.o [1]
  .text               ro code  0x08016c84      0x4  startup_stm32f469xx.o [1]
  .text               ro code  0x08016c88      0x4  startup_stm32f469xx.o [1]
  .text               ro code  0x08016c8c      0x4  startup_stm32f469xx.o [1]
  .text               ro code  0x08016c90      0x4  startup_stm32f469xx.o [1]
  .text               ro code  0x08016c94      0x4  startup_stm32f469xx.o [1]
  .text               ro code  0x08016c98      0x4  startup_stm32f469xx.o [1]
  .text               ro code  0x08016c9c      0x4  startup_stm32f469xx.o [1]
  .text               ro code  0x08016ca0      0x4  startup_stm32f469xx.o [1]
  .text               ro code  0x08016ca4      0x4  startup_stm32f469xx.o [1]
  .text               ro code  0x08016ca8      0x4  startup_stm32f469xx.o [1]
  .text               ro code  0x08016cac      0x4  startup_stm32f469xx.o [1]
  .text               ro code  0x08016cb0      0x4  startup_stm32f469xx.o [1]
  .text               ro code  0x08016cb4      0x4  startup_stm32f469xx.o [1]
  .text               ro code  0x08016cb8      0x4  startup_stm32f469xx.o [1]
  .text               ro code  0x08016cbc      0x4  startup_stm32f469xx.o [1]
  .text               ro code  0x08016cc0      0x4  startup_stm32f469xx.o [1]
  .text               ro code  0x08016cc4      0x4  startup_stm32f469xx.o [1]
  .text               ro code  0x08016cc8      0x4  startup_stm32f469xx.o [1]
  .text               ro code  0x08016ccc      0x4  startup_stm32f469xx.o [1]
  .text               ro code  0x08016cd0      0x4  startup_stm32f469xx.o [1]
  .text               ro code  0x08016cd4      0x4  startup_stm32f469xx.o [1]
  .text               ro code  0x08016cd8      0x4  startup_stm32f469xx.o [1]
  .text               ro code  0x08016cdc      0x4  startup_stm32f469xx.o [1]
  .text               ro code  0x08016ce0      0x4  startup_stm32f469xx.o [1]
  .text               ro code  0x08016ce4      0x4  startup_stm32f469xx.o [1]
  .text               ro code  0x08016ce8      0x4  startup_stm32f469xx.o [1]
  .text               ro code  0x08016cec      0x4  startup_stm32f469xx.o [1]
  .text               ro code  0x08016cf0      0x4  startup_stm32f469xx.o [1]
  .text               ro code  0x08016cf4      0x4  startup_stm32f469xx.o [1]
  .text               ro code  0x08016cf8      0x4  startup_stm32f469xx.o [1]
  .text               ro code  0x08016cfc      0x4  startup_stm32f469xx.o [1]
  .text               ro code  0x08016d00      0x4  startup_stm32f469xx.o [1]
  .text               ro code  0x08016d04      0x4  startup_stm32f469xx.o [1]
  .text               ro code  0x08016d08      0x4  startup_stm32f469xx.o [1]
  .text               ro code  0x08016d0c      0x4  startup_stm32f469xx.o [1]
  .text               ro code  0x08016d10      0x4  startup_stm32f469xx.o [1]
  .text               ro code  0x08016d14      0x4  startup_stm32f469xx.o [1]
  .text               ro code  0x08016d18      0x4  startup_stm32f469xx.o [1]
  .text               ro code  0x08016d1c      0x4  startup_stm32f469xx.o [1]
  .text               ro code  0x08016d20      0x4  startup_stm32f469xx.o [1]
  .text               ro code  0x08016d24      0x4  startup_stm32f469xx.o [1]
  .text               ro code  0x08016d28      0x4  startup_stm32f469xx.o [1]
  .text               ro code  0x08016d2c      0x4  startup_stm32f469xx.o [1]
  .text               ro code  0x08016d30      0x4  startup_stm32f469xx.o [1]
  .text               ro code  0x08016d34      0x4  startup_stm32f469xx.o [1]
  .text               ro code  0x08016d38      0x4  startup_stm32f469xx.o [1]
  .text               ro code  0x08016d3c      0x4  startup_stm32f469xx.o [1]
  .text               ro code  0x08016d40      0x4  startup_stm32f469xx.o [1]
  .text               ro code  0x08016d44      0x4  startup_stm32f469xx.o [1]
  .text               ro code  0x08016d48      0x4  startup_stm32f469xx.o [1]
  .text               ro code  0x08016d4c      0x4  startup_stm32f469xx.o [1]
  .text               ro code  0x08016d50      0x4  startup_stm32f469xx.o [1]
  .text               ro code  0x08016d54      0x4  startup_stm32f469xx.o [1]
  .text               ro code  0x08016d58      0x4  startup_stm32f469xx.o [1]
  .text               ro code  0x08016d5c      0x4  startup_stm32f469xx.o [1]
  .text               ro code  0x08016d60      0x4  startup_stm32f469xx.o [1]
  .text               ro code  0x08016d64      0x4  startup_stm32f469xx.o [1]
  .text               ro code  0x08016d68      0x4  startup_stm32f469xx.o [1]
  .text               ro code  0x08016d6c      0x4  startup_stm32f469xx.o [1]
  .text               ro code  0x08016d70      0x4  startup_stm32f469xx.o [1]
  .text               ro code  0x08016d74      0x4  startup_stm32f469xx.o [1]
  .text               ro code  0x08016d78      0x4  startup_stm32f469xx.o [1]
  .text               ro code  0x08016d7c      0x4  startup_stm32f469xx.o [1]
  .text               ro code  0x08016d80      0x4  startup_stm32f469xx.o [1]
  .text               ro code  0x08016d84      0x4  startup_stm32f469xx.o [1]
  .text               ro code  0x08016d88      0x4  startup_stm32f469xx.o [1]
  .text               ro code  0x08016d8c      0x4  startup_stm32f469xx.o [1]
  .text               ro code  0x08016d90      0x4  startup_stm32f469xx.o [1]
  .text               ro code  0x08016d94      0x4  startup_stm32f469xx.o [1]
  .rodata             const    0x08016d98      0x2  otm8009a.o [1]
  .rodata             const    0x08016d9a      0x2  otm8009a.o [1]
  .rodata             const    0x08016d9c      0x2  otm8009a.o [1]
  .rodata             const    0x08016d9e      0x2  otm8009a.o [1]
  .rodata             const    0x08016da0      0x2  otm8009a.o [1]
  .rodata             const    0x08016da2      0x2  otm8009a.o [1]
  .rodata             const    0x08016da4      0x2  otm8009a.o [1]
  .rodata             const    0x08016da6      0x2  otm8009a.o [1]
  .rodata             const    0x08016da8      0x2  otm8009a.o [1]
  .rodata             const    0x08016daa      0x2  otm8009a.o [1]
  .rodata             const    0x08016dac      0x2  otm8009a.o [1]
  .rodata             const    0x08016dae      0x2  otm8009a.o [1]
  .rodata             const    0x08016db0      0x2  otm8009a.o [1]
  .rodata             const    0x08016db2      0x2  otm8009a.o [1]
  .rodata             const    0x08016db4      0x2  otm8009a.o [1]
  .rodata             const    0x08016db6      0x2  otm8009a.o [1]
  .rodata             const    0x08016db8      0x2  otm8009a.o [1]
  .rodata             const    0x08016dba      0x2  otm8009a.o [1]
  .rodata             const    0x08016dbc      0x2  otm8009a.o [1]
  .rodata             const    0x08016dbe      0x2  otm8009a.o [1]
  .rodata             const    0x08016dc0      0x2  otm8009a.o [1]
  .rodata             const    0x08016dc2      0x2  otm8009a.o [1]
  .rodata             const    0x08016dc4      0x2  otm8009a.o [1]
  .rodata             const    0x08016dc6      0x2  otm8009a.o [1]
  .rodata             const    0x08016dc8      0x2  otm8009a.o [1]
  .rodata             const    0x08016dca      0x2  otm8009a.o [1]
  .rodata             const    0x08016dcc      0x2  otm8009a.o [1]
  .rodata             const    0x08016dce      0x2  otm8009a.o [1]
  .rodata             const    0x08016dd0      0x2  otm8009a.o [1]
  .rodata             const    0x08016dd2      0x2  otm8009a.o [1]
  .rodata             const    0x08016dd4      0x2  otm8009a.o [1]
  .rodata             const    0x08016dd6      0x2  otm8009a.o [1]
  .rodata             const    0x08016dd8      0x2  otm8009a.o [1]
  .rodata             const    0x08016dda      0x2  otm8009a.o [1]
  .rodata             const    0x08016ddc      0x2  otm8009a.o [1]
  .rodata             const    0x08016dde      0x2  otm8009a.o [1]
  .rodata             const    0x08016de0      0x2  otm8009a.o [1]
  .rodata             const    0x08016de2      0x2  otm8009a.o [1]
  .rodata             const    0x08016de4      0x2  otm8009a.o [1]
  .rodata             const    0x08016de6      0x2  otm8009a.o [1]
  .rodata             const    0x08016de8      0x2  otm8009a.o [1]
  .rodata             const    0x08016dea      0x2  otm8009a.o [1]
  .rodata             const    0x08016dec      0x2  otm8009a.o [1]
  .rodata             const    0x08016dee      0x2  otm8009a.o [1]
  .rodata             const    0x08016df0      0x2  otm8009a.o [1]
  .rodata             const    0x08016df2      0x2  otm8009a.o [1]
  .rodata             const    0x08016df4      0x2  otm8009a.o [1]
  .rodata             const    0x08016df6      0x1  os_cfg_app.o [1]
  .rodata             const    0x08016df7      0x1  os_cfg_app.o [1]
  .rodata             const    0x08016df8      0x1  os_cfg_app.o [1]
  .rodata             const    0x08016df9      0x1  os_dbg.o [1]
  .rodata             const    0x08016dfa      0x1  os_dbg.o [1]
  .rodata             const    0x08016dfb      0x1  os_dbg.o [1]
  .rodata             const    0x08016dfc      0x1  os_dbg.o [1]
  .rodata             const    0x08016dfd      0x1  os_dbg.o [1]
  .rodata             const    0x08016dfe      0x1  os_dbg.o [1]
  .rodata             const    0x08016dff      0x1  os_dbg.o [1]
  .rodata             const    0x08016e00      0x1  os_dbg.o [1]
  .rodata             const    0x08016e01      0x1  os_dbg.o [1]
  .rodata             const    0x08016e02      0x1  os_dbg.o [1]
  .rodata             const    0x08016e03      0x1  os_dbg.o [1]
  .rodata             const    0x08016e04      0x1  os_dbg.o [1]
  .rodata             const    0x08016e05      0x1  os_dbg.o [1]
  .rodata             const    0x08016e06      0x1  os_dbg.o [1]
  .rodata             const    0x08016e07      0x1  os_dbg.o [1]
  .rodata             const    0x08016e08      0x1  os_dbg.o [1]
  .rodata             const    0x08016e09      0x1  os_dbg.o [1]
  .rodata             const    0x08016e0a      0x1  os_dbg.o [1]
  .rodata             const    0x08016e0b      0x1  os_dbg.o [1]
  .rodata             const    0x08016e0c      0x1  os_dbg.o [1]
  .rodata             const    0x08016e0d      0x1  os_dbg.o [1]
  .rodata             const    0x08016e0e      0x1  os_dbg.o [1]
  .rodata             const    0x08016e0f      0x1  os_dbg.o [1]
  .rodata             const    0x08016e10      0x1  os_dbg.o [1]
  .rodata             const    0x08016e11      0x1  os_dbg.o [1]
  .rodata             const    0x08016e12      0x1  os_dbg.o [1]
  .rodata             const    0x08016e13      0x1  os_dbg.o [1]
  .rodata             const    0x08016e14      0x1  os_dbg.o [1]
  .rodata             const    0x08016e15      0x1  os_dbg.o [1]
  .rodata             const    0x08016e16      0x1  os_dbg.o [1]
  .rodata             const    0x08016e17      0x1  os_dbg.o [1]
  .rodata             const    0x08016e18      0x1  os_dbg.o [1]
  .rodata             const    0x08016e19      0x1  os_dbg.o [1]
  .rodata             const    0x08016e1a      0x1  os_dbg.o [1]
  .rodata             const    0x08016e1b      0x1  os_dbg.o [1]
  .rodata             const    0x08016e1c      0x1  os_dbg.o [1]
  .rodata             const    0x08016e1d      0x1  os_dbg.o [1]
  .rodata             const    0x08016e1e      0x1  os_dbg.o [1]
  .rodata             const    0x08016e1f      0x1  os_dbg.o [1]
  .rodata             const    0x08016e20      0x0  zero_init3.o [5]
  .rodata             const    0x08016e20      0x0  packbits_init_single.o [5]
  Initializer bytes   const    0x08016e20     0x72  <for P2-1>
                             - 0x08016e92  0x16cde

"P2", part 1 of 3:                           0x185
  P2-1                         0x20000000    0x185  <Init block>
    .data             inited   0x20000000     0x10  stm32469i_discovery.o [1]
    .data             inited   0x20000010     0x10  stm32469i_discovery.o [1]
    .data             inited   0x20000020      0x8  stm32469i_discovery_lcd.o [1]
    .data             inited   0x20000028      0x8  stm32469i_discovery_lcd.o [1]
    .data             inited   0x20000030      0x8  stm32469i_discovery_lcd.o [1]
    .data             inited   0x20000038      0x4  stm32469i_discovery_lcd.o [1]
    .data             inited   0x2000003c      0x4  stm32469i_discovery_lcd.o [1]
    .data             inited   0x20000040      0x4  system_stm32f4xx.o [1]
    .data             inited   0x20000044     0x40  xfiles.o [3]
    __DLIB_PERTHREAD  inited   0x20000084      0x4  errno.o [3]
    __DLIB_PERTHREAD  inited   0x20000088     0x88  localeconv.o [3]
    __DLIB_PERTHREAD  inited   0x20000110     0x74  setlocale.o [3]
    .data             inited   0x20000184      0x1  stm32469i_discovery_sdram.o [1]
                             - 0x20000185    0x185

"P2", part 2 of 3:                          0x3400
  CSTACK                       0x20000188   0x2400  <Block>
    CSTACK            uninit   0x20000188   0x2400  <Block tail>
  HEAP                         0x20002588   0x1000  <Block>
    HEAP              uninit   0x20002588   0x1000  <Block tail>
                             - 0x20003588   0x3400

"P2", part 3 of 3:                          0x2e60
  .bss                zero     0x20003588    0x640  os_cfg_app.o [1]
  .bss                zero     0x20003bc8    0x200  main.o [1]
  .bss                zero     0x20003dc8    0x200  main.o [1]
  .bss                zero     0x20003fc8    0x200  main.o [1]
  .bss                zero     0x200041c8    0x200  main.o [1]
  .bss                zero     0x200043c8    0x200  main.o [1]
  .bss                zero     0x200045c8    0x200  main.o [1]
  .bss                zero     0x200047c8    0x200  main.o [1]
  .bss                zero     0x200049c8    0x200  os_cfg_app.o [1]
  .bss                zero     0x20004bc8    0x200  os_cfg_app.o [1]
  .bss                zero     0x20004dc8    0x200  os_cfg_app.o [1]
  .bss                zero     0x20004fc8    0x190  os_cfg_app.o [1]
  .bss                zero     0x20005158    0x190  os_cfg_app.o [1]
  .bss                zero     0x200052e8    0x180  os_var.o [1]
  .bss                zero     0x20005468     0xcc  main.o [1]
  .bss                zero     0x20005534     0xcc  main.o [1]
  .bss                zero     0x20005600     0xcc  main.o [1]
  .bss                zero     0x200056cc     0xcc  main.o [1]
  .bss                zero     0x20005798     0xcc  main.o [1]
  .bss                zero     0x20005864     0xcc  main.o [1]
  .bss                zero     0x20005930     0xcc  main.o [1]
  .bss                zero     0x200059fc     0xcc  os_var.o [1]
  .bss                zero     0x20005ac8     0xcc  os_var.o [1]
  .bss                zero     0x20005b94     0xcc  os_var.o [1]
  .bss                zero     0x20005c60     0xcc  os_var.o [1]
  .bss                zero     0x20005d2c     0xa8  main.o [1]
  .bss                zero     0x20005dd4     0xa8  stm32469i_discovery_lcd.o [1]
  .bss                zero     0x20005e7c     0x6c  stm32469i_discovery_lcd.o [1]
  .bss                zero     0x20005ee8     0x60  stm32469i_discovery_sdram.o [1]
  .bss                zero     0x20005f48     0x54  main.o [1]
  .bss                zero     0x20005f9c     0x50  xfiles.o [3]
  .bss                zero     0x20005fec     0x44  main.o [1]
  .bss                zero     0x20006030     0x40  main.o [1]
  .bss                zero     0x20006070     0x40  main.o [1]
  .bss                zero     0x200060b0     0x40  stm32469i_discovery_lcd.o [1]
  .bss                zero     0x200060f0     0x3c  stm32469i_discovery_lcd.o [1]
  .bss                zero     0x2000612c     0x34  main.o [1]
  .bss                zero     0x20006160     0x34  stm32469i_discovery_sdram.o [1]
  .bss                zero     0x20006194     0x30  os_var.o [1]
  .bss                zero     0x200061c4     0x28  main.o [1]
  .bss                zero     0x200061ec     0x28  main.o [1]
  .bss                zero     0x20006214     0x28  main.o [1]
  .bss                zero     0x2000623c     0x28  main.o [1]
  .bss                zero     0x20006264     0x1c  stm32469i_discovery_lcd.o [1]
  .bss                zero     0x20006280     0x1c  stm32469i_discovery_sdram.o [1]
  .bss                zero     0x2000629c     0x18  stm32469i_discovery_lcd.o [1]
  .bss                zero     0x200062b4     0x10  cpu_core.o [1]
  .bss                zero     0x200062c4     0x10  stm32469i_discovery_sdram.o [1]
  .bss                zero     0x200062d4      0xc  os_var.o [1]
  .bss                zero     0x200062e0      0x8  os_var.o [1]
  .bss                zero     0x200062e8      0x8  os_var.o [1]
  .bss                zero     0x200062f0      0x8  xxmemxmalloc.o [3]
  .bss                zero     0x200062f8      0x4  cpu_core.o [1]
  .bss                zero     0x200062fc      0x4  cpu_core.o [1]
  .bss                zero     0x20006300      0x4  cpu_core.o [1]
  .bss                zero     0x20006304      0x4  cpu_core.o [1]
  .bss                zero     0x20006308      0x4  cpu_core.o [1]
  .bss                zero     0x2000630c      0x4  cpu_core.o [1]
  .bss                zero     0x20006310      0x4  main.o [1]
  .bss                zero     0x20006314      0x4  main.o [1]
  .bss                zero     0x20006318      0x4  main.o [1]
  .bss                zero     0x2000631c      0x4  os_cpu_c.o [1]
  .bss                zero     0x20006320      0x4  os_prio.o [1]
  .bss                zero     0x20006324      0x4  os_var.o [1]
  .bss                zero     0x20006328      0x4  os_var.o [1]
  .bss                zero     0x2000632c      0x4  os_var.o [1]
  .bss                zero     0x20006330      0x4  os_var.o [1]
  .bss                zero     0x20006334      0x4  os_var.o [1]
  .bss                zero     0x20006338      0x4  os_var.o [1]
  .bss                zero     0x2000633c      0x4  os_var.o [1]
  .bss                zero     0x20006340      0x4  os_var.o [1]
  .bss                zero     0x20006344      0x4  os_var.o [1]
  .bss                zero     0x20006348      0x4  os_var.o [1]
  .bss                zero     0x2000634c      0x4  os_var.o [1]
  .bss                zero     0x20006350      0x4  os_var.o [1]
  .bss                zero     0x20006354      0x4  os_var.o [1]
  .bss                zero     0x20006358      0x4  os_var.o [1]
  .bss                zero     0x2000635c      0x4  os_var.o [1]
  .bss                zero     0x20006360      0x4  os_var.o [1]
  .bss                zero     0x20006364      0x4  os_var.o [1]
  .bss                zero     0x20006368      0x4  os_var.o [1]
  .bss                zero     0x2000636c      0x4  os_var.o [1]
  .bss                zero     0x20006370      0x4  os_var.o [1]
  .bss                zero     0x20006374      0x4  os_var.o [1]
  .bss                zero     0x20006378      0x4  os_var.o [1]
  .bss                zero     0x2000637c      0x4  os_var.o [1]
  .bss                zero     0x20006380      0x4  os_var.o [1]
  .bss                zero     0x20006384      0x4  os_var.o [1]
  .bss                zero     0x20006388      0x4  os_var.o [1]
  .bss                zero     0x2000638c      0x4  os_var.o [1]
  .bss                zero     0x20006390      0x4  os_var.o [1]
  .bss                zero     0x20006394      0x4  os_var.o [1]
  .bss                zero     0x20006398      0x4  os_var.o [1]
  .bss                zero     0x2000639c      0x4  os_var.o [1]
  .bss                zero     0x200063a0      0x4  os_var.o [1]
  .bss                zero     0x200063a4      0x4  os_var.o [1]
  .bss                zero     0x200063a8      0x4  os_var.o [1]
  .bss                zero     0x200063ac      0x4  stm32469i_discovery_lcd.o [1]
  .bss                zero     0x200063b0      0x4  stm32f4xx_hal.o [1]
  .bss                zero     0x200063b4      0x4  stm32f4xx_hal_msp.o [1]
  .bss                zero     0x200063b8      0x4  xgetmemchunk.o [3]
  .bss                zero     0x200063bc      0x2  cpu_core.o [1]
  .bss                zero     0x200063be      0x2  cpu_core.o [1]
  .bss                zero     0x200063c0      0x2  main.o [1]
  .bss                zero     0x200063c2      0x2  main.o [1]
  .bss                zero     0x200063c4      0x2  main.o [1]
  .bss                zero     0x200063c6      0x2  main.o [1]
  .bss                zero     0x200063c8      0x2  main.o [1]
  .bss                zero     0x200063ca      0x2  os_var.o [1]
  .bss                zero     0x200063cc      0x2  os_var.o [1]
  .bss                zero     0x200063ce      0x2  os_var.o [1]
  .bss                zero     0x200063d0      0x2  os_var.o [1]
  .bss                zero     0x200063d2      0x2  os_var.o [1]
  .bss                zero     0x200063d4      0x2  os_var.o [1]
  .bss                zero     0x200063d6      0x2  os_var.o [1]
  .bss                zero     0x200063d8      0x2  os_var.o [1]
  .bss                zero     0x200063da      0x2  os_var.o [1]
  .bss                zero     0x200063dc      0x1  main.o [1]
  .bss                zero     0x200063dd      0x1  os_var.o [1]
  .bss                zero     0x200063de      0x1  os_var.o [1]
  .bss                zero     0x200063df      0x1  os_var.o [1]
  .bss                zero     0x200063e0      0x1  os_var.o [1]
  .bss                zero     0x200063e1      0x1  os_var.o [1]
  .bss                zero     0x200063e2      0x1  os_var.o [1]
  .bss                zero     0x200063e3      0x1  os_var.o [1]
  .bss                zero     0x200063e4      0x1  os_var.o [1]
  .bss                zero     0x200063e5      0x1  os_var.o [1]
  .bss                zero     0x200063e6      0x1  os_var.o [1]
                             - 0x200063e7   0x2e5f


*******************************************************************************
*** INIT TABLE
***

          Address     Size
          -------     ----
Zero (__iar_zero_init3)
    1 destination range, total size 0x2e5f:
          0x20003588  0x2e5f

Copy/packbits (__iar_packbits_init_single3)
    1 source range, total size 0x72 (29% of destination):
          0x08016e20    0x72
    1 destination range, total size 0x185:
          0x20000000   0x185



*******************************************************************************
*** MODULE SUMMARY
***

    Module                       ro code  ro data  rw data
    ------                       -------  -------  -------
E:\Projects\iDOLPHIN_manufacture_IAR\EWARM\iDOLPHIN_manufacture\Obj: [1]
    Adafruit_TCS34725.o            1 028       40
    bsp.o                             72
    cpu_a.o                           52
    cpu_bsp.o                         68
    cpu_core.o                       480                44
    lib_mem.o                        118
    main.o                         3 622      376    5 695
    os_app_hooks.o                   156
    os_cfg_app.o                     184      109    3 936
    os_core.o                      3 072       40
    os_cpu_a.o                       264
    os_cpu_c.o                       612                 4
    os_dbg.o                         556      349
    os_mem.o                          28
    os_msg.o                         256
    os_mutex.o                     1 308
    os_prio.o                        136                 4
    os_sem.o                         882
    os_stat.o                      1 496       20
    os_task.o                      3 288        8
    os_tick.o                      1 256       20
    os_time.o                        320
    os_tmr.o                         556       40
    os_var.o                                         1 440
    otm8009a.o                     1 164      426
    startup_stm32f469xx.o            808
    stm32469i_discovery.o            348        9       32
    stm32469i_discovery_lcd.o      2 532   37 061      488
    stm32469i_discovery_sdram.o      912        1      193
    stm32f4xx_hal.o                  118                 4
    stm32f4xx_hal_cortex.o           348
    stm32f4xx_hal_dma.o              606        8
    stm32f4xx_hal_dma2d.o          1 012
    stm32f4xx_hal_dsi.o            1 768
    stm32f4xx_hal_gpio.o             636
    stm32f4xx_hal_i2c.o            6 038
    stm32f4xx_hal_ltdc.o           1 036
    stm32f4xx_hal_ltdc_ex.o          102
    stm32f4xx_hal_msp.o              848                 4
    stm32f4xx_hal_pwr_ex.o           148
    stm32f4xx_hal_qspi.o             306
    stm32f4xx_hal_rcc.o              676       16
    stm32f4xx_hal_rcc_ex.o         2 132
    stm32f4xx_hal_sdram.o            170
    stm32f4xx_hal_uart.o           1 252
    stm32f4xx_it.o                    52
    stm32f4xx_ll_fmc.o               382
    system_stm32f4xx.o               108        1        4
    ------------------------------------------------------
    Total:                        43 312   38 524   11 848

command line: [2]
    ------------------------------------------------------
    Total:

dl7M_tlf.a: [3]
    div.o                             14
    errno.o                           12        1        4
    exit.o                             4
    localeconv.o                     108       40      136
    low_level_init.o                   4
    printf.o                          36
    putchar.o                         12
    setlocale.o                       20       34      116
    sprintf.o                         52
    xencoding_sb.o                    96
    xfiles.o                                   19      144
    xgetmemchunk.o                    44                 4
    xmbcurmax.o                       10
    xmbtowc.o                         32
    xprintffull.o                  4 506
    xprout.o                          22
    xsprout.o                         10
    xtls.o                             2
    xwctomb.o                         26
    xxmemxfree.o                     128
    xxmemxmalloc.o                   176                 8
    ------------------------------------------------------
    Total:                         5 314       94      412

m7M_tls.a: [4]
    DblAdd.o                         232
    DblCmpEq.o                        32
    DblCmpGe.o                        46
    DblCmpLe.o                        46
    DblDiv.o                         598
    DblMul.o                         418
    DblSub.o                         384
    DblToFlt.o                       144
    DblToI32.o                        88
    FltToDbl.o                        78
    I32ToDbl.o                        48
    fpinit_M.o                        34
    pow.o                          2 240
    xdint.o                          126
    xdnorm.o                          68
    xdscale.o                        276
    xdtest.o                          64
    xexp.o                           710
    xlog.o                           176
    ------------------------------------------------------
    Total:                         5 808

rt7M_tl.a: [5]
    ABImemcpy_unaligned.o            118
    I64DivMod.o                      238
    I64DivZer.o                        2
    cexit.o                           10
    cmain.o                           26
    cstartup_M.o                      12
    data_init.o                       40
    memchr.o                          88
    packbits_init_single.o            56
    strchr.o                          22
    strlen.o                          54
    zero_init3.o                      64
    ------------------------------------------------------
    Total:                           730

shb_l.a: [6]
    exit.o                            20
    ------------------------------------------------------
    Total:                            20

    Gaps                               4        4
    Linker created                             32   13 312
----------------------------------------------------------
    Grand Total:                  55 188   38 654   25 572


*******************************************************************************
*** ENTRY LIST
***

Entry                      Address    Size  Type      Object
-----                      -------    ----  ----      ------
.iar.init_table$$Base   0x08016778           --   Gb  - Linker created -
.iar.init_table$$Limit  0x08016798           --   Gb  - Linker created -
?main                   0x080167bd          Code  Gb  cmain.o [5]
APBAHBPrescTable        0x08016a40    0x10  Data  Gb  stm32f4xx_hal_rcc.o [1]
ActiveLayer             0x200063ac     0x4  Data  Lc  stm32469i_discovery_lcd.o [1]
AppSemCreate            0x0800be8d    0x4e  Code  Lc  main.o [1]
AppTaskCreate           0x0800c219   0x138  Code  Lc  main.o [1]
AppTaskStart            0x0800be05    0x88  Code  Lc  main.o [1]
AppTaskStart_Stk        0x20003bc8   0x200  Data  Lc  main.o [1]
AppTaskStart_TCB        0x20005468    0xcc  Data  Lc  main.o [1]
App_OS_IdleTaskHook     0x0800d899     0x2  Code  Gb  os_app_hooks.o [1]
App_OS_SetAllHooks      0x0800d811    0x52  Code  Gb  os_app_hooks.o [1]
App_OS_StatTaskHook     0x0800d89d     0x2  Code  Gb  os_app_hooks.o [1]
App_OS_TaskCreateHook   0x0800d881     0x8  Code  Gb  os_app_hooks.o [1]
App_OS_TaskDelHook      0x0800d889     0x8  Code  Gb  os_app_hooks.o [1]
App_OS_TaskReturnHook   0x0800d891     0x8  Code  Gb  os_app_hooks.o [1]
App_OS_TaskSwHook       0x0800d8a1     0x2  Code  Gb  os_app_hooks.o [1]
App_OS_TimeTickHook     0x0800d8a5     0x8  Code  Gb  os_app_hooks.o [1]
App_Process1Stk         0x20003dc8   0x200  Data  Lc  main.o [1]
App_Process2Stk         0x20003fc8   0x200  Data  Lc  main.o [1]
App_Process3Stk         0x200041c8   0x200  Data  Lc  main.o [1]
App_Process4Stk         0x200043c8   0x200  Data  Lc  main.o [1]
App_Process5Stk         0x200045c8   0x200  Data  Lc  main.o [1]
App_Process6Stk         0x200047c8   0x200  Data  Lc  main.o [1]
BSP_CPU_ClkFreq         0x0800b649     0xc  Code  Gb  bsp.o [1]
BSP_LCD_Clear           0x08010657    0x38  Code  Gb  stm32469i_discovery_lcd.o [1]
BSP_LCD_DisplayChar     0x0801068f    0x68  Code  Gb  stm32469i_discovery_lcd.o [1]
BSP_LCD_DisplayOn       0x080108fd    0x1a  Code  Gb  stm32469i_discovery_lcd.o [1]
BSP_LCD_DisplayStringAt
                        0x080106f7   0x140  Code  Gb  stm32469i_discovery_lcd.o [1]
BSP_LCD_DisplayStringAtLine
                        0x08010837    0x1e  Code  Gb  stm32469i_discovery_lcd.o [1]
BSP_LCD_DrawPixel       0x0801094d    0x2e  Code  Gb  stm32469i_discovery_lcd.o [1]
BSP_LCD_FillRect        0x08010879    0x74  Code  Gb  stm32469i_discovery_lcd.o [1]
BSP_LCD_GetFont         0x08010643    0x14  Code  Gb  stm32469i_discovery_lcd.o [1]
BSP_LCD_GetXSize        0x08010553     0x8  Code  Gb  stm32469i_discovery_lcd.o [1]
BSP_LCD_GetYSize        0x0801055b     0x8  Code  Gb  stm32469i_discovery_lcd.o [1]
BSP_LCD_Init            0x0801021d     0xa  Code  Gb  stm32469i_discovery_lcd.o [1]
BSP_LCD_InitEx          0x08010227   0x2c4  Code  Gb  stm32469i_discovery_lcd.o [1]
BSP_LCD_InitEx::PeriphClkInitStruct
                        0x200060f0    0x3c  Data  Lc  stm32469i_discovery_lcd.o [1]
BSP_LCD_LayerDefaultInit
                        0x08010563    0x9e  Code  Gb  stm32469i_discovery_lcd.o [1]
BSP_LCD_MspInit         0x08012b59    0xe0  Code  Wk  stm32469i_discovery_lcd.o [1]
BSP_LCD_Reset           0x080104eb    0x68  Code  Gb  stm32469i_discovery_lcd.o [1]
BSP_LCD_SelectLayer     0x08010601     0x8  Code  Gb  stm32469i_discovery_lcd.o [1]
BSP_LCD_SetBackColor    0x0801061b    0x14  Code  Gb  stm32469i_discovery_lcd.o [1]
BSP_LCD_SetFont         0x0801062f    0x14  Code  Gb  stm32469i_discovery_lcd.o [1]
BSP_LCD_SetTextColor    0x08010609    0x12  Code  Gb  stm32469i_discovery_lcd.o [1]
BSP_LED_Init            0x0800fd31    0xf6  Code  Gb  stm32469i_discovery.o [1]
BSP_LED_Off             0x0800fe27    0x28  Code  Gb  stm32469i_discovery.o [1]
BSP_LED_Toggle          0x0800fe4f    0x26  Code  Gb  stm32469i_discovery.o [1]
BSP_SDRAM_Init          0x0800fe8d    0xa4  Code  Gb  stm32469i_discovery_sdram.o [1]
BSP_SDRAM_Init::sdramstatus
                        0x20000184     0x1  Data  Lc  stm32469i_discovery_sdram.o [1]
BSP_SDRAM_Initialization_sequence
                        0x0800ff31    0xb0  Code  Gb  stm32469i_discovery_sdram.o [1]
BSP_SDRAM_MspInit       0x0800fff5   0x228  Code  Wk  stm32469i_discovery_sdram.o [1]
BSP_SDRAM_MspInit::dma_handle
                        0x20005ee8    0x60  Data  Lc  stm32469i_discovery_sdram.o [1]
BSP_Tick_Init           0x0800b66f    0x1a  Code  Gb  bsp.o [1]
BusFault_Handler        0x0801661f     0x2  Code  Gb  stm32f4xx_it.o [1]
CPU_CntLeadZeros        0x080153e7          Code  Gb  cpu_a.o [1]
CPU_CntTrailZeros       0x080153ed          Code  Gb  cpu_a.o [1]
CPU_Init                0x08010b21    0x10  Code  Gb  cpu_core.o [1]
CPU_IntDis              0x080153c9          Code  Gb  cpu_a.o [1]
CPU_IntDisMeasCtr       0x200063bc     0x2  Data  Gb  cpu_core.o [1]
CPU_IntDisMeasInit      0x08010c47    0x78  Code  Lc  cpu_core.o [1]
CPU_IntDisMeasMaxCalc   0x08010cbf    0x1a  Code  Lc  cpu_core.o [1]
CPU_IntDisMeasMaxCurGet
                        0x08010b7f    0x24  Code  Gb  cpu_core.o [1]
CPU_IntDisMeasMaxCurReset
                        0x08010b5d    0x22  Code  Gb  cpu_core.o [1]
CPU_IntDisMeasMaxCur_cnts
                        0x20006308     0x4  Data  Gb  cpu_core.o [1]
CPU_IntDisMeasMaxGet    0x08010ba3    0x24  Code  Gb  cpu_core.o [1]
CPU_IntDisMeasMax_cnts  0x2000630c     0x4  Data  Gb  cpu_core.o [1]
CPU_IntDisMeasOvrhd_cnts
                        0x20006304     0x4  Data  Gb  cpu_core.o [1]
CPU_IntDisMeasStart     0x08010bc7    0x28  Code  Gb  cpu_core.o [1]
CPU_IntDisMeasStart_cnts
                        0x200062fc     0x4  Data  Gb  cpu_core.o [1]
CPU_IntDisMeasStop      0x08010bef    0x42  Code  Gb  cpu_core.o [1]
CPU_IntDisMeasStop_cnts
                        0x20006300     0x4  Data  Gb  cpu_core.o [1]
CPU_IntDisNestCtr       0x200063be     0x2  Data  Gb  cpu_core.o [1]
CPU_IntEn               0x080153cd          Code  Gb  cpu_a.o [1]
CPU_Name                0x200062b4    0x10  Data  Gb  cpu_core.o [1]
CPU_NameClr             0x08010b31    0x24  Code  Gb  cpu_core.o [1]
CPU_NameInit            0x08010c31     0x8  Code  Lc  cpu_core.o [1]
CPU_RevBits             0x080153f7          Code  Gb  cpu_a.o [1]
CPU_SR_Restore          0x080153d9          Code  Gb  cpu_a.o [1]
CPU_SR_Save             0x080153d1          Code  Gb  cpu_a.o [1]
CPU_TS_Init             0x08010c39     0xe  Code  Lc  cpu_core.o [1]
CPU_TS_TmrFreqSet       0x08010b55     0x8  Code  Gb  cpu_core.o [1]
CPU_TS_TmrFreq_Hz       0x200062f8     0x4  Data  Gb  cpu_core.o [1]
CPU_TS_TmrInit          0x08011735    0x2e  Code  Gb  cpu_bsp.o [1]
CPU_TS_TmrRd            0x08011763     0x8  Code  Gb  cpu_bsp.o [1]
CPU_WaitForExcept       0x080153e3          Code  Gb  cpu_a.o [1]
CPU_WaitForInt          0x080153df          Code  Gb  cpu_a.o [1]
CSTACK$$Base            0x20000188           --   Gb  - Linker created -
CSTACK$$Limit           0x20002588           --   Gb  - Linker created -
Command                 0x200062c4    0x10  Data  Lc  stm32469i_discovery_sdram.o [1]
DMA2D_SetConfig         0x0800f149   0x118  Code  Lc  stm32f4xx_hal_dma2d.o [1]
DMA_CalcBaseAndBitshift
                        0x0800b181    0x30  Code  Lc  stm32f4xx_hal_dma.o [1]
DMA_CalcBaseAndBitshift::flagBitshiftOffset
                        0x08016ba4     0x8  Data  Lc  stm32f4xx_hal_dma.o [1]
DMA_CheckFifoParam      0x0800b1bd    0xae  Code  Lc  stm32f4xx_hal_dma.o [1]
DSI_ConfigPacketHeader  0x08012c39    0x16  Code  Lc  stm32f4xx_hal_dsi.o [1]
DSI_IO_WriteCmd         0x08010917    0x36  Code  Gb  stm32469i_discovery_lcd.o [1]
DebugMon_Handler        0x08016625     0x2  Code  Gb  stm32f4xx_it.o [1]
DrawChar                0x0801097b   0x124  Code  Lc  stm32469i_discovery_lcd.o [1]
DrawProp                0x2000629c    0x18  Data  Lc  stm32469i_discovery_lcd.o [1]
EXTI0_IRQHandler        0x08016627     0xa  Code  Gb  stm32f4xx_it.o [1]
Error_Handler           0x0800c4b5     0x2  Code  Gb  main.o [1]
FMC_Initialized         0x200063b4     0x4  Data  Lc  stm32f4xx_hal_msp.o [1]
FMC_SDRAM_Init          0x080129c1    0x7c  Code  Gb  stm32f4xx_ll_fmc.o [1]
FMC_SDRAM_ProgramRefreshRate
                        0x08012b31     0xe  Code  Gb  stm32f4xx_ll_fmc.o [1]
FMC_SDRAM_SendCommand   0x08012ae1    0x50  Code  Gb  stm32f4xx_ll_fmc.o [1]
FMC_SDRAM_Timing_Init   0x08012a3d    0x9e  Code  Gb  stm32f4xx_ll_fmc.o [1]
Font24                  0x20000030     0x8  Data  Gb  stm32469i_discovery_lcd.o [1]
Font24_Table            0x080077b8  0x1ab8  Data  Gb  stm32469i_discovery_lcd.o [1]
Font28                  0x20000028     0x8  Data  Gb  stm32469i_discovery_lcd.o [1]
Font28_Table            0x08004d68  0x2a50  Data  Gb  stm32469i_discovery_lcd.o [1]
Font48                  0x20000020     0x8  Data  Gb  stm32469i_discovery_lcd.o [1]
Font48_Table            0x080001b4  0x4bb4  Data  Gb  stm32469i_discovery_lcd.o [1]
GPIO_PIN                0x20000000    0x10  Data  Gb  stm32469i_discovery.o [1]
GPIO_PORT               0x20000010    0x10  Data  Gb  stm32469i_discovery.o [1]
HAL_DMA2D_ConfigLayer   0x0800f05b    0xea  Code  Gb  stm32f4xx_hal_dma2d.o [1]
HAL_DMA2D_Init          0x0800ee6d    0x64  Code  Gb  stm32f4xx_hal_dma2d.o [1]
HAL_DMA2D_MspInit       0x0800aa5b    0x32  Code  Gb  stm32f4xx_hal_msp.o [1]
HAL_DMA2D_PollForTransfer
                        0x0800ef1d   0x13e  Code  Gb  stm32f4xx_hal_dma2d.o [1]
HAL_DMA2D_Start         0x0800eed1    0x4c  Code  Gb  stm32f4xx_hal_dma2d.o [1]
HAL_DMA_Abort_IT        0x0800b159    0x28  Code  Gb  stm32f4xx_hal_dma.o [1]
HAL_DMA_DeInit          0x0800b0ed    0x6c  Code  Gb  stm32f4xx_hal_dma.o [1]
HAL_DMA_Init            0x0800b00d    0xe0  Code  Gb  stm32f4xx_hal_dma.o [1]
HAL_DSI_ConfigPhyTimer  0x0801311d    0x9a  Code  Gb  stm32f4xx_hal_dsi.o [1]
HAL_DSI_ConfigVideoMode
                        0x08012e53   0x2c6  Code  Gb  stm32f4xx_hal_dsi.o [1]
HAL_DSI_DeInit          0x08012de1    0x72  Code  Gb  stm32f4xx_hal_dsi.o [1]
HAL_DSI_Init            0x08012c4f   0x192  Code  Gb  stm32f4xx_hal_dsi.o [1]
HAL_DSI_LongWrite       0x0801324b    0xce  Code  Gb  stm32f4xx_hal_dsi.o [1]
HAL_DSI_MspDeInit       0x080153fd     0x2  Code  Wk  stm32f4xx_hal_dsi.o [1]
HAL_DSI_MspInit         0x0801331d     0x2  Code  Wk  stm32f4xx_hal_dsi.o [1]
HAL_DSI_ShortWrite      0x080131eb    0x60  Code  Gb  stm32f4xx_hal_dsi.o [1]
HAL_DSI_Start           0x080131b7    0x34  Code  Gb  stm32f4xx_hal_dsi.o [1]
HAL_Delay               0x08012b3f    0x1a  Code  Wk  stm32f4xx_hal.o [1]
HAL_FMC_MspInit         0x0800ac15    0xe6  Code  Lc  stm32f4xx_hal_msp.o [1]
HAL_GPIO_EXTI_Callback  0x0800b721    0x10  Code  Gb  main.o [1]
HAL_GPIO_EXTI_IRQHandler
                        0x0800b5e5    0x1e  Code  Gb  stm32f4xx_hal_gpio.o [1]
HAL_GPIO_Init           0x0800b3cd   0x1fa  Code  Gb  stm32f4xx_hal_gpio.o [1]
HAL_GPIO_TogglePin      0x0800b5db     0xa  Code  Gb  stm32f4xx_hal_gpio.o [1]
HAL_GPIO_WritePin       0x0800b5c7    0x14  Code  Gb  stm32f4xx_hal_gpio.o [1]
HAL_GetTick             0x0800aff1     0xc  Code  Wk  stm32f4xx_hal.o [1]
HAL_I2C_AbortCpltCallback
                        0x0800b26b     0x2  Code  Wk  stm32f4xx_hal_i2c.o [1]
HAL_I2C_AddrCallback    0x0800b009     0x2  Code  Wk  stm32f4xx_hal_i2c.o [1]
HAL_I2C_ER_IRQHandler   0x0800999b    0xea  Code  Gb  stm32f4xx_hal_i2c.o [1]
HAL_I2C_EV_IRQHandler   0x0800984d   0x14c  Code  Gb  stm32f4xx_hal_i2c.o [1]
HAL_I2C_ErrorCallback   0x0800b26d     0x2  Code  Wk  stm32f4xx_hal_i2c.o [1]
HAL_I2C_Init            0x08009271   0x128  Code  Gb  stm32f4xx_hal_i2c.o [1]
HAL_I2C_ListenCpltCallback
                        0x0800b00b     0x2  Code  Wk  stm32f4xx_hal_i2c.o [1]
HAL_I2C_MasterRxCpltCallback
                        0x0800b003     0x2  Code  Wk  stm32f4xx_hal_i2c.o [1]
HAL_I2C_MasterTxCpltCallback
                        0x0800affd     0x2  Code  Wk  stm32f4xx_hal_i2c.o [1]
HAL_I2C_Master_Receive  0x08009521   0x316  Code  Gb  stm32f4xx_hal_i2c.o [1]
HAL_I2C_Master_Transmit
                        0x08009399   0x188  Code  Gb  stm32f4xx_hal_i2c.o [1]
HAL_I2C_MemRxCpltCallback
                        0x0800b001     0x2  Code  Wk  stm32f4xx_hal_i2c.o [1]
HAL_I2C_MemTxCpltCallback
                        0x0800afff     0x2  Code  Wk  stm32f4xx_hal_i2c.o [1]
HAL_I2C_MspInit         0x0800aa8d    0x70  Code  Gb  stm32f4xx_hal_msp.o [1]
HAL_I2C_SlaveRxCpltCallback
                        0x0800b007     0x2  Code  Wk  stm32f4xx_hal_i2c.o [1]
HAL_I2C_SlaveTxCpltCallback
                        0x0800b005     0x2  Code  Wk  stm32f4xx_hal_i2c.o [1]
HAL_IncTick             0x0801241d    0x10  Code  Wk  stm32f4xx_hal.o [1]
HAL_Init                0x0800cbd1    0x3a  Code  Gb  stm32f4xx_hal.o [1]
HAL_InitTick            0x0800b655    0x1a  Code  Gb  bsp.o [1]
HAL_LTDC_ConfigLayer    0x0800f39b    0x52  Code  Gb  stm32f4xx_hal_ltdc.o [1]
HAL_LTDC_Init           0x0800f261   0x13a  Code  Gb  stm32f4xx_hal_ltdc.o [1]
HAL_LTDC_MspInit        0x0800aafd    0x2a  Code  Gb  stm32f4xx_hal_msp.o [1]
HAL_LTDC_StructInitFromVideoConfig
                        0x0801331f    0x66  Code  Gb  stm32f4xx_hal_ltdc_ex.o [1]
HAL_MspInit             0x0800a9fd    0x5e  Code  Gb  stm32f4xx_hal_msp.o [1]
HAL_NVIC_EnableIRQ      0x0800b373     0xe  Code  Gb  stm32f4xx_hal_cortex.o [1]
HAL_NVIC_SetPriority    0x0800b34d    0x26  Code  Gb  stm32f4xx_hal_cortex.o [1]
HAL_NVIC_SetPriorityGrouping
                        0x0800b341     0xc  Code  Gb  stm32f4xx_hal_cortex.o [1]
HAL_PWREx_EnableOverDrive
                        0x0800edd9    0x86  Code  Gb  stm32f4xx_hal_pwr_ex.o [1]
HAL_QSPI_Init           0x0800f66d    0xd4  Code  Gb  stm32f4xx_hal_qspi.o [1]
HAL_QSPI_MspInit        0x0800ab27    0xa2  Code  Gb  stm32f4xx_hal_msp.o [1]
HAL_QSPI_SetTimeout     0x0800f749     0x4  Code  Gb  stm32f4xx_hal_qspi.o [1]
HAL_RCCEx_PeriphCLKConfig
                        0x0800e585   0x448  Code  Gb  stm32f4xx_hal_rcc_ex.o [1]
HAL_RCC_ClockConfig     0x0800ad4d   0x190  Code  Gb  stm32f4xx_hal_rcc.o [1]
HAL_RCC_GetHCLKFreq     0x0800aedd     0x6  Code  Gb  stm32f4xx_hal_rcc.o [1]
HAL_RCC_GetPCLK1Freq    0x0800aee3    0x20  Code  Gb  stm32f4xx_hal_rcc.o [1]
HAL_RCC_GetPCLK2Freq    0x0800af03    0x20  Code  Gb  stm32f4xx_hal_rcc.o [1]
HAL_RCC_GetSysClockFreq
                        0x0800af39    0xb8  Code  Wk  stm32f4xx_hal_rcc.o [1]
HAL_RCC_OscConfig       0x0800e9cd   0x3c0  Code  Gb  stm32f4xx_hal_rcc_ex.o [1]
HAL_SDRAM_Init          0x0800fc85    0x44  Code  Gb  stm32f4xx_hal_sdram.o [1]
HAL_SDRAM_MspInit       0x0800acfb     0xa  Code  Gb  stm32f4xx_hal_msp.o [1]
HAL_SDRAM_ProgramRefreshRate
                        0x0800fd05    0x2a  Code  Gb  stm32f4xx_hal_sdram.o [1]
HAL_SDRAM_SendCommand   0x0800fcc9    0x3c  Code  Gb  stm32f4xx_hal_sdram.o [1]
HAL_SYSTICK_CLKSourceConfig
                        0x0800b38d    0x20  Code  Gb  stm32f4xx_hal_cortex.o [1]
HAL_SYSTICK_Config      0x0800b381     0xc  Code  Gb  stm32f4xx_hal_cortex.o [1]
HAL_UART_Init           0x0800f7a1    0x76  Code  Gb  stm32f4xx_hal_uart.o [1]
HAL_UART_MspInit        0x0800abc9    0x4c  Code  Gb  stm32f4xx_hal_msp.o [1]
HAL_UART_Transmit       0x0800f817    0xde  Code  Gb  stm32f4xx_hal_uart.o [1]
HEAP$$Base              0x20002588           --   Gb  - Linker created -
HEAP$$Limit             0x20003588           --   Gb  - Linker created -
HardFault_Handler       0x0801661b     0x2  Code  Gb  stm32f4xx_it.o [1]
I2C1_ER_IRQHandler      0x0801663b     0xa  Code  Gb  stm32f4xx_it.o [1]
I2C1_EV_IRQHandler      0x08016631     0xa  Code  Gb  stm32f4xx_it.o [1]
I2C_DMAAbort            0x0800a729    0x6e  Code  Lc  stm32f4xx_hal_i2c.o [1]
I2C_ITError             0x0800a39f   0x156  Code  Lc  stm32f4xx_hal_i2c.o [1]
I2C_IsAcknowledgeFailed
                        0x0800a9c5    0x2e  Code  Lc  stm32f4xx_hal_i2c.o [1]
I2C_MasterReceive_BTF   0x08009d5b    0xf4  Code  Lc  stm32f4xx_hal_i2c.o [1]
I2C_MasterReceive_RXNE  0x08009c7d    0xde  Code  Lc  stm32f4xx_hal_i2c.o [1]
I2C_MasterRequestRead   0x0800a5d9   0x140  Code  Lc  stm32f4xx_hal_i2c.o [1]
I2C_MasterRequestWrite  0x0800a4f5    0xcc  Code  Lc  stm32f4xx_hal_i2c.o [1]
I2C_MasterTransmit_BTF  0x08009bd3    0xa4  Code  Lc  stm32f4xx_hal_i2c.o [1]
I2C_MasterTransmit_TXE  0x08009a85   0x14e  Code  Lc  stm32f4xx_hal_i2c.o [1]
I2C_Master_ADD10        0x08009edf     0xe  Code  Lc  stm32f4xx_hal_i2c.o [1]
I2C_Master_ADDR         0x08009eed   0x204  Code  Lc  stm32f4xx_hal_i2c.o [1]
I2C_Master_SB           0x08009e51    0x8e  Code  Lc  stm32f4xx_hal_i2c.o [1]
I2C_SlaveReceive_BTF    0x0800a1a7    0x1e  Code  Lc  stm32f4xx_hal_i2c.o [1]
I2C_SlaveReceive_RXNE   0x0800a15d    0x4a  Code  Lc  stm32f4xx_hal_i2c.o [1]
I2C_SlaveTransmit_BTF   0x0800a13f    0x1e  Code  Lc  stm32f4xx_hal_i2c.o [1]
I2C_SlaveTransmit_TXE   0x0800a0f5    0x4a  Code  Lc  stm32f4xx_hal_i2c.o [1]
I2C_Slave_ADDR          0x0800a1c5    0x38  Code  Lc  stm32f4xx_hal_i2c.o [1]
I2C_Slave_AF            0x0800a2fd    0xa2  Code  Lc  stm32f4xx_hal_i2c.o [1]
I2C_Slave_STOPF         0x0800a1fd   0x100  Code  Lc  stm32f4xx_hal_i2c.o [1]
I2C_WaitOnBTFFlagUntilTimeout
                        0x0800a911    0x52  Code  Lc  stm32f4xx_hal_i2c.o [1]
I2C_WaitOnFlagUntilTimeout
                        0x0800a797    0x88  Code  Lc  stm32f4xx_hal_i2c.o [1]
I2C_WaitOnMasterAddressFlagUntilTimeout
                        0x0800a81f    0xa0  Code  Lc  stm32f4xx_hal_i2c.o [1]
I2C_WaitOnRXNEFlagUntilTimeout
                        0x0800a963    0x62  Code  Lc  stm32f4xx_hal_i2c.o [1]
I2C_WaitOnTXEFlagUntilTimeout
                        0x0800a8bf    0x52  Code  Lc  stm32f4xx_hal_i2c.o [1]
LL_FillBuffer           0x08010aa1    0x62  Code  Lc  stm32469i_discovery_lcd.o [1]
LTDC_SetConfig          0x0800f3f1   0x276  Code  Lc  stm32f4xx_hal_ltdc.o [1]
LoadInt                 0x08013eff    0x6e  Code  Lc  xprintffull.o [3]
Lux                     0x20006314     0x4  Data  Gb  main.o [1]
MX_DMA2D_Init           0x0800b87d    0x6a  Code  Lc  main.o [1]
MX_FMC_Init             0x0800bb5d    0x96  Code  Lc  main.o [1]
MX_GPIO_Init            0x0800bbf3   0x1f6  Code  Lc  main.o [1]
MX_I2C1_Init            0x0800b8e7    0x62  Code  Lc  main.o [1]
MX_LTDC_Init            0x0800b949   0x15e  Code  Lc  main.o [1]
MX_QUADSPI_Init         0x0800baa7    0x5e  Code  Lc  main.o [1]
MX_USART3_UART_Init     0x0800bb05    0x58  Code  Lc  main.o [1]
MemManage_Handler       0x0801661d     0x2  Code  Gb  stm32f4xx_it.o [1]
Mem_Clr                 0x08013811    0x12  Code  Gb  lib_mem.o [1]
Mem_Set                 0x08013823    0x64  Code  Gb  lib_mem.o [1]
NMI_Handler             0x08016619     0x2  Code  Gb  stm32f4xx_it.o [1]
NVIC_EnableIRQ          0x0800b299    0x14  Code  Lc  stm32f4xx_hal_cortex.o [1]
NVIC_EncodePriority     0x0800b2d3    0x3e  Code  Lc  stm32f4xx_hal_cortex.o [1]
NVIC_GetPriorityGrouping
                        0x0800b28f     0xa  Code  Lc  stm32f4xx_hal_cortex.o [1]
NVIC_SetPriority        0x0800b2ad    0x26  Code  Lc  stm32f4xx_hal_cortex.o [1]
NVIC_SetPriorityGrouping
                        0x0800b271    0x1e  Code  Lc  stm32f4xx_hal_cortex.o [1]
OSCfg_DataSizeRAM       0x08016c10     0x4  Data  Gb  os_cfg_app.o [1]
OSCfg_ISRStk            0x20004fc8   0x190  Data  Gb  os_cfg_app.o [1]
OSCfg_ISRStkBasePtr     0x08016bbc     0x4  Data  Gb  os_cfg_app.o [1]
OSCfg_ISRStkSize        0x08016bc0     0x4  Data  Gb  os_cfg_app.o [1]
OSCfg_ISRStkSizeRAM     0x08016bc4     0x4  Data  Gb  os_cfg_app.o [1]
OSCfg_IdleTaskStk       0x200049c8   0x200  Data  Gb  os_cfg_app.o [1]
OSCfg_IdleTaskStkBasePtr
                        0x08016bac     0x4  Data  Gb  os_cfg_app.o [1]
OSCfg_IdleTaskStkLimit  0x08016bb0     0x4  Data  Gb  os_cfg_app.o [1]
OSCfg_IdleTaskStkSize   0x08016bb4     0x4  Data  Gb  os_cfg_app.o [1]
OSCfg_IdleTaskStkSizeRAM
                        0x08016bb8     0x4  Data  Gb  os_cfg_app.o [1]
OSCfg_Init              0x0801225d    0xb8  Code  Gb  os_cfg_app.o [1]
OSCfg_MsgPool           0x20003588   0x640  Data  Gb  os_cfg_app.o [1]
OSCfg_MsgPoolBasePtr    0x08016bcc     0x4  Data  Gb  os_cfg_app.o [1]
OSCfg_MsgPoolSize       0x0800b26e     0x2  Data  Gb  os_cfg_app.o [1]
OSCfg_MsgPoolSizeRAM    0x08016bc8     0x4  Data  Gb  os_cfg_app.o [1]
OSCfg_StatTaskPrio      0x08016df6     0x1  Data  Gb  os_cfg_app.o [1]
OSCfg_StatTaskRate_Hz   0x08016bd0     0x4  Data  Gb  os_cfg_app.o [1]
OSCfg_StatTaskStk       0x20005158   0x190  Data  Gb  os_cfg_app.o [1]
OSCfg_StatTaskStkBasePtr
                        0x08016bd4     0x4  Data  Gb  os_cfg_app.o [1]
OSCfg_StatTaskStkLimit  0x08016bd8     0x4  Data  Gb  os_cfg_app.o [1]
OSCfg_StatTaskStkSize   0x08016bdc     0x4  Data  Gb  os_cfg_app.o [1]
OSCfg_StatTaskStkSizeRAM
                        0x08016be0     0x4  Data  Gb  os_cfg_app.o [1]
OSCfg_StkSizeMin        0x08016be4     0x4  Data  Gb  os_cfg_app.o [1]
OSCfg_TickRate_Hz       0x08016be8     0x4  Data  Gb  os_cfg_app.o [1]
OSCfg_TickTaskPrio      0x08016df7     0x1  Data  Gb  os_cfg_app.o [1]
OSCfg_TickTaskStk       0x20004bc8   0x200  Data  Gb  os_cfg_app.o [1]
OSCfg_TickTaskStkBasePtr
                        0x08016bec     0x4  Data  Gb  os_cfg_app.o [1]
OSCfg_TickTaskStkLimit  0x08016bf0     0x4  Data  Gb  os_cfg_app.o [1]
OSCfg_TickTaskStkSize   0x08016bf4     0x4  Data  Gb  os_cfg_app.o [1]
OSCfg_TickTaskStkSizeRAM
                        0x08016bf8     0x4  Data  Gb  os_cfg_app.o [1]
OSCfg_TmrTaskPrio       0x08016df8     0x1  Data  Gb  os_cfg_app.o [1]
OSCfg_TmrTaskRate_Hz    0x08016bfc     0x4  Data  Gb  os_cfg_app.o [1]
OSCfg_TmrTaskStk        0x20004dc8   0x200  Data  Gb  os_cfg_app.o [1]
OSCfg_TmrTaskStkBasePtr
                        0x08016c00     0x4  Data  Gb  os_cfg_app.o [1]
OSCfg_TmrTaskStkLimit   0x08016c04     0x4  Data  Gb  os_cfg_app.o [1]
OSCfg_TmrTaskStkSize    0x08016c08     0x4  Data  Gb  os_cfg_app.o [1]
OSCfg_TmrTaskStkSizeRAM
                        0x08016c0c     0x4  Data  Gb  os_cfg_app.o [1]
OSCtxSw                 0x080123ad          Code  Gb  os_cpu_a.o [1]
OSDbg_AppHooksEn        0x08016dfb     0x1  Data  Gb  os_dbg.o [1]
OSDbg_ArgChkEn          0x08016dfa     0x1  Data  Gb  os_dbg.o [1]
OSDbg_CalledFromISRChkEn
                        0x08016dfc     0x1  Data  Gb  os_dbg.o [1]
OSDbg_DataSize          0x08016c1c     0x4  Data  Gb  os_dbg.o [1]
OSDbg_DbgEn             0x08016df9     0x1  Data  Gb  os_dbg.o [1]
OSDbg_EndiannessTest    0x08016c14     0x4  Data  Gb  os_dbg.o [1]
OSDbg_FlagDelEn         0x08016dfe     0x1  Data  Gb  os_dbg.o [1]
OSDbg_FlagEn            0x08016dfd     0x1  Data  Gb  os_dbg.o [1]
OSDbg_FlagGrp           0x080166dc    0x28  Data  Gb  os_dbg.o [1]
OSDbg_FlagGrpSize       0x0800c4b6     0x2  Data  Gb  os_dbg.o [1]
OSDbg_FlagModeClrEn     0x08016dff     0x1  Data  Gb  os_dbg.o [1]
OSDbg_FlagPendAbortEn   0x08016e00     0x1  Data  Gb  os_dbg.o [1]
OSDbg_FlagWidth         0x0800cbce     0x2  Data  Gb  os_dbg.o [1]
OSDbg_ISRPostDeferredEn
                        0x08016e01     0x1  Data  Gb  os_dbg.o [1]
OSDbg_Mem               0x0801679c    0x20  Data  Gb  os_dbg.o [1]
OSDbg_MemEn             0x08016e02     0x1  Data  Gb  os_dbg.o [1]
OSDbg_MemSize           0x0800f79e     0x2  Data  Gb  os_dbg.o [1]
OSDbg_MsgEn             0x08016e03     0x1  Data  Gb  os_dbg.o [1]
OSDbg_MsgPoolSize       0x080129be     0x2  Data  Gb  os_dbg.o [1]
OSDbg_MsgQSize          0x08013886     0x2  Data  Gb  os_dbg.o [1]
OSDbg_MsgSize           0x0800fd2e     0x2  Data  Gb  os_dbg.o [1]
OSDbg_Mutex             0x0801664c    0x30  Data  Gb  os_dbg.o [1]
OSDbg_MutexDelEn        0x08016e05     0x1  Data  Gb  os_dbg.o [1]
OSDbg_MutexEn           0x08016e04     0x1  Data  Gb  os_dbg.o [1]
OSDbg_MutexPendAbortEn  0x08016e06     0x1  Data  Gb  os_dbg.o [1]
OSDbg_MutexSize         0x08014a22     0x2  Data  Gb  os_dbg.o [1]
OSDbg_ObjTypeChkEn      0x08016e07     0x1  Data  Gb  os_dbg.o [1]
OSDbg_PendDataSize      0x08014a72     0x2  Data  Gb  os_dbg.o [1]
OSDbg_PendListSize      0x0801541e     0x2  Data  Gb  os_dbg.o [1]
OSDbg_PendMultiEn       0x08016e08     0x1  Data  Gb  os_dbg.o [1]
OSDbg_PendObjSize       0x08015436     0x2  Data  Gb  os_dbg.o [1]
OSDbg_PrioMax           0x0801546e     0x2  Data  Gb  os_dbg.o [1]
OSDbg_PrioTblSize       0x080154d2     0x2  Data  Gb  os_dbg.o [1]
OSDbg_PtrSize           0x0801559e     0x2  Data  Gb  os_dbg.o [1]
OSDbg_Q                 0x0801667c    0x30  Data  Gb  os_dbg.o [1]
OSDbg_QDelEn            0x08016e0a     0x1  Data  Gb  os_dbg.o [1]
OSDbg_QEn               0x08016e09     0x1  Data  Gb  os_dbg.o [1]
OSDbg_QFlushEn          0x08016e0b     0x1  Data  Gb  os_dbg.o [1]
OSDbg_QPendAbortEn      0x08016e0c     0x1  Data  Gb  os_dbg.o [1]
OSDbg_QSize             0x08015752     0x2  Data  Gb  os_dbg.o [1]
OSDbg_RdyList           0x080157b2     0x2  Data  Gb  os_dbg.o [1]
OSDbg_RdyListSize       0x08016c18     0x4  Data  Gb  os_dbg.o [1]
OSDbg_SchedRoundRobinEn
                        0x08016e0d     0x1  Data  Gb  os_dbg.o [1]
[...]
OS_PendListInsertPrio   0x0800d285    0x7c  Code  Gb  os_core.o [1]
OS_PendListRemove       0x0800d301    0x42  Code  Gb  os_core.o [1]
OS_PendListRemove1      0x0800d343    0x56  Code  Gb  os_core.o [1]
OS_Post                 0x0800d399    0xf2  Code  Gb  os_core.o [1]
OS_Post1                0x0800d48b    0x2e  Code  Gb  os_core.o [1]
OS_PrioGetHighest       0x08011c77    0x1a  Code  Gb  os_prio.o [1]
OS_PrioInit             0x08011c61    0x16  Code  Gb  os_prio.o [1]
OS_PrioInsert           0x08011c91    0x2a  Code  Gb  os_prio.o [1]
OS_PrioRemove           0x08011cbb    0x2a  Code  Gb  os_prio.o [1]
OS_RdyListInit          0x0800d4b9    0x26  Code  Gb  os_core.o [1]
OS_RdyListInsert        0x0800d4f1    0x28  Code  Gb  os_core.o [1]
OS_RdyListInsertHead    0x0800d531    0x42  Code  Gb  os_core.o [1]
OS_RdyListInsertTail    0x0800d585    0x40  Code  Gb  os_core.o [1]
OS_RdyListMoveHeadToTail
                        0x0800d5f5    0x4e  Code  Gb  os_core.o [1]
OS_RdyListRemove        0x0800d643    0x62  Code  Gb  os_core.o [1]
OS_SchedLockTimeMeasStart
                        0x0800d6a9    0x14  Code  Gb  os_core.o [1]
OS_SchedLockTimeMeasStop
                        0x0800d6bd    0x30  Code  Gb  os_core.o [1]
OS_SchedRoundRobin      0x0800d6f1    0xa2  Code  Gb  os_core.o [1]
OS_SemDbgListAdd        0x0800cae1    0x28  Code  Gb  os_sem.o [1]
OS_SemPost              0x0800cb25    0xaa  Code  Gb  os_sem.o [1]
OS_StatTask             0x08010f0b   0x2c2  Code  Gb  os_stat.o [1]
OS_StatTaskInit         0x080111cd    0x92  Code  Gb  os_stat.o [1]
OS_TaskBlock            0x0800d793    0x2a  Code  Gb  os_core.o [1]
OS_TaskChangePrio       0x0800e477    0xf4  Code  Gb  os_task.o [1]
OS_TaskDbgListAdd       0x0800df85    0x34  Code  Gb  os_task.o [1]
OS_TaskDbgListRemove    0x0800dfb9    0x50  Code  Gb  os_task.o [1]
OS_TaskInit             0x0800e00d    0x1c  Code  Gb  os_task.o [1]
OS_TaskInitTCB          0x0800e031   0x130  Code  Gb  os_task.o [1]
OS_TaskResume           0x0800e165    0xe8  Code  Gb  os_task.o [1]
OS_TaskReturn           0x0800e24d    0x14  Code  Gb  os_task.o [1]
OS_TaskSemPost          0x0800e261    0xee  Code  Gb  os_task.o [1]
OS_TaskSuspend          0x0800e359   0x11e  Code  Gb  os_task.o [1]
OS_TickListInsert       0x080118a7    0x90  Code  Gb  os_tick.o [1]
OS_TickListInsertDly    0x08011937    0xb0  Code  Gb  os_tick.o [1]
OS_TickListRemove       0x080119e7    0x74  Code  Gb  os_tick.o [1]
OS_TickListUpdateDly    0x08011a5b    0xa6  Code  Lc  os_tick.o [1]
OS_TickListUpdateTimeout
                        0x08011b01   0x12a  Code  Lc  os_tick.o [1]
OS_TickTask             0x08011779    0x6c  Code  Gb  os_tick.o [1]
OS_TickTaskInit         0x080117e5    0xc2  Code  Gb  os_tick.o [1]
OS_TmrInit              0x08011e05    0xd4  Code  Gb  os_tmr.o [1]
OS_TmrLock              0x08011fc1    0x16  Code  Lc  os_tmr.o [1]
OS_TmrTask              0x08011f25    0x9c  Code  Gb  os_tmr.o [1]
OS_TmrUnlink            0x08011ed9    0x48  Code  Gb  os_tmr.o [1]
OS_TmrUnlock            0x08011fd7    0x10  Code  Lc  os_tmr.o [1]
OTM8009A_IO_Delay       0x0800fe81     0xc  Code  Gb  stm32469i_discovery.o [1]
OTM8009A_Init           0x08013385   0x48c  Code  Gb  otm8009a.o [1]
Process1                0x0800bedb    0x4c  Code  Lc  main.o [1]
Process1TCB             0x20005534    0xcc  Data  Lc  main.o [1]
Process2                0x0800bf27    0x4c  Code  Lc  main.o [1]
Process2TCB             0x20005600    0xcc  Data  Lc  main.o [1]
Process3                0x0800bf73    0x4c  Code  Lc  main.o [1]
Process3TCB             0x200056cc    0xcc  Data  Lc  main.o [1]
Process4                0x0800bfbf    0x4e  Code  Lc  main.o [1]
Process4TCB             0x20005798    0xcc  Data  Lc  main.o [1]
Process5                0x0800c00d    0x76  Code  Lc  main.o [1]
Process5TCB             0x20005864    0xcc  Data  Lc  main.o [1]
Process6                0x0800c083   0x172  Code  Lc  main.o [1]
Process6TCB             0x20005930    0xcc  Data  Lc  main.o [1]
QSPI_WaitFlagStateUntilTimeout
                        0x0800f74d    0x52  Code  Lc  stm32f4xx_hal_qspi.o [1]
Region$$Table$$Base     0x08016778           --   Gb  - Linker created -
Region$$Table$$Limit    0x08016798           --   Gb  - Linker created -
SVC_Handler             0x08016623     0x2  Code  Gb  stm32f4xx_it.o [1]
Sem1                    0x200061c4    0x28  Data  Gb  main.o [1]
Sem2                    0x200061ec    0x28  Data  Gb  main.o [1]
Sem3                    0x20006214    0x28  Data  Gb  main.o [1]
Sem4                    0x2000623c    0x28  Data  Gb  main.o [1]
SendSignal              0x0800b691    0x90  Code  Gb  main.o [1]
SendSignal::SigNum      0x200063dc     0x1  Data  Lc  main.o [1]
SendSignal::debounce_time
                        0x20006318     0x4  Data  Lc  main.o [1]
ShortRegData1           0x080167ea     0x2  Data  Gb  otm8009a.o [1]
ShortRegData10          0x08016da6     0x2  Data  Gb  otm8009a.o [1]
ShortRegData11          0x08016da8     0x2  Data  Gb  otm8009a.o [1]
ShortRegData12          0x08016daa     0x2  Data  Gb  otm8009a.o [1]
ShortRegData13          0x08016dac     0x2  Data  Gb  otm8009a.o [1]
ShortRegData14          0x08016dae     0x2  Data  Gb  otm8009a.o [1]
ShortRegData15          0x08016db0     0x2  Data  Gb  otm8009a.o [1]
ShortRegData16          0x08016db2     0x2  Data  Gb  otm8009a.o [1]
ShortRegData17          0x08016db4     0x2  Data  Gb  otm8009a.o [1]
ShortRegData18          0x08016db6     0x2  Data  Gb  otm8009a.o [1]
ShortRegData19          0x08016db8     0x2  Data  Gb  otm8009a.o [1]
ShortRegData2           0x08016846     0x2  Data  Gb  otm8009a.o [1]
ShortRegData20          0x08016dba     0x2  Data  Gb  otm8009a.o [1]
ShortRegData21          0x08016dbc     0x2  Data  Gb  otm8009a.o [1]
ShortRegData22          0x08016dbe     0x2  Data  Gb  otm8009a.o [1]
ShortRegData23          0x08016dc0     0x2  Data  Gb  otm8009a.o [1]
ShortRegData24          0x08016dc2     0x2  Data  Gb  otm8009a.o [1]
ShortRegData25          0x08016dc4     0x2  Data  Gb  otm8009a.o [1]
ShortRegData26          0x08016dc6     0x2  Data  Gb  otm8009a.o [1]
ShortRegData27          0x08016dc8     0x2  Data  Gb  otm8009a.o [1]
ShortRegData28          0x08016dca     0x2  Data  Gb  otm8009a.o [1]
ShortRegData29          0x08016dcc     0x2  Data  Gb  otm8009a.o [1]
ShortRegData3           0x08016d98     0x2  Data  Gb  otm8009a.o [1]
ShortRegData30          0x08016dce     0x2  Data  Gb  otm8009a.o [1]
ShortRegData31          0x08016dd0     0x2  Data  Gb  otm8009a.o [1]
ShortRegData32          0x08016dd2     0x2  Data  Gb  otm8009a.o [1]
ShortRegData33          0x08016dd4     0x2  Data  Gb  otm8009a.o [1]
ShortRegData34          0x08016dd6     0x2  Data  Gb  otm8009a.o [1]
ShortRegData35          0x08016dd8     0x2  Data  Gb  otm8009a.o [1]
ShortRegData36          0x08016dda     0x2  Data  Gb  otm8009a.o [1]
ShortRegData37          0x08016ddc     0x2  Data  Gb  otm8009a.o [1]
ShortRegData38          0x08016dde     0x2  Data  Gb  otm8009a.o [1]
ShortRegData39          0x08016de0     0x2  Data  Gb  otm8009a.o [1]
ShortRegData4           0x08016d9a     0x2  Data  Gb  otm8009a.o [1]
ShortRegData40          0x08016de2     0x2  Data  Gb  otm8009a.o [1]
ShortRegData41          0x08016de4     0x2  Data  Gb  otm8009a.o [1]
ShortRegData42          0x08016de6     0x2  Data  Gb  otm8009a.o [1]
ShortRegData43          0x08016de8     0x2  Data  Gb  otm8009a.o [1]
ShortRegData44          0x08016dea     0x2  Data  Gb  otm8009a.o [1]
ShortRegData45          0x08016dec     0x2  Data  Gb  otm8009a.o [1]
ShortRegData46          0x08016dee     0x2  Data  Gb  otm8009a.o [1]
ShortRegData47          0x08016df0     0x2  Data  Gb  otm8009a.o [1]
ShortRegData48          0x08016df2     0x2  Data  Gb  otm8009a.o [1]
ShortRegData49          0x08016df4     0x2  Data  Gb  otm8009a.o [1]
ShortRegData5           0x08016d9c     0x2  Data  Gb  otm8009a.o [1]
ShortRegData6           0x08016d9e     0x2  Data  Gb  otm8009a.o [1]
ShortRegData7           0x08016da0     0x2  Data  Gb  otm8009a.o [1]
ShortRegData8           0x08016da2     0x2  Data  Gb  otm8009a.o [1]
ShortRegData9           0x08016da4     0x2  Data  Gb  otm8009a.o [1]
SysTick_Config          0x0800b311    0x30  Code  Lc  stm32f4xx_hal_cortex.o [1]
SystemClock_Config      0x0800b7a3    0xda  Code  Gb  main.o [1]
SystemCoreClock         0x20000040     0x4  Data  Gb  system_stm32f4xx.o [1]
SystemInit              0x08016535    0x4c  Code  Gb  system_stm32f4xx.o [1]
Timing                  0x20006280    0x1c  Data  Lc  stm32469i_discovery_sdram.o [1]
UART_SetConfig          0x0800f965   0x312  Code  Lc  stm32f4xx_hal_uart.o [1]
UART_WaitOnFlagUntilTimeout
                        0x0800f8f5    0x70  Code  Lc  stm32f4xx_hal_uart.o [1]
UsageFault_Handler      0x08016621     0x2  Code  Gb  stm32f4xx_it.o [1]
_EncodingSb_Mbtowc      0x0801647f    0x30  Code  Gb  xencoding_sb.o [3]
_EncodingSb_Mbtowc::initial
                        0x080164bc     0x8  Data  Lc  xencoding_sb.o [3]
_EncodingSb_Wctomb      0x08016465    0x1a  Code  Gb  xencoding_sb.o [3]
_EncodingSb_Wctomb::initial
                        0x080164b4     0x8  Data  Lc  xencoding_sb.o [3]
_GenldFull              0x08014785   0x254  Code  Lc  xprintffull.o [3]
_IsdstStr               0x20000114     0x4  Data  Gb  setlocale.o [3]
_LdtobFull              0x08014385   0x3fa  Code  Lc  xprintffull.o [3]
_LitobFull              0x08014279   0x10a  Code  Lc  xprintffull.o [3]
_LocaleEncoding         0x08016451     0xe  Code  Gb  setlocale.o [3]
_LocaleReturnString     0x20000134    0x50  Data  Lc  setlocale.o [3]
_Locale_Profile         0x20000118    0x1c  Data  Gb  setlocale.o [3]
_Locale_aeabi_lconv     0x200000d8    0x38  Data  Gb  localeconv.o [3]
_Locale_lconv           0x20000088    0x50  Data  Gb  localeconv.o [3]
_Mbtowc                 0x080153ff    0x20  Code  Gb  xmbtowc.o [3]
_PrintfFull             0x08013889   0x660  Code  Gb  xprintffull.o [3]
_Prout                  0x08016831    0x16  Code  Gb  xprout.o [3]
_PutcharsFull           0x080149d9    0x2e  Code  Lc  xprintffull.o [3]
_PutstrFull             0x08013f6d   0x306  Code  Lc  xprintffull.o [3]
_SProut                 0x0800a9f3     0xa  Code  Gb  xsprout.o [3]
_TzoneStr               0x20000110     0x4  Data  Gb  setlocale.o [3]
_Wctomb                 0x08015585    0x1a  Code  Gb  xwctomb.o [3]
__aeabi_cdcmpeq         0x08015fc5          Code  Gb  DblCmpEq.o [4]
__aeabi_cdcmple         0x08015755          Code  Gb  DblCmpLe.o [4]
__aeabi_cdrcmple        0x08015785          Code  Gb  DblCmpGe.o [4]
__aeabi_d2f             0x08015339          Code  Gb  DblToFlt.o [4]
__aeabi_d2iz            0x080158c9          Code  Gb  DblToI32.o [4]
__aeabi_d2uiz           0x080158f5          Code  Gb  DblToI32.o [4]
__aeabi_dadd            0x08015ff1          Code  Gb  DblAdd.o [4]
__aeabi_ddiv            0x08015c75          Code  Gb  DblDiv.o [4]
__aeabi_dmul            0x08015ad1          Code  Gb  DblMul.o [4]
__aeabi_dsub            0x08015951          Code  Gb  DblSub.o [4]
__aeabi_errno_addr      0x08015fe5     0x6  Code  Gb  errno.o [3]
__aeabi_f2d             0x08014a25          Code  Gb  FltToDbl.o [4]
__aeabi_i2d             0x08015921          Code  Gb  I32ToDbl.o [4]
__aeabi_ldiv0           0x080164f1          Code  Gb  I64DivZer.o [5]
__aeabi_ui2d            0x08015935          Code  Gb  I32ToDbl.o [4]
__aeabi_uldivmod        0x08015621          Code  Gb  I64DivMod.o [5]
__cmain                 0x080167bd          Code  Gb  cmain.o [5]
__data_Aldata           0x200062f0     0x8  Data  Gb  xxmemxmalloc.o [3]
__data_GetMemChunk      0x080164c5    0x2c  Code  Gb  xgetmemchunk.o [3]
__data_GetMemChunk::start
                        0x200063b8     0x4  Data  Lc  xgetmemchunk.o [3]
__exit                  0x080167ed    0x14  Code  Gb  exit.o [6]
__iar_Dint              0x08015f47    0x7e  Code  Gb  xdint.o [4]
__iar_Dnorm             0x0801570f    0x44  Code  Gb  xdnorm.o [4]
__iar_Dscale            0x080157b5   0x114  Code  Gb  xdscale.o [4]
__iar_Dtest             0x080164f5    0x30  Code  Gb  xdtest.o [4]
__iar_Errno             0x20000084     0x4  Data  Gb  errno.o [3]
__iar_Exp               0x08016189   0x2be  Code  Gb  xexp.o [4]
__iar_Locale_lconv_init
                        0x08015ecd    0x3a  Code  Gb  localeconv.o [3]
__iar_Logpoly           0x080160d9    0x76  Code  Gb  xlog.o [4]
__iar_Mbcurmax          0x080154c9     0xa  Code  Gb  xmbcurmax.o [3]
__iar_Memchr            0x08015471          Code  Gb  memchr.o [5]
__iar_Stdout            0x20000044    0x40  Data  Gb  xfiles.o [3]
__iar_Strchr            0x08015421          Code  Gb  strchr.o [5]
__iar_d2uiz             0x08015901          Code  Gb  DblToI32.o [4]
__iar_dadd              0x08016005          Code  Gb  DblAdd.o [4]
__iar_data_init3        0x0801672d    0x28  Code  Gb  data_init.o [5]
__iar_dlib_perthread_access
                        0x080164f3     0x2  Code  Gb  xtls.o [3]
__iar_dsub              0x08015965          Code  Gb  DblSub.o [4]
__iar_dsubStart         0x08015977          Code  Gb  DblSub.o [4]
__iar_init_vfp          0x08016755          Code  Gb  fpinit_M.o [4]
__iar_packbits_init_single3
                        0x080165e1    0x38  Code  Gb  packbits_init_single.o [5]
__iar_program_start     0x08016b09          Code  Gb  cstartup_M.o [5]
__iar_ui2d              0x08015939          Code  Gb  I32ToDbl.o [4]
__iar_unaligned___aeabi_memcpy
                        0x08012949          Code  Gb  ABImemcpy_unaligned.o [5]
__iar_unaligned___aeabi_memcpy4
                        0x08012969          Code  Gb  ABImemcpy_unaligned.o [5]
__iar_unaligned___aeabi_memcpy8
                        0x08012969          Code  Gb  ABImemcpy_unaligned.o [5]
__iar_vfp_pow           0x08014ef9    0x18  Code  Gb  pow.o [4]
__iar_zero_init3        0x080165a1    0x40  Code  Gb  zero_init3.o [5]
__low_level_init        0x080167d7     0x4  Code  Gb  low_level_init.o [3]
__vector_table          0x08000000          Data  Gb  startup_stm32f469xx.o [1]
_call_main              0x080167c9          Code  Gb  cmain.o [5]
_exit                   0x080167e1          Code  Gb  cexit.o [5]
_main                   0x080167d3          Code  Gb  cmain.o [5]
b                       0x200063c4     0x2  Data  Gb  main.o [1]
c                       0x200063c6     0x2  Data  Gb  main.o [1]
colorTemp               0x200063c8     0x2  Data  Gb  main.o [1]
div                     0x08015f39     0xe  Code  Gb  div.o [3]
exit                    0x080167db     0x4  Code  Gb  exit.o [3]
fputc                   0x0800bde9    0x1a  Code  Gb  main.o [1]
free                    0x080155a1    0x7a  Code  Gb  xxmemxfree.o [3]
g                       0x200063c2     0x2  Data  Gb  main.o [1]
hdma2d                  0x20006030    0x40  Data  Gb  main.o [1]
hdma2d_eval             0x200060b0    0x40  Data  Gb  stm32469i_discovery_lcd.o [1]
hdsi_eval               0x20006264    0x1c  Data  Gb  stm32469i_discovery_lcd.o [1]
hdsivideo_handle        0x20005e7c    0x6c  Data  Lc  stm32469i_discovery_lcd.o [1]
hi2c1                   0x20005f48    0x54  Data  Gb  main.o [1]
hltdc                   0x20005d2c    0xa8  Data  Gb  main.o [1]
hltdc_eval              0x20005dd4    0xa8  Data  Gb  stm32469i_discovery_lcd.o [1]
hqspi                   0x20005fec    0x44  Data  Gb  main.o [1]
hsdram1                 0x2000612c    0x34  Data  Gb  main.o [1]
htcs34725_eval          0x20006310     0x4  Data  Gb  main.o [1]
huart3                  0x20006070    0x40  Data  Gb  main.o [1]
internal_Pow            0x08014a79   0x474  Code  Lc  pow.o [4]
lcdRegData1             0x08016c20     0x4  Data  Gb  otm8009a.o [1]
lcdRegData10            0x08016ab4     0xc  Data  Gb  otm8009a.o [1]
lcdRegData11            0x08016ac0     0xc  Data  Gb  otm8009a.o [1]
lcdRegData12            0x080169c0    0x10  Data  Gb  otm8009a.o [1]
lcdRegData13            0x080169d0    0x10  Data  Gb  otm8009a.o [1]
lcdRegData14            0x08016acc     0xc  Data  Gb  otm8009a.o [1]
lcdRegData15            0x080169e0    0x10  Data  Gb  otm8009a.o [1]
lcdRegData16            0x080169f0    0x10  Data  Gb  otm8009a.o [1]
lcdRegData17            0x08016ad8     0xc  Data  Gb  otm8009a.o [1]
lcdRegData18            0x08016ae4     0xc  Data  Gb  otm8009a.o [1]
lcdRegData19            0x08016af0     0xc  Data  Gb  otm8009a.o [1]
lcdRegData2             0x08016c24     0x4  Data  Gb  otm8009a.o [1]
lcdRegData20            0x08016a00    0x10  Data  Gb  otm8009a.o [1]
lcdRegData21            0x08016a10    0x10  Data  Gb  otm8009a.o [1]
lcdRegData22            0x08016afc     0xc  Data  Gb  otm8009a.o [1]
lcdRegData23            0x08016a20    0x10  Data  Gb  otm8009a.o [1]
lcdRegData24            0x08016a30    0x10  Data  Gb  otm8009a.o [1]
lcdRegData25            0x08016c30     0x4  Data  Gb  otm8009a.o [1]
lcdRegData27            0x08016b94     0x8  Data  Gb  otm8009a.o [1]
lcdRegData28            0x08016b9c     0x8  Data  Gb  otm8009a.o [1]
lcdRegData3             0x08016908    0x14  Data  Gb  otm8009a.o [1]
lcdRegData4             0x0801691c    0x14  Data  Gb  otm8009a.o [1]
lcdRegData5             0x08016c28     0x4  Data  Gb  otm8009a.o [1]
lcdRegData6             0x08016c2c     0x4  Data  Gb  otm8009a.o [1]
lcdRegData7             0x08016b8c     0x8  Data  Gb  otm8009a.o [1]
lcdRegData8             0x080169a0    0x10  Data  Gb  otm8009a.o [1]
lcdRegData9             0x080169b0    0x10  Data  Gb  otm8009a.o [1]
lcd_x_size              0x20000038     0x4  Data  Gb  stm32469i_discovery_lcd.o [1]
lcd_y_size              0x2000003c     0x4  Data  Gb  stm32469i_discovery_lcd.o [1]
lnbias                  0x08014f18   0x420  Data  Lc  pow.o [4]
localeconv              0x08015f07    0x16  Code  Gb  localeconv.o [3]
main                    0x0800b731    0x72  Code  Gb  main.o [1]
malloc                  0x080154d5    0xac  Code  Gb  xxmemxmalloc.o [3]
memchr                  0x08015471          Code  Gb  memchr.o [5]
obuf                    0x20005f9c    0x50  Data  Lc  xfiles.o [3]
powf                    0x080112fd    0x4c  Code  Gb  Adafruit_TCS34725.o [1]
printf                  0x080112d9    0x24  Code  Gb  printf.o [3]
putchar                 0x08016849     0xc  Code  Gb  putchar.o [3]
r                       0x200063c0     0x2  Data  Gb  main.o [1]
sdramHandle             0x20006160    0x34  Data  Lc  stm32469i_discovery_sdram.o [1]
sprintf                 0x08011701    0x34  Code  Gb  sprintf.o [3]
strchr                  0x08015421          Code  Gb  strchr.o [5]
strlen                  0x08015439          Code  Gb  strlen.o [5]
tcs34725_Init           0x0800c351    0x14  Code  Lc  main.o [1]
tcs34725_begin          0x080113f5    0x3e  Code  Gb  Adafruit_TCS34725.o [1]
tcs34725_calculateColorTemperature
                        0x0801152d   0x13e  Code  Gb  Adafruit_TCS34725.o [1]
tcs34725_calculateLux   0x0801166d    0x48  Code  Gb  Adafruit_TCS34725.o [1]
tcs34725_enable         0x080113d1    0x24  Code  Gb  Adafruit_TCS34725.o [1]
tcs34725_getRawData     0x0801147b    0xb2  Code  Gb  Adafruit_TCS34725.o [1]
tcs34725_read16         0x08011397    0x3a  Code  Gb  Adafruit_TCS34725.o [1]
tcs34725_read8          0x0801136d    0x2a  Code  Gb  Adafruit_TCS34725.o [1]
tcs34725_setGain        0x08011457    0x24  Code  Gb  Adafruit_TCS34725.o [1]
tcs34725_setIntegrationTime
                        0x08011433    0x24  Code  Gb  Adafruit_TCS34725.o [1]
tcs34725_write16        0x08011349    0x24  Code  Gb  Adafruit_TCS34725.o [1]
uwTick                  0x200063b0     0x4  Data  Gb  stm32f4xx_hal.o [1]


[1] = E:\Projects\iDOLPHIN_manufacture_IAR\EWARM\iDOLPHIN_manufacture\Obj
[2] = command line
[3] = dl7M_tlf.a
[4] = m7M_tls.a
[5] = rt7M_tl.a
[6] = shb_l.a

  55 188 bytes of readonly  code memory
  38 654 bytes of readonly  data memory
  25 572 bytes of readwrite data memory

Errors: none
Warnings: none
