###############################################################################
#
# IAR ELF Linker V7.80.2.11947/W32 for ARM                12/Dec/2016  19:15:09
# Copyright 2007-2016 IAR Systems AB.
#
#    Output file  =  
#        E:\Projects\iDOLPHIN_manufacture_IAR\EWARM\iDOLPHIN_manufacture\Exe\iDOLPHIN_manufacture.out
#    Map file     =  
#        E:\Projects\iDOLPHIN_manufacture_IAR\EWARM\iDOLPHIN_manufacture\List\iDOLPHIN_manufacture.map
#    Command line =  
#        E:\Projects\iDOLPHIN_manufacture_IAR\EWARM\iDOLPHIN_manufacture\Obj\Adafruit_TCS34725.o
#        E:\Projects\iDOLPHIN_manufacture_IAR\EWARM\iDOLPHIN_manufacture\Obj\Adafruit_TSL2591.o
#        E:\Projects\iDOLPHIN_manufacture_IAR\EWARM\iDOLPHIN_manufacture\Obj\bsp.o
#        E:\Projects\iDOLPHIN_manufacture_IAR\EWARM\iDOLPHIN_manufacture\Obj\bsp_int.o
#        E:\Projects\iDOLPHIN_manufacture_IAR\EWARM\iDOLPHIN_manufacture\Obj\bsp_os.o
#        E:\Projects\iDOLPHIN_manufacture_IAR\EWARM\iDOLPHIN_manufacture\Obj\bsp_periph.o
#        E:\Projects\iDOLPHIN_manufacture_IAR\EWARM\iDOLPHIN_manufacture\Obj\cpu_a.o
#        E:\Projects\iDOLPHIN_manufacture_IAR\EWARM\iDOLPHIN_manufacture\Obj\cpu_bsp.o
#        E:\Projects\iDOLPHIN_manufacture_IAR\EWARM\iDOLPHIN_manufacture\Obj\cpu_c.o
#        E:\Projects\iDOLPHIN_manufacture_IAR\EWARM\iDOLPHIN_manufacture\Obj\cpu_core.o
#        E:\Projects\iDOLPHIN_manufacture_IAR\EWARM\iDOLPHIN_manufacture\Obj\ft6x06.o
#        E:\Projects\iDOLPHIN_manufacture_IAR\EWARM\iDOLPHIN_manufacture\Obj\lib_ascii.o
#        E:\Projects\iDOLPHIN_manufacture_IAR\EWARM\iDOLPHIN_manufacture\Obj\lib_math.o
#        E:\Projects\iDOLPHIN_manufacture_IAR\EWARM\iDOLPHIN_manufacture\Obj\lib_mem.o
#        E:\Projects\iDOLPHIN_manufacture_IAR\EWARM\iDOLPHIN_manufacture\Obj\lib_mem_a.o
#        E:\Projects\iDOLPHIN_manufacture_IAR\EWARM\iDOLPHIN_manufacture\Obj\lib_str.o
#        E:\Projects\iDOLPHIN_manufacture_IAR\EWARM\iDOLPHIN_manufacture\Obj\main.o
#        E:\Projects\iDOLPHIN_manufacture_IAR\EWARM\iDOLPHIN_manufacture\Obj\os_app_hooks.o
#        E:\Projects\iDOLPHIN_manufacture_IAR\EWARM\iDOLPHIN_manufacture\Obj\os_cfg_app.o
#        E:\Projects\iDOLPHIN_manufacture_IAR\EWARM\iDOLPHIN_manufacture\Obj\os_core.o
#        E:\Projects\iDOLPHIN_manufacture_IAR\EWARM\iDOLPHIN_manufacture\Obj\os_cpu_a.o
#        E:\Projects\iDOLPHIN_manufacture_IAR\EWARM\iDOLPHIN_manufacture\Obj\os_cpu_c.o
#        E:\Projects\iDOLPHIN_manufacture_IAR\EWARM\iDOLPHIN_manufacture\Obj\os_dbg.o
#        E:\Projects\iDOLPHIN_manufacture_IAR\EWARM\iDOLPHIN_manufacture\Obj\os_flag.o
#        E:\Projects\iDOLPHIN_manufacture_IAR\EWARM\iDOLPHIN_manufacture\Obj\os_int.o
#        E:\Projects\iDOLPHIN_manufacture_IAR\EWARM\iDOLPHIN_manufacture\Obj\os_mem.o
#        E:\Projects\iDOLPHIN_manufacture_IAR\EWARM\iDOLPHIN_manufacture\Obj\os_mon.o
#        E:\Projects\iDOLPHIN_manufacture_IAR\EWARM\iDOLPHIN_manufacture\Obj\os_msg.o
#        E:\Projects\iDOLPHIN_manufacture_IAR\EWARM\iDOLPHIN_manufacture\Obj\os_mutex.o
#        E:\Projects\iDOLPHIN_manufacture_IAR\EWARM\iDOLPHIN_manufacture\Obj\os_pend_multi.o
#        E:\Projects\iDOLPHIN_manufacture_IAR\EWARM\iDOLPHIN_manufacture\Obj\os_prio.o
#        E:\Projects\iDOLPHIN_manufacture_IAR\EWARM\iDOLPHIN_manufacture\Obj\os_q.o
#        E:\Projects\iDOLPHIN_manufacture_IAR\EWARM\iDOLPHIN_manufacture\Obj\os_sem.o
#        E:\Projects\iDOLPHIN_manufacture_IAR\EWARM\iDOLPHIN_manufacture\Obj\os_stat.o
#        E:\Projects\iDOLPHIN_manufacture_IAR\EWARM\iDOLPHIN_manufacture\Obj\os_task.o
#        E:\Projects\iDOLPHIN_manufacture_IAR\EWARM\iDOLPHIN_manufacture\Obj\os_tick.o
#        E:\Projects\iDOLPHIN_manufacture_IAR\EWARM\iDOLPHIN_manufacture\Obj\os_time.o
#        E:\Projects\iDOLPHIN_manufacture_IAR\EWARM\iDOLPHIN_manufacture\Obj\os_tmr.o
#        E:\Projects\iDOLPHIN_manufacture_IAR\EWARM\iDOLPHIN_manufacture\Obj\os_var.o
#        E:\Projects\iDOLPHIN_manufacture_IAR\EWARM\iDOLPHIN_manufacture\Obj\otm8009a.o
#        E:\Projects\iDOLPHIN_manufacture_IAR\EWARM\iDOLPHIN_manufacture\Obj\startup_stm32f469xx.o
#        E:\Projects\iDOLPHIN_manufacture_IAR\EWARM\iDOLPHIN_manufacture\Obj\stm32469i_discovery.o
#        E:\Projects\iDOLPHIN_manufacture_IAR\EWARM\iDOLPHIN_manufacture\Obj\stm32469i_discovery_lcd.o
#        E:\Projects\iDOLPHIN_manufacture_IAR\EWARM\iDOLPHIN_manufacture\Obj\stm32469i_discovery_qspi.o
#        E:\Projects\iDOLPHIN_manufacture_IAR\EWARM\iDOLPHIN_manufacture\Obj\stm32469i_discovery_sdram.o
#        E:\Projects\iDOLPHIN_manufacture_IAR\EWARM\iDOLPHIN_manufacture\Obj\stm32469i_discovery_ts.o
#        E:\Projects\iDOLPHIN_manufacture_IAR\EWARM\iDOLPHIN_manufacture\Obj\stm32f4xx_hal.o
#        E:\Projects\iDOLPHIN_manufacture_IAR\EWARM\iDOLPHIN_manufacture\Obj\stm32f4xx_hal_cortex.o
#        E:\Projects\iDOLPHIN_manufacture_IAR\EWARM\iDOLPHIN_manufacture\Obj\stm32f4xx_hal_dma.o
#        E:\Projects\iDOLPHIN_manufacture_IAR\EWARM\iDOLPHIN_manufacture\Obj\stm32f4xx_hal_dma2d.o
#        E:\Projects\iDOLPHIN_manufacture_IAR\EWARM\iDOLPHIN_manufacture\Obj\stm32f4xx_hal_dma_ex.o
#        E:\Projects\iDOLPHIN_manufacture_IAR\EWARM\iDOLPHIN_manufacture\Obj\stm32f4xx_hal_dsi.o
#        E:\Projects\iDOLPHIN_manufacture_IAR\EWARM\iDOLPHIN_manufacture\Obj\stm32f4xx_hal_flash.o
#        E:\Projects\iDOLPHIN_manufacture_IAR\EWARM\iDOLPHIN_manufacture\Obj\stm32f4xx_hal_flash_ex.o
#        E:\Projects\iDOLPHIN_manufacture_IAR\EWARM\iDOLPHIN_manufacture\Obj\stm32f4xx_hal_flash_ramfunc.o
#        E:\Projects\iDOLPHIN_manufacture_IAR\EWARM\iDOLPHIN_manufacture\Obj\stm32f4xx_hal_gpio.o
#        E:\Projects\iDOLPHIN_manufacture_IAR\EWARM\iDOLPHIN_manufacture\Obj\stm32f4xx_hal_i2c.o
#        E:\Projects\iDOLPHIN_manufacture_IAR\EWARM\iDOLPHIN_manufacture\Obj\stm32f4xx_hal_i2c_ex.o
#        E:\Projects\iDOLPHIN_manufacture_IAR\EWARM\iDOLPHIN_manufacture\Obj\stm32f4xx_hal_ltdc.o
#        E:\Projects\iDOLPHIN_manufacture_IAR\EWARM\iDOLPHIN_manufacture\Obj\stm32f4xx_hal_ltdc_ex.o
#        E:\Projects\iDOLPHIN_manufacture_IAR\EWARM\iDOLPHIN_manufacture\Obj\stm32f4xx_hal_msp.o
#        E:\Projects\iDOLPHIN_manufacture_IAR\EWARM\iDOLPHIN_manufacture\Obj\stm32f4xx_hal_pwr.o
#        E:\Projects\iDOLPHIN_manufacture_IAR\EWARM\iDOLPHIN_manufacture\Obj\stm32f4xx_hal_pwr_ex.o
#        E:\Projects\iDOLPHIN_manufacture_IAR\EWARM\iDOLPHIN_manufacture\Obj\stm32f4xx_hal_qspi.o
#        E:\Projects\iDOLPHIN_manufacture_IAR\EWARM\iDOLPHIN_manufacture\Obj\stm32f4xx_hal_rcc.o
#        E:\Projects\iDOLPHIN_manufacture_IAR\EWARM\iDOLPHIN_manufacture\Obj\stm32f4xx_hal_rcc_ex.o
#        E:\Projects\iDOLPHIN_manufacture_IAR\EWARM\iDOLPHIN_manufacture\Obj\stm32f4xx_hal_sdram.o
#        E:\Projects\iDOLPHIN_manufacture_IAR\EWARM\iDOLPHIN_manufacture\Obj\stm32f4xx_hal_tim.o
#        E:\Projects\iDOLPHIN_manufacture_IAR\EWARM\iDOLPHIN_manufacture\Obj\stm32f4xx_hal_tim_ex.o
#        E:\Projects\iDOLPHIN_manufacture_IAR\EWARM\iDOLPHIN_manufacture\Obj\stm32f4xx_hal_uart.o
#        E:\Projects\iDOLPHIN_manufacture_IAR\EWARM\iDOLPHIN_manufacture\Obj\stm32f4xx_it.o
#        E:\Projects\iDOLPHIN_manufacture_IAR\EWARM\iDOLPHIN_manufacture\Obj\stm32f4xx_ll_fmc.o
#        E:\Projects\iDOLPHIN_manufacture_IAR\EWARM\iDOLPHIN_manufacture\Obj\system_stm32f4xx.o
#        E:\Projects\iDOLPHIN_manufacture_IAR\EWARM\iDOLPHIN_manufacture\Obj\touchscreen.o
#        E:\Projects\iDOLPHIN_manufacture_IAR\EWARM\iDOLPHIN_manufacture\Obj\ts_calibration.o
#        --redirect _Printf=_PrintfFull --redirect _Scanf=_ScanfFull -o
#        E:\Projects\iDOLPHIN_manufacture_IAR\EWARM\iDOLPHIN_manufacture\Exe\iDOLPHIN_manufacture.out
#        --map
#        E:\Projects\iDOLPHIN_manufacture_IAR\EWARM\iDOLPHIN_manufacture\List\iDOLPHIN_manufacture.map
#        --config
#        E:\Projects\iDOLPHIN_manufacture_IAR\EWARM/stm32f469xx_flash.icf
#        --semihosting --entry __iar_program_start --vfe
#
###############################################################################

*******************************************************************************
*** RUNTIME MODEL ATTRIBUTES
***

CppFlavor                     = *
__Heap_Handler                = Basic
__SystemLibrary               = DLib
__dlib_dynamic_initialization = normal


*******************************************************************************
*** PLACEMENT SUMMARY
***

"A0":  place at 0x08000000 { ro section .intvec };
"P1":  place in [from 0x08000000 to 0x081fffff] { ro };
"P2":  place in [from 0x20000000 to 0x2004ffff] { rw, block CSTACK, block HEAP };
initialize by copy { rw };

  Section             Kind        Address     Size  Object
  -------             ----        -------     ----  ------
"A0":                                        0x1b4
  .intvec             ro code  0x08000000    0x1b4  startup_stm32f469xx.o [1]
                             - 0x080001b4    0x1b4

"P1":                                      0x1986e
  .rodata             const    0x080001b4   0x4bb4  stm32469i_discovery_lcd.o [1]
  .rodata             const    0x08004d68   0x2a50  stm32469i_discovery_lcd.o [1]
  .text               ro code  0x080077b8   0x1ede  stm32f4xx_hal_i2c.o [1]
  .text               ro code  0x08009696      0xa  xsprout.o [3]
  .text               ro code  0x080096a0    0x380  stm32f4xx_hal_msp.o [1]
  .text               ro code  0x08009a20    0x2a4  stm32f4xx_hal_rcc.o [1]
  .text               ro code  0x08009cc4      0xc  stm32f4xx_hal.o [1]
  .text               ro code  0x08009cd0      0x2  stm32f4xx_hal_i2c.o [1]
  .text               ro code  0x08009cd2      0x2  stm32f4xx_hal_i2c.o [1]
  .text               ro code  0x08009cd4      0x2  stm32f4xx_hal_i2c.o [1]
  .text               ro code  0x08009cd6      0x2  stm32f4xx_hal_i2c.o [1]
  .text               ro code  0x08009cd8      0x2  stm32f4xx_hal_i2c.o [1]
  .text               ro code  0x08009cda      0x2  stm32f4xx_hal_i2c.o [1]
  .text               ro code  0x08009cdc      0x2  stm32f4xx_hal_i2c.o [1]
  .text               ro code  0x08009cde      0x2  stm32f4xx_hal_i2c.o [1]
  .text               ro code  0x08009ce0    0x25e  stm32f4xx_hal_dma.o [1]
  .text               ro code  0x08009f3e      0x2  stm32f4xx_hal_i2c.o [1]
  .text               ro code  0x08009f40      0x2  stm32f4xx_hal_i2c.o [1]
  .rodata             const    0x08009f42      0x2  os_cfg_app.o [1]
  .text               ro code  0x08009f44    0x184  stm32f4xx_hal_cortex.o [1]
  .text               ro code  0x0800a0c8    0x3f4  stm32f4xx_hal_gpio.o [1]
  .text               ro code  0x0800a4bc     0x48  bsp.o [1]
  .text               ro code  0x0800a504    0xdb2  main.o [1]
  .rodata             const    0x0800b2b6      0x2  os_dbg.o [1]
  .text               ro code  0x0800b2b8    0x264  os_cpu_c.o [1]
  .text               ro code  0x0800b51c    0x140  os_time.o [1]
  .text               ro code  0x0800b65c    0x372  os_sem.o [1]
  .rodata             const    0x0800b9ce      0x2  os_dbg.o [1]
  .text               ro code  0x0800b9d0     0x40  stm32f4xx_hal.o [1]
  .text               ro code  0x0800ba10      0x8  bsp_int.o [1]
  .text               ro code  0x0800ba18    0xc00  os_core.o [1]
  .text               ro code  0x0800c618     0x9c  os_app_hooks.o [1]
  .text               ro code  0x0800c6b4    0xcd8  os_task.o [1]
  .text               ro code  0x0800d38c    0x854  stm32f4xx_hal_rcc_ex.o [1]
  .text               ro code  0x0800dbe0     0x94  stm32f4xx_hal_pwr_ex.o [1]
  .text               ro code  0x0800dc74    0x3f4  stm32f4xx_hal_dma2d.o [1]
  .text               ro code  0x0800e068    0x40c  stm32f4xx_hal_ltdc.o [1]
  .text               ro code  0x0800e474    0x132  stm32f4xx_hal_qspi.o [1]
  .rodata             const    0x0800e5a6      0x2  os_dbg.o [1]
  .text               ro code  0x0800e5a8    0x4e4  stm32f4xx_hal_uart.o [1]
  .text               ro code  0x0800ea8c     0xaa  stm32f4xx_hal_sdram.o [1]
  .rodata             const    0x0800eb36      0x2  os_dbg.o [1]
  .text               ro code  0x0800eb38    0x3c4  stm32469i_discovery.o [1]
  .text               ro code  0x0800eefc    0x390  stm32469i_discovery_sdram.o [1]
  .text               ro code  0x0800f28c    0xb90  stm32469i_discovery_lcd.o [1]
  .text               ro code  0x0800fe1c    0x1e0  cpu_core.o [1]
  .text               ro code  0x0800fffc    0x5d8  os_stat.o [1]
  .text               ro code  0x080105d4     0x24  printf.o [3]
  .text               ro code  0x080105f8    0x18c  touchscreen.o [1]
  .text               ro code  0x08010784    0x410  ts_calibration.o [1]
  .text               ro code  0x08010b94    0x404  Adafruit_TCS34725.o [1]
  .text               ro code  0x08010f98     0x34  sprintf.o [3]
  .text               ro code  0x08010fcc     0x44  cpu_bsp.o [1]
  .text               ro code  0x08011010    0x4e8  os_tick.o [1]
  CODE                ro code  0x080114f8     0x34  cpu_a.o [1]
  .text               ro code  0x0801152c     0x88  os_prio.o [1]
  .text               ro code  0x080115b4     0x1c  os_mem.o [1]
  .text               ro code  0x080115d0    0x100  os_msg.o [1]
  .text               ro code  0x080116d0    0x22c  os_tmr.o [1]
  .text               ro code  0x080118fc    0x22c  os_dbg.o [1]
  .text               ro code  0x08011b28     0xb8  os_cfg_app.o [1]
  CODE                ro code  0x08011be0    0x108  os_cpu_a.o [1]
  .text               ro code  0x08011ce8     0x10  stm32f4xx_hal.o [1]
  .text               ro code  0x08011cf8    0x51c  os_mutex.o [1]
  .text               ro code  0x08012214     0x76  ABImemcpy_unaligned.o [5]
  .rodata             const    0x0801228a      0x2  os_dbg.o [1]
  .text               ro code  0x0801228c    0x17e  stm32f4xx_ll_fmc.o [1]
  .text               ro code  0x0801240a     0x1a  stm32f4xx_hal.o [1]
  .text               ro code  0x08012424     0xe0  stm32469i_discovery_lcd.o [1]
  .text               ro code  0x08012504    0x6e6  stm32f4xx_hal_dsi.o [1]
  .text               ro code  0x08012bea     0x66  stm32f4xx_hal_ltdc_ex.o [1]
  .text               ro code  0x08012c50    0x48c  otm8009a.o [1]
  .text               ro code  0x080130dc     0x76  lib_mem.o [1]
  .rodata             const    0x08013152      0x2  os_dbg.o [1]
  .text               ro code  0x08013154   0x119a  xprintffull.o [3]
  .rodata             const    0x080142ee      0x2  os_dbg.o [1]
  .text               ro code  0x080142f0      0x6  ABImemclr.o [5]
  .rodata             const    0x080142f6      0x2  os_dbg.o [1]
  .text               ro code  0x080142f8    0x1d4  stm32469i_discovery_ts.o [1]
  .text               ro code  0x080144cc     0x4e  FltToDbl.o [4]
  .rodata             const    0x0801451a      0x2  os_dbg.o [1]
  .text               ro code  0x08014520    0x8c0  pow.o [4]
  .text               ro code  0x08014de0     0x90  DblToFlt.o [4]
  .text               ro code  0x08014e70      0x2  stm32f4xx_hal_dsi.o [1]
  .text               ro code  0x08014e72     0x20  xmbtowc.o [3]
  .rodata             const    0x08014e92      0x2  os_dbg.o [1]
  .text               ro code  0x08014e94     0x16  strchr.o [5]
  .rodata             const    0x08014eaa      0x2  os_dbg.o [1]
  .text               ro code  0x08014eac     0x36  strlen.o [5]
  .rodata             const    0x08014ee2      0x2  os_dbg.o [1]
  .text               ro code  0x08014ee4     0x58  memchr.o [5]
  .text               ro code  0x08014f3c      0xa  xmbcurmax.o [3]
  .rodata             const    0x08014f46      0x2  os_dbg.o [1]
  .text               ro code  0x08014f48     0xb0  xxmemxmalloc.o [3]
  .text               ro code  0x08014ff8     0x1a  xwctomb.o [3]
  .rodata             const    0x08015012      0x2  os_dbg.o [1]
  .text               ro code  0x08015014     0x80  xxmemxfree.o [3]
  .text               ro code  0x08015094     0xee  I64DivMod.o [5]
  .text               ro code  0x08015182     0x44  xdnorm.o [4]
  .rodata             const    0x080151c6      0x2  os_dbg.o [1]
  .text               ro code  0x080151c8     0x2e  DblCmpLe.o [4]
  .rodata             const    0x080151f6      0x2  os_dbg.o [1]
  .text               ro code  0x080151f8     0x2e  DblCmpGe.o [4]
  .rodata             const    0x08015226      0x2  os_dbg.o [1]
  .text               ro code  0x08015228    0x114  xdscale.o [4]
  .text               ro code  0x0801533c     0x58  DblToI32.o [4]
  .text               ro code  0x08015394     0x30  I32ToDbl.o [4]
  .text               ro code  0x080153c4    0x180  DblSub.o [4]
  .text               ro code  0x08015544    0x1a2  DblMul.o [4]
  .rodata             const    0x080156e6      0x2  os_dbg.o [1]
  .text               ro code  0x080156e8    0x256  DblDiv.o [4]
  .rodata             const    0x0801593e      0x2  os_dbg.o [1]
  .text               ro code  0x08015940     0x6c  localeconv.o [3]
  .text               ro code  0x080159ac      0xe  div.o [3]
  .rodata             const    0x080159ba      0x2  os_dbg.o [1]
  .text               ro code  0x080159bc     0x5e  ABImemset.o [5]
  .text               ro code  0x08015a1a     0x7e  xdint.o [4]
  .text               ro code  0x08015a98     0x20  DblCmpEq.o [4]
  .text               ro code  0x08015ab8      0xc  errno.o [3]
  .text               ro code  0x08015ac4     0xe8  DblAdd.o [4]
  .text               ro code  0x08015bac     0xb0  xlog.o [4]
  .text               ro code  0x08015c5c    0x2c6  xexp.o [4]
  .rodata             const    0x08015f22      0x2  os_dbg.o [1]
  .text               ro code  0x08015f24     0x14  setlocale.o [3]
  .text               ro code  0x08015f38     0x60  xencoding_sb.o [3]
  .text               ro code  0x08015f98     0x2c  xgetmemchunk.o [3]
  .text               ro code  0x08015fc4      0x2  I64DivZer.o [5]
  .text               ro code  0x08015fc6      0x2  xtls.o [3]
  .text               ro code  0x08015fc8     0x40  xdtest.o [4]
  .rodata             const    0x08016008   0x1ab8  stm32469i_discovery_lcd.o [1]
  .rodata             const    0x08017ac0    0xed8  stm32469i_discovery_lcd.o [1]
  .rodata             const    0x08018998    0x474  stm32469i_discovery_lcd.o [1]
  .text               ro code  0x08018e0c    0x18c  ft6x06.o [1]
  .text               ro code  0x08018f98     0x6c  system_stm32f4xx.o [1]
  .text               ro code  0x08019004     0x40  zero_init3.o [5]
  .text               ro code  0x08019044     0x38  packbits_init_single.o [5]
  .text               ro code  0x0801907c     0x34  stm32f4xx_it.o [1]
  .rodata             const    0x080190b0     0x30  os_dbg.o [1]
  .rodata             const    0x080190e0     0x30  os_dbg.o [1]
  .rodata             const    0x08019110     0x30  os_dbg.o [1]
  .rodata             const    0x08019140     0x2c  ts_calibration.o [1]
  .rodata             const    0x0801916c     0x28  os_dbg.o [1]
  .rodata             const    0x08019194     0x28  os_dbg.o [1]
  .text               ro code  0x080191bc     0x28  data_init.o [5]
  .rodata             const    0x080191e4     0x24  touchscreen.o [1]
  .rodata             const    0x08019208     0x24  ts_calibration.o [1]
  .rodata             const    0x0801922c     0x24  ts_calibration.o [1]
  .rodata             const    0x08019250     0x24  ts_calibration.o [1]
  .text               ro code  0x08019274     0x22  fpinit_M.o [4]
  .iar.init_table     const    0x08019298     0x20  - Linker created -
  .rodata             const    0x080192b8      0x2  otm8009a.o [1]
  .rodata             const    0x080192bc     0x20  os_dbg.o [1]
  .rodata             const    0x080192dc     0x20  ts_calibration.o [1]
  .rodata             const    0x080192fc     0x1c  ts_calibration.o [1]
  .rodata             const    0x08019318     0x1c  ts_calibration.o [1]
  .text               ro code  0x08019334     0x1a  cmain.o [5]
  .text               ro code  0x0801934e      0x4  low_level_init.o [3]
  .text               ro code  0x08019352      0x4  exit.o [3]
  .rodata             const    0x08019356      0x2  otm8009a.o [1]
  .text               ro code  0x08019358      0xa  cexit.o [5]
  .rodata             const    0x08019362      0x2  otm8009a.o [1]
  .text               ro code  0x08019364     0x14  exit.o [6]
  .rodata             const    0x08019378     0x18  Adafruit_TCS34725.o [1]
  .rodata             const    0x08019390     0x18  os_tmr.o [1]
  .rodata             const    0x080193a8     0x18  ts_calibration.o [1]
  .text               ro code  0x080193c0     0x16  xprout.o [3]
  .rodata             const    0x080193d6      0x2  otm8009a.o [1]
  .text               ro code  0x080193d8      0xc  putchar.o [3]
  .rodata             const    0x080193e4     0x14  main.o [1]
  .rodata             const    0x080193f8     0x14  main.o [1]
  .rodata             const    0x0801940c     0x14  main.o [1]
  .rodata             const    0x08019420     0x14  main.o [1]
  .rodata             const    0x08019434     0x14  os_core.o [1]
  .rodata             const    0x08019448     0x14  os_stat.o [1]
  .rodata             const    0x0801945c     0x14  os_tick.o [1]
  .rodata             const    0x08019470     0x14  otm8009a.o [1]
  .rodata             const    0x08019484     0x14  otm8009a.o [1]
  .rodata             const    0x08019498     0x14  ts_calibration.o [1]
  .rodata             const    0x080194ac     0x10  Adafruit_TCS34725.o [1]
  .rodata             const    0x080194bc     0x10  main.o [1]
  .rodata             const    0x080194cc     0x10  main.o [1]
  .rodata             const    0x080194dc     0x10  main.o [1]
  .rodata             const    0x080194ec     0x10  os_tmr.o [1]
  .rodata             const    0x080194fc     0x10  otm8009a.o [1]
  .rodata             const    0x0801950c     0x10  otm8009a.o [1]
  .rodata             const    0x0801951c     0x10  otm8009a.o [1]
  .rodata             const    0x0801952c     0x10  otm8009a.o [1]
  .rodata             const    0x0801953c     0x10  otm8009a.o [1]
  .rodata             const    0x0801954c     0x10  otm8009a.o [1]
  .rodata             const    0x0801955c     0x10  otm8009a.o [1]
  .rodata             const    0x0801956c     0x10  otm8009a.o [1]
  .rodata             const    0x0801957c     0x10  otm8009a.o [1]
  .rodata             const    0x0801958c     0x10  otm8009a.o [1]
  .rodata             const    0x0801959c     0x10  stm32f4xx_hal_rcc.o [1]
  .text               ro code  0x080195ac     0x10  startup_stm32f469xx.o [1]
  .rodata             const    0x080195bc      0xc  main.o [1]
  .rodata             const    0x080195c8      0xc  main.o [1]
  .rodata             const    0x080195d4      0xc  main.o [1]
  .rodata             const    0x080195e0      0xc  main.o [1]
  .rodata             const    0x080195ec      0xc  main.o [1]
  .rodata             const    0x080195f8      0xc  main.o [1]
  .rodata             const    0x08019604      0xc  os_core.o [1]
  .rodata             const    0x08019610      0xc  otm8009a.o [1]
  .rodata             const    0x0801961c      0xc  otm8009a.o [1]
  .rodata             const    0x08019628      0xc  otm8009a.o [1]
  .rodata             const    0x08019634      0xc  otm8009a.o [1]
  .rodata             const    0x08019640      0xc  otm8009a.o [1]
  .rodata             const    0x0801964c      0xc  otm8009a.o [1]
  .rodata             const    0x08019658      0xc  otm8009a.o [1]
  .text               ro code  0x08019664      0xc  cstartup_M.o [5]
  .rodata             const    0x08019670      0x8  main.o [1]
  .rodata             const    0x08019678      0x8  main.o [1]
  .rodata             const    0x08019680      0x8  main.o [1]
  .rodata             const    0x08019688      0x8  main.o [1]
  .rodata             const    0x08019690      0x8  main.o [1]
  .rodata             const    0x08019698      0x8  main.o [1]
  .rodata             const    0x080196a0      0x8  main.o [1]
  .rodata             const    0x080196a8      0x8  main.o [1]
  .rodata             const    0x080196b0      0x8  main.o [1]
  .rodata             const    0x080196b8      0x8  main.o [1]
  .rodata             const    0x080196c0      0x8  main.o [1]
  .rodata             const    0x080196c8      0x8  main.o [1]
  .rodata             const    0x080196d0      0x8  os_core.o [1]
  .rodata             const    0x080196d8      0x8  os_task.o [1]
  .rodata             const    0x080196e0      0x8  otm8009a.o [1]
  .rodata             const    0x080196e8      0x8  otm8009a.o [1]
  .rodata             const    0x080196f0      0x8  otm8009a.o [1]
  .rodata             const    0x080196f8      0x8  stm32f4xx_hal_dma.o [1]
  .rodata             const    0x08019700      0x8  ts_calibration.o [1]
  .rodata             const    0x08019708      0x4  os_cfg_app.o [1]
  .rodata             const    0x0801970c      0x4  os_cfg_app.o [1]
  .rodata             const    0x08019710      0x4  os_cfg_app.o [1]
  .rodata             const    0x08019714      0x4  os_cfg_app.o [1]
  .rodata             const    0x08019718      0x4  os_cfg_app.o [1]
  .rodata             const    0x0801971c      0x4  os_cfg_app.o [1]
  .rodata             const    0x08019720      0x4  os_cfg_app.o [1]
  .rodata             const    0x08019724      0x4  os_cfg_app.o [1]
  .rodata             const    0x08019728      0x4  os_cfg_app.o [1]
  .rodata             const    0x0801972c      0x4  os_cfg_app.o [1]
  .rodata             const    0x08019730      0x4  os_cfg_app.o [1]
  .rodata             const    0x08019734      0x4  os_cfg_app.o [1]
  .rodata             const    0x08019738      0x4  os_cfg_app.o [1]
  .rodata             const    0x0801973c      0x4  os_cfg_app.o [1]
  .rodata             const    0x08019740      0x4  os_cfg_app.o [1]
  .rodata             const    0x08019744      0x4  os_cfg_app.o [1]
  .rodata             const    0x08019748      0x4  os_cfg_app.o [1]
  .rodata             const    0x0801974c      0x4  os_cfg_app.o [1]
  .rodata             const    0x08019750      0x4  os_cfg_app.o [1]
  .rodata             const    0x08019754      0x4  os_cfg_app.o [1]
  .rodata             const    0x08019758      0x4  os_cfg_app.o [1]
  .rodata             const    0x0801975c      0x4  os_cfg_app.o [1]
  .rodata             const    0x08019760      0x4  os_cfg_app.o [1]
  .rodata             const    0x08019764      0x4  os_cfg_app.o [1]
  .rodata             const    0x08019768      0x4  os_cfg_app.o [1]
  .rodata             const    0x0801976c      0x4  os_cfg_app.o [1]
  .rodata             const    0x08019770      0x4  os_dbg.o [1]
  .rodata             const    0x08019774      0x4  os_dbg.o [1]
  .rodata             const    0x08019778      0x4  os_dbg.o [1]
  .rodata             const    0x0801977c      0x4  otm8009a.o [1]
  .rodata             const    0x08019780      0x4  otm8009a.o [1]
  .rodata             const    0x08019784      0x4  otm8009a.o [1]
  .rodata             const    0x08019788      0x4  otm8009a.o [1]
  .rodata             const    0x0801978c      0x4  otm8009a.o [1]
  .text               ro code  0x08019790      0x4  startup_stm32f469xx.o [1]
  .text               ro code  0x08019794      0x4  startup_stm32f469xx.o [1]
  .text               ro code  0x08019798      0x4  startup_stm32f469xx.o [1]
  .text               ro code  0x0801979c      0x4  startup_stm32f469xx.o [1]
  .text               ro code  0x080197a0      0x4  startup_stm32f469xx.o [1]
  .text               ro code  0x080197a4      0x4  startup_stm32f469xx.o [1]
  .text               ro code  0x080197a8      0x4  startup_stm32f469xx.o [1]
  .text               ro code  0x080197ac      0x4  startup_stm32f469xx.o [1]
  .text               ro code  0x080197b0      0x4  startup_stm32f469xx.o [1]
  .text               ro code  0x080197b4      0x4  startup_stm32f469xx.o [1]
  .text               ro code  0x080197b8      0x4  startup_stm32f469xx.o [1]
  .text               ro code  0x080197bc      0x4  startup_stm32f469xx.o [1]
  .text               ro code  0x080197c0      0x4  startup_stm32f469xx.o [1]
  .text               ro code  0x080197c4      0x4  startup_stm32f469xx.o [1]
  .text               ro code  0x080197c8      0x4  startup_stm32f469xx.o [1]
  .text               ro code  0x080197cc      0x4  startup_stm32f469xx.o [1]
  .text               ro code  0x080197d0      0x4  startup_stm32f469xx.o [1]
  .text               ro code  0x080197d4      0x4  startup_stm32f469xx.o [1]
  .text               ro code  0x080197d8      0x4  startup_stm32f469xx.o [1]
  .text               ro code  0x080197dc      0x4  startup_stm32f469xx.o [1]
  .text               ro code  0x080197e0      0x4  startup_stm32f469xx.o [1]
  .text               ro code  0x080197e4      0x4  startup_stm32f469xx.o [1]
  .text               ro code  0x080197e8      0x4  startup_stm32f469xx.o [1]
  .text               ro code  0x080197ec      0x4  startup_stm32f469xx.o [1]
  .text               ro code  0x080197f0      0x4  startup_stm32f469xx.o [1]
  .text               ro code  0x080197f4      0x4  startup_stm32f469xx.o [1]
  .text               ro code  0x080197f8      0x4  startup_stm32f469xx.o [1]
  .text               ro code  0x080197fc      0x4  startup_stm32f469xx.o [1]
  .text               ro code  0x08019800      0x4  startup_stm32f469xx.o [1]
  .text               ro code  0x08019804      0x4  startup_stm32f469xx.o [1]
  .text               ro code  0x08019808      0x4  startup_stm32f469xx.o [1]
  .text               ro code  0x0801980c      0x4  startup_stm32f469xx.o [1]
  .text               ro code  0x08019810      0x4  startup_stm32f469xx.o [1]
  .text               ro code  0x08019814      0x4  startup_stm32f469xx.o [1]
  .text               ro code  0x08019818      0x4  startup_stm32f469xx.o [1]
  .text               ro code  0x0801981c      0x4  startup_stm32f469xx.o [1]
  .text               ro code  0x08019820      0x4  startup_stm32f469xx.o [1]
  .text               ro code  0x08019824      0x4  startup_stm32f469xx.o [1]
  .text               ro code  0x08019828      0x4  startup_stm32f469xx.o [1]
  .text               ro code  0x0801982c      0x4  startup_stm32f469xx.o [1]
  .text               ro code  0x08019830      0x4  startup_stm32f469xx.o [1]
  .text               ro code  0x08019834      0x4  startup_stm32f469xx.o [1]
  .text               ro code  0x08019838      0x4  startup_stm32f469xx.o [1]
  .text               ro code  0x0801983c      0x4  startup_stm32f469xx.o [1]
  .text               ro code  0x08019840      0x4  startup_stm32f469xx.o [1]
  .text               ro code  0x08019844      0x4  startup_stm32f469xx.o [1]
  .text               ro code  0x08019848      0x4  startup_stm32f469xx.o [1]
  .text               ro code  0x0801984c      0x4  startup_stm32f469xx.o [1]
  .text               ro code  0x08019850      0x4  startup_stm32f469xx.o [1]
  .text               ro code  0x08019854      0x4  startup_stm32f469xx.o [1]
  .text               ro code  0x08019858      0x4  startup_stm32f469xx.o [1]
  .text               ro code  0x0801985c      0x4  startup_stm32f469xx.o [1]
  .text               ro code  0x08019860      0x4  startup_stm32f469xx.o [1]
  .text               ro code  0x08019864      0x4  startup_stm32f469xx.o [1]
  .text               ro code  0x08019868      0x4  startup_stm32f469xx.o [1]
  .text               ro code  0x0801986c      0x4  startup_stm32f469xx.o [1]
  .text               ro code  0x08019870      0x4  startup_stm32f469xx.o [1]
  .text               ro code  0x08019874      0x4  startup_stm32f469xx.o [1]
  .text               ro code  0x08019878      0x4  startup_stm32f469xx.o [1]
  .text               ro code  0x0801987c      0x4  startup_stm32f469xx.o [1]
  .text               ro code  0x08019880      0x4  startup_stm32f469xx.o [1]
  .text               ro code  0x08019884      0x4  startup_stm32f469xx.o [1]
  .text               ro code  0x08019888      0x4  startup_stm32f469xx.o [1]
  .text               ro code  0x0801988c      0x4  startup_stm32f469xx.o [1]
  .text               ro code  0x08019890      0x4  startup_stm32f469xx.o [1]
  .text               ro code  0x08019894      0x4  startup_stm32f469xx.o [1]
  .text               ro code  0x08019898      0x4  startup_stm32f469xx.o [1]
  .text               ro code  0x0801989c      0x4  startup_stm32f469xx.o [1]
  .text               ro code  0x080198a0      0x4  startup_stm32f469xx.o [1]
  .text               ro code  0x080198a4      0x4  startup_stm32f469xx.o [1]
  .text               ro code  0x080198a8      0x4  startup_stm32f469xx.o [1]
  .text               ro code  0x080198ac      0x4  startup_stm32f469xx.o [1]
  .text               ro code  0x080198b0      0x4  startup_stm32f469xx.o [1]
  .text               ro code  0x080198b4      0x4  startup_stm32f469xx.o [1]
  .text               ro code  0x080198b8      0x4  startup_stm32f469xx.o [1]
  .text               ro code  0x080198bc      0x4  startup_stm32f469xx.o [1]
  .text               ro code  0x080198c0      0x4  startup_stm32f469xx.o [1]
  .text               ro code  0x080198c4      0x4  startup_stm32f469xx.o [1]
  .text               ro code  0x080198c8      0x4  startup_stm32f469xx.o [1]
  .text               ro code  0x080198cc      0x4  startup_stm32f469xx.o [1]
  .text               ro code  0x080198d0      0x4  startup_stm32f469xx.o [1]
  .text               ro code  0x080198d4      0x4  startup_stm32f469xx.o [1]
  .text               ro code  0x080198d8      0x4  startup_stm32f469xx.o [1]
  .text               ro code  0x080198dc      0x4  startup_stm32f469xx.o [1]
  .text               ro code  0x080198e0      0x4  startup_stm32f469xx.o [1]
  .text               ro code  0x080198e4      0x4  startup_stm32f469xx.o [1]
  .text               ro code  0x080198e8      0x4  startup_stm32f469xx.o [1]
  .text               ro code  0x080198ec      0x4  startup_stm32f469xx.o [1]
  .text               ro code  0x080198f0      0x4  startup_stm32f469xx.o [1]
  .rodata             const    0x080198f4      0x2  otm8009a.o [1]
  .rodata             const    0x080198f6      0x2  otm8009a.o [1]
  .rodata             const    0x080198f8      0x2  otm8009a.o [1]
  .rodata             const    0x080198fa      0x2  otm8009a.o [1]
  .rodata             const    0x080198fc      0x2  otm8009a.o [1]
  .rodata             const    0x080198fe      0x2  otm8009a.o [1]
  .rodata             const    0x08019900      0x2  otm8009a.o [1]
  .rodata             const    0x08019902      0x2  otm8009a.o [1]
  .rodata             const    0x08019904      0x2  otm8009a.o [1]
  .rodata             const    0x08019906      0x2  otm8009a.o [1]
  .rodata             const    0x08019908      0x2  otm8009a.o [1]
  .rodata             const    0x0801990a      0x2  otm8009a.o [1]
  .rodata             const    0x0801990c      0x2  otm8009a.o [1]
  .rodata             const    0x0801990e      0x2  otm8009a.o [1]
  .rodata             const    0x08019910      0x2  otm8009a.o [1]
  .rodata             const    0x08019912      0x2  otm8009a.o [1]
  .rodata             const    0x08019914      0x2  otm8009a.o [1]
  .rodata             const    0x08019916      0x2  otm8009a.o [1]
  .rodata             const    0x08019918      0x2  otm8009a.o [1]
  .rodata             const    0x0801991a      0x2  otm8009a.o [1]
  .rodata             const    0x0801991c      0x2  otm8009a.o [1]
  .rodata             const    0x0801991e      0x2  otm8009a.o [1]
  .rodata             const    0x08019920      0x2  otm8009a.o [1]
  .rodata             const    0x08019922      0x2  otm8009a.o [1]
  .rodata             const    0x08019924      0x2  otm8009a.o [1]
  .rodata             const    0x08019926      0x2  otm8009a.o [1]
  .rodata             const    0x08019928      0x2  otm8009a.o [1]
  .rodata             const    0x0801992a      0x2  otm8009a.o [1]
  .rodata             const    0x0801992c      0x2  otm8009a.o [1]
  .rodata             const    0x0801992e      0x2  otm8009a.o [1]
  .rodata             const    0x08019930      0x2  otm8009a.o [1]
  .rodata             const    0x08019932      0x2  otm8009a.o [1]
  .rodata             const    0x08019934      0x2  otm8009a.o [1]
  .rodata             const    0x08019936      0x2  otm8009a.o [1]
  .rodata             const    0x08019938      0x2  otm8009a.o [1]
  .rodata             const    0x0801993a      0x2  otm8009a.o [1]
  .rodata             const    0x0801993c      0x2  otm8009a.o [1]
  .rodata             const    0x0801993e      0x2  otm8009a.o [1]
  .rodata             const    0x08019940      0x2  otm8009a.o [1]
  .rodata             const    0x08019942      0x2  otm8009a.o [1]
  .rodata             const    0x08019944      0x2  otm8009a.o [1]
  .rodata             const    0x08019946      0x2  otm8009a.o [1]
  .rodata             const    0x08019948      0x2  otm8009a.o [1]
  .rodata             const    0x0801994a      0x2  otm8009a.o [1]
  .rodata             const    0x0801994c      0x2  otm8009a.o [1]
  .rodata             const    0x0801994e      0x1  os_cfg_app.o [1]
  .rodata             const    0x0801994f      0x1  os_cfg_app.o [1]
  .rodata             const    0x08019950      0x1  os_cfg_app.o [1]
  .rodata             const    0x08019951      0x1  os_dbg.o [1]
  .rodata             const    0x08019952      0x1  os_dbg.o [1]
  .rodata             const    0x08019953      0x1  os_dbg.o [1]
  .rodata             const    0x08019954      0x1  os_dbg.o [1]
  .rodata             const    0x08019955      0x1  os_dbg.o [1]
  .rodata             const    0x08019956      0x1  os_dbg.o [1]
  .rodata             const    0x08019957      0x1  os_dbg.o [1]
  .rodata             const    0x08019958      0x1  os_dbg.o [1]
  .rodata             const    0x08019959      0x1  os_dbg.o [1]
  .rodata             const    0x0801995a      0x1  os_dbg.o [1]
  .rodata             const    0x0801995b      0x1  os_dbg.o [1]
  .rodata             const    0x0801995c      0x1  os_dbg.o [1]
  .rodata             const    0x0801995d      0x1  os_dbg.o [1]
  .rodata             const    0x0801995e      0x1  os_dbg.o [1]
  .rodata             const    0x0801995f      0x1  os_dbg.o [1]
  .rodata             const    0x08019960      0x1  os_dbg.o [1]
  .rodata             const    0x08019961      0x1  os_dbg.o [1]
  .rodata             const    0x08019962      0x1  os_dbg.o [1]
  .rodata             const    0x08019963      0x1  os_dbg.o [1]
  .rodata             const    0x08019964      0x1  os_dbg.o [1]
  .rodata             const    0x08019965      0x1  os_dbg.o [1]
  .rodata             const    0x08019966      0x1  os_dbg.o [1]
  .rodata             const    0x08019967      0x1  os_dbg.o [1]
  .rodata             const    0x08019968      0x1  os_dbg.o [1]
  .rodata             const    0x08019969      0x1  os_dbg.o [1]
  .rodata             const    0x0801996a      0x1  os_dbg.o [1]
  .rodata             const    0x0801996b      0x1  os_dbg.o [1]
  .rodata             const    0x0801996c      0x1  os_dbg.o [1]
  .rodata             const    0x0801996d      0x1  os_dbg.o [1]
  .rodata             const    0x0801996e      0x1  os_dbg.o [1]
  .rodata             const    0x0801996f      0x1  os_dbg.o [1]
  .rodata             const    0x08019970      0x1  os_dbg.o [1]
  .rodata             const    0x08019971      0x1  os_dbg.o [1]
  .rodata             const    0x08019972      0x1  os_dbg.o [1]
  .rodata             const    0x08019973      0x1  os_dbg.o [1]
  .rodata             const    0x08019974      0x1  os_dbg.o [1]
  .rodata             const    0x08019975      0x1  os_dbg.o [1]
  .rodata             const    0x08019976      0x1  os_dbg.o [1]
  .rodata             const    0x08019977      0x1  os_dbg.o [1]
  .rodata             const    0x08019978      0x0  zero_init3.o [5]
  .rodata             const    0x08019978      0x0  packbits_init_single.o [5]
  Initializer bytes   const    0x08019978     0xaa  <for P2-1>
                             - 0x08019a22  0x1986e

"P2", part 1 of 3:                           0x1bd
  P2-1                         0x20000000    0x1bd  <Init block>
    .data             inited   0x20000000     0x28  ft6x06.o [1]
    .data             inited   0x20000028     0x10  stm32469i_discovery.o [1]
    .data             inited   0x20000038     0x10  stm32469i_discovery.o [1]
    .data             inited   0x20000048      0x8  stm32469i_discovery_lcd.o [1]
    .data             inited   0x20000050      0x8  stm32469i_discovery_lcd.o [1]
    .data             inited   0x20000058      0x8  stm32469i_discovery_lcd.o [1]
    .data             inited   0x20000060      0x8  stm32469i_discovery_lcd.o [1]
    .data             inited   0x20000068      0x8  stm32469i_discovery_lcd.o [1]
    .data             inited   0x20000070      0x4  stm32469i_discovery_lcd.o [1]
    .data             inited   0x20000074      0x4  stm32469i_discovery_lcd.o [1]
    .data             inited   0x20000078      0x4  system_stm32f4xx.o [1]
    .data             inited   0x2000007c     0x40  xfiles.o [3]
    __DLIB_PERTHREAD  inited   0x200000bc      0x4  errno.o [3]
    __DLIB_PERTHREAD  inited   0x200000c0     0x88  localeconv.o [3]
    __DLIB_PERTHREAD  inited   0x20000148     0x74  setlocale.o [3]
    .data             inited   0x200001bc      0x1  stm32469i_discovery_sdram.o [1]
                             - 0x200001bd    0x1bd

"P2", part 2 of 3:                          0x3400
  CSTACK                       0x200001c0   0x2400  <Block>
    CSTACK            uninit   0x200001c0   0x2400  <Block tail>
  HEAP                         0x200025c0   0x1000  <Block>
    HEAP              uninit   0x200025c0   0x1000  <Block tail>
                             - 0x200035c0   0x3400

"P2", part 3 of 3:                          0x2f1c
  .bss                zero     0x200035c0    0x640  os_cfg_app.o [1]
  .bss                zero     0x20003c00    0x200  main.o [1]
  .bss                zero     0x20003e00    0x200  main.o [1]
  .bss                zero     0x20004000    0x200  main.o [1]
  .bss                zero     0x20004200    0x200  main.o [1]
  .bss                zero     0x20004400    0x200  main.o [1]
  .bss                zero     0x20004600    0x200  main.o [1]
  .bss                zero     0x20004800    0x200  main.o [1]
  .bss                zero     0x20004a00    0x200  os_cfg_app.o [1]
  .bss                zero     0x20004c00    0x200  os_cfg_app.o [1]
  .bss                zero     0x20004e00    0x200  os_cfg_app.o [1]
  .bss                zero     0x20005000    0x190  os_cfg_app.o [1]
  .bss                zero     0x20005190    0x190  os_cfg_app.o [1]
  .bss                zero     0x20005320    0x180  os_var.o [1]
  .bss                zero     0x200054a0     0xcc  main.o [1]
  .bss                zero     0x2000556c     0xcc  main.o [1]
  .bss                zero     0x20005638     0xcc  main.o [1]
  .bss                zero     0x20005704     0xcc  main.o [1]
  .bss                zero     0x200057d0     0xcc  main.o [1]
  .bss                zero     0x2000589c     0xcc  main.o [1]
  .bss                zero     0x20005968     0xcc  main.o [1]
  .bss                zero     0x20005a34     0xcc  os_var.o [1]
  .bss                zero     0x20005b00     0xcc  os_var.o [1]
  .bss                zero     0x20005bcc     0xcc  os_var.o [1]
  .bss                zero     0x20005c98     0xcc  os_var.o [1]
  .bss                zero     0x20005d64     0xa8  main.o [1]
  .bss                zero     0x20005e0c     0xa8  stm32469i_discovery_lcd.o [1]
  .bss                zero     0x20005eb4     0x6c  stm32469i_discovery_lcd.o [1]
  .bss                zero     0x20005f20     0x60  stm32469i_discovery_sdram.o [1]
  .bss                zero     0x20005f80     0x54  main.o [1]
  .bss                zero     0x20005fd4     0x54  stm32469i_discovery.o [1]
  .bss                zero     0x20006028     0x50  xfiles.o [3]
  .bss                zero     0x20006078     0x44  main.o [1]
  .bss                zero     0x200060bc     0x40  main.o [1]
  .bss                zero     0x200060fc     0x40  main.o [1]
  .bss                zero     0x2000613c     0x40  stm32469i_discovery_lcd.o [1]
  .bss                zero     0x2000617c     0x3c  stm32469i_discovery_lcd.o [1]
  .bss                zero     0x200061b8     0x34  main.o [1]
  .bss                zero     0x200061ec     0x34  stm32469i_discovery_sdram.o [1]
  .bss                zero     0x20006220     0x30  os_var.o [1]
  .bss                zero     0x20006250     0x28  main.o [1]
  .bss                zero     0x20006278     0x28  main.o [1]
  .bss                zero     0x200062a0     0x28  main.o [1]
  .bss                zero     0x200062c8     0x28  main.o [1]
  .bss                zero     0x200062f0     0x28  main.o [1]
  .bss                zero     0x20006318     0x1c  stm32469i_discovery_lcd.o [1]
  .bss                zero     0x20006334     0x1c  stm32469i_discovery_sdram.o [1]
  .bss                zero     0x20006350     0x18  stm32469i_discovery_lcd.o [1]
  .bss                zero     0x20006368     0x10  cpu_core.o [1]
  .bss                zero     0x20006378     0x10  stm32469i_discovery_sdram.o [1]
  .bss                zero     0x20006388      0xc  os_var.o [1]
  .bss                zero     0x20006394      0xc  touchscreen.o [1]
  .bss                zero     0x200063a0      0x8  os_var.o [1]
  .bss                zero     0x200063a8      0x8  os_var.o [1]
  .bss                zero     0x200063b0      0x8  stm32469i_discovery_ts.o [1]
  .bss                zero     0x200063b8      0x8  stm32469i_discovery_ts.o [1]
  .bss                zero     0x200063c0      0x8  xxmemxmalloc.o [3]
  .bss                zero     0x200063c8      0x4  cpu_core.o [1]
  .bss                zero     0x200063cc      0x4  cpu_core.o [1]
  .bss                zero     0x200063d0      0x4  cpu_core.o [1]
  .bss                zero     0x200063d4      0x4  cpu_core.o [1]
  .bss                zero     0x200063d8      0x4  cpu_core.o [1]
  .bss                zero     0x200063dc      0x4  cpu_core.o [1]
  .bss                zero     0x200063e0      0x4  ft6x06.o [1]
  .bss                zero     0x200063e4      0x4  main.o [1]
  .bss                zero     0x200063e8      0x4  main.o [1]
  .bss                zero     0x200063ec      0x4  main.o [1]
  .bss                zero     0x200063f0      0x4  os_cpu_c.o [1]
  .bss                zero     0x200063f4      0x4  os_prio.o [1]
  .bss                zero     0x200063f8      0x4  os_var.o [1]
  .bss                zero     0x200063fc      0x4  os_var.o [1]
  .bss                zero     0x20006400      0x4  os_var.o [1]
  .bss                zero     0x20006404      0x4  os_var.o [1]
  .bss                zero     0x20006408      0x4  os_var.o [1]
  .bss                zero     0x2000640c      0x4  os_var.o [1]
  .bss                zero     0x20006410      0x4  os_var.o [1]
  .bss                zero     0x20006414      0x4  os_var.o [1]
  .bss                zero     0x20006418      0x4  os_var.o [1]
  .bss                zero     0x2000641c      0x4  os_var.o [1]
  .bss                zero     0x20006420      0x4  os_var.o [1]
  .bss                zero     0x20006424      0x4  os_var.o [1]
  .bss                zero     0x20006428      0x4  os_var.o [1]
  .bss                zero     0x2000642c      0x4  os_var.o [1]
  .bss                zero     0x20006430      0x4  os_var.o [1]
  .bss                zero     0x20006434      0x4  os_var.o [1]
  .bss                zero     0x20006438      0x4  os_var.o [1]
  .bss                zero     0x2000643c      0x4  os_var.o [1]
  .bss                zero     0x20006440      0x4  os_var.o [1]
  .bss                zero     0x20006444      0x4  os_var.o [1]
  .bss                zero     0x20006448      0x4  os_var.o [1]
  .bss                zero     0x2000644c      0x4  os_var.o [1]
  .bss                zero     0x20006450      0x4  os_var.o [1]
  .bss                zero     0x20006454      0x4  os_var.o [1]
  .bss                zero     0x20006458      0x4  os_var.o [1]
  .bss                zero     0x2000645c      0x4  os_var.o [1]
  .bss                zero     0x20006460      0x4  os_var.o [1]
  .bss                zero     0x20006464      0x4  os_var.o [1]
  .bss                zero     0x20006468      0x4  os_var.o [1]
  .bss                zero     0x2000646c      0x4  os_var.o [1]
  .bss                zero     0x20006470      0x4  os_var.o [1]
  .bss                zero     0x20006474      0x4  os_var.o [1]
  .bss                zero     0x20006478      0x4  os_var.o [1]
  .bss                zero     0x2000647c      0x4  os_var.o [1]
  .bss                zero     0x20006480      0x4  stm32469i_discovery_lcd.o [1]
  .bss                zero     0x20006484      0x4  stm32469i_discovery_ts.o [1]
  .bss                zero     0x20006488      0x4  stm32f4xx_hal.o [1]
  .bss                zero     0x2000648c      0x4  stm32f4xx_hal_msp.o [1]
  .bss                zero     0x20006490      0x4  ts_calibration.o [1]
  .bss                zero     0x20006494      0x4  ts_calibration.o [1]
  .bss                zero     0x20006498      0x4  ts_calibration.o [1]
  .bss                zero     0x2000649c      0x4  ts_calibration.o [1]
  .bss                zero     0x200064a0      0x4  xgetmemchunk.o [3]
  .bss                zero     0x200064a4      0x2  cpu_core.o [1]
  .bss                zero     0x200064a6      0x2  cpu_core.o [1]
  .bss                zero     0x200064a8      0x2  ft6x06.o [1]
  .bss                zero     0x200064aa      0x2  main.o [1]
  .bss                zero     0x200064ac      0x2  main.o [1]
  .bss                zero     0x200064ae      0x2  main.o [1]
  .bss                zero     0x200064b0      0x2  main.o [1]
  .bss                zero     0x200064b2      0x2  main.o [1]
  .bss                zero     0x200064b4      0x2  os_var.o [1]
  .bss                zero     0x200064b6      0x2  os_var.o [1]
  .bss                zero     0x200064b8      0x2  os_var.o [1]
  .bss                zero     0x200064ba      0x2  os_var.o [1]
  .bss                zero     0x200064bc      0x2  os_var.o [1]
  .bss                zero     0x200064be      0x2  os_var.o [1]
  .bss                zero     0x200064c0      0x2  os_var.o [1]
  .bss                zero     0x200064c2      0x2  os_var.o [1]
  .bss                zero     0x200064c4      0x2  os_var.o [1]
  .bss                zero     0x200064c6      0x2  ts_calibration.o [1]
  .bss                zero     0x200064c8      0x2  ts_calibration.o [1]
  .bss                zero     0x200064ca      0x2  ts_calibration.o [1]
  .bss                zero     0x200064cc      0x2  ts_calibration.o [1]
  .bss                zero     0x200064ce      0x1  main.o [1]
  .bss                zero     0x200064cf      0x1  os_var.o [1]
  .bss                zero     0x200064d0      0x1  os_var.o [1]
  .bss                zero     0x200064d1      0x1  os_var.o [1]
  .bss                zero     0x200064d2      0x1  os_var.o [1]
  .bss                zero     0x200064d3      0x1  os_var.o [1]
  .bss                zero     0x200064d4      0x1  os_var.o [1]
  .bss                zero     0x200064d5      0x1  os_var.o [1]
  .bss                zero     0x200064d6      0x1  os_var.o [1]
  .bss                zero     0x200064d7      0x1  os_var.o [1]
  .bss                zero     0x200064d8      0x1  os_var.o [1]
  .bss                zero     0x200064d9      0x1  stm32469i_discovery_ts.o [1]
  .bss                zero     0x200064da      0x1  stm32469i_discovery_ts.o [1]
  .bss                zero     0x200064db      0x1  ts_calibration.o [1]
                             - 0x200064dc   0x2f1c


*******************************************************************************
*** INIT TABLE
***

          Address     Size
          -------     ----
Zero (__iar_zero_init3)
    1 destination range, total size 0x2f1c:
          0x200035c0  0x2f1c

Copy/packbits (__iar_packbits_init_single3)
    1 source range, total size 0xaa (38% of destination):
          0x08019978    0xaa
    1 destination range, total size 0x1bd:
          0x20000000   0x1bd



*******************************************************************************
*** MODULE SUMMARY
***

    Module                       ro code  ro data  rw data
    ------                       -------  -------  -------
E:\Projects\iDOLPHIN_manufacture_IAR\EWARM\iDOLPHIN_manufacture\Obj: [1]
    Adafruit_TCS34725.o            1 028       40
    bsp.o                             72
    bsp_int.o                          8
    cpu_a.o                           52
    cpu_bsp.o                         68
    cpu_core.o                       480                44
    ft6x06.o                         396       15       46
    lib_mem.o                        118
    main.o                         3 506      296    5 735
    os_app_hooks.o                   156
    os_cfg_app.o                     184      109    3 936
    os_core.o                      3 072       40
    os_cpu_a.o                       264
    os_cpu_c.o                       612                 4
    os_dbg.o                         556      349
    os_mem.o                          28
    os_msg.o                         256
    os_mutex.o                     1 308
    os_prio.o                        136                 4
    os_sem.o                         882
    os_stat.o                      1 496       20
    os_task.o                      3 288        8
    os_tick.o                      1 256       20
    os_time.o                        320
    os_tmr.o                         556       40
    os_var.o                                         1 440
    otm8009a.o                     1 164      426
    startup_stm32f469xx.o            808
    stm32469i_discovery.o            964       12      116
    stm32469i_discovery_lcd.o      3 184   42 010      504
    stm32469i_discovery_sdram.o      912        1      193
    stm32469i_discovery_ts.o         468                22
    stm32f4xx_hal.o                  118                 4
    stm32f4xx_hal_cortex.o           388
    stm32f4xx_hal_dma.o              606        8
    stm32f4xx_hal_dma2d.o          1 012
    stm32f4xx_hal_dsi.o            1 768
    stm32f4xx_hal_gpio.o           1 012
    stm32f4xx_hal_i2c.o            7 922
    stm32f4xx_hal_ltdc.o           1 036
    stm32f4xx_hal_ltdc_ex.o          102
    stm32f4xx_hal_msp.o              896                 4
    stm32f4xx_hal_pwr_ex.o           148
    stm32f4xx_hal_qspi.o             306
    stm32f4xx_hal_rcc.o              676       16
    stm32f4xx_hal_rcc_ex.o         2 132
    stm32f4xx_hal_sdram.o            170
    stm32f4xx_hal_uart.o           1 252
    stm32f4xx_it.o                    52
    stm32f4xx_ll_fmc.o               382
    system_stm32f4xx.o               108        2        4
    touchscreen.o                    396       36       12
    ts_calibration.o               1 040      292       25
    ------------------------------------------------------
    Total:                        49 120   43 740   12 093

command line: [2]
    ------------------------------------------------------
    Total:

dl7M_tlf.a: [3]
    div.o                             14
    errno.o                           12        2        4
    exit.o                             4
    localeconv.o                     108       52      136
    low_level_init.o                   4
    printf.o                          36
    putchar.o                         12
    setlocale.o                       20       44      116
    sprintf.o                         52
    xencoding_sb.o                    96
    xfiles.o                                   24      144
    xgetmemchunk.o                    44                 4
    xmbcurmax.o                       10
    xmbtowc.o                         32
    xprintffull.o                  4 506
    xprout.o                          22
    xsprout.o                         10
    xtls.o                             2
    xwctomb.o                         26
    xxmemxfree.o                     128
    xxmemxmalloc.o                   176                 8
    ------------------------------------------------------
    Total:                         5 314      122      412

m7M_tls.a: [4]
    DblAdd.o                         232
    DblCmpEq.o                        32
    DblCmpGe.o                        46
    DblCmpLe.o                        46
    DblDiv.o                         598
    DblMul.o                         418
    DblSub.o                         384
    DblToFlt.o                       144
    DblToI32.o                        88
    FltToDbl.o                        78
    I32ToDbl.o                        48
    fpinit_M.o                        34
    pow.o                          2 240
    xdint.o                          126
    xdnorm.o                          68
    xdscale.o                        276
    xdtest.o                          64
    xexp.o                           710
    xlog.o                           176
    ------------------------------------------------------
    Total:                         5 808

rt7M_tl.a: [5]
    ABImemclr.o                        6
    ABImemcpy_unaligned.o            118
    ABImemset.o                       94
    I64DivMod.o                      238
    I64DivZer.o                        2
    cexit.o                           10
    cmain.o                           26
    cstartup_M.o                      12
    data_init.o                       40
    memchr.o                          88
    packbits_init_single.o            56
    strchr.o                          22
    strlen.o                          54
    zero_init3.o                      64
    ------------------------------------------------------
    Total:                           830

shb_l.a: [6]
    exit.o                            20
    ------------------------------------------------------
    Total:                            20

    Gaps                               4        4
    Linker created                             32   13 312
----------------------------------------------------------
    Grand Total:                  61 096   43 898   25 817


*******************************************************************************
*** ENTRY LIST
***

Entry                      Address    Size  Type      Object
-----                      -------    ----  ----      ------
.iar.init_table$$Base   0x08019298           --   Gb  - Linker created -
.iar.init_table$$Limit  0x080192b8           --   Gb  - Linker created -
?main                   0x08019335          Code  Gb  cmain.o [5]
A1                      0x200064c6     0x2  Data  Lc  ts_calibration.o [1]
A2                      0x200064c8     0x2  Data  Lc  ts_calibration.o [1]
APBAHBPrescTable        0x0801959c    0x10  Data  Gb  stm32f4xx_hal_rcc.o [1]
ActiveLayer             0x20006480     0x4  Data  Lc  stm32469i_discovery_lcd.o [1]
AppSemCreate            0x0800ace9    0x60  Code  Lc  main.o [1]
AppTaskCreate           0x0800b019   0x138  Code  Lc  main.o [1]
AppTaskStart            0x0800ac69    0x80  Code  Lc  main.o [1]
AppTaskStart_Stk        0x20003c00   0x200  Data  Lc  main.o [1]
AppTaskStart_TCB        0x200054a0    0xcc  Data  Lc  main.o [1]
App_OS_IdleTaskHook     0x0800c6a1     0x2  Code  Gb  os_app_hooks.o [1]
App_OS_SetAllHooks      0x0800c619    0x52  Code  Gb  os_app_hooks.o [1]
App_OS_StatTaskHook     0x0800c6a5     0x2  Code  Gb  os_app_hooks.o [1]
App_OS_TaskCreateHook   0x0800c689     0x8  Code  Gb  os_app_hooks.o [1]
App_OS_TaskDelHook      0x0800c691     0x8  Code  Gb  os_app_hooks.o [1]
App_OS_TaskReturnHook   0x0800c699     0x8  Code  Gb  os_app_hooks.o [1]
App_OS_TaskSwHook       0x0800c6a9     0x2  Code  Gb  os_app_hooks.o [1]
App_OS_TimeTickHook     0x0800c6ad     0x8  Code  Gb  os_app_hooks.o [1]
App_Process1Stk         0x20003e00   0x200  Data  Lc  main.o [1]
App_Process2Stk         0x20004000   0x200  Data  Lc  main.o [1]
App_Process3Stk         0x20004200   0x200  Data  Lc  main.o [1]
App_Process4Stk         0x20004400   0x200  Data  Lc  main.o [1]
App_Process5Stk         0x20004600   0x200  Data  Lc  main.o [1]
App_Process6Stk         0x20004800   0x200  Data  Lc  main.o [1]
B1                      0x200064ca     0x2  Data  Lc  ts_calibration.o [1]
B2                      0x200064cc     0x2  Data  Lc  ts_calibration.o [1]
BSP_CPU_ClkFreq         0x0800a4bd     0xc  Code  Gb  bsp.o [1]
BSP_IntDisAll           0x0800ba11     0x8  Code  Gb  bsp_int.o [1]
BSP_LCD_Clear           0x0800f6c7    0x38  Code  Gb  stm32469i_discovery_lcd.o [1]
BSP_LCD_DisplayChar     0x0800f6ff    0x68  Code  Gb  stm32469i_discovery_lcd.o [1]
BSP_LCD_DisplayOn       0x0800fbf9    0x1a  Code  Gb  stm32469i_discovery_lcd.o [1]
BSP_LCD_DisplayStringAt
                        0x0800f767   0x140  Code  Gb  stm32469i_discovery_lcd.o [1]
BSP_LCD_DisplayStringAtLine
                        0x0800f8a7    0x1e  Code  Gb  stm32469i_discovery_lcd.o [1]
BSP_LCD_DrawCircle      0x0800f923   0x148  Code  Gb  stm32469i_discovery_lcd.o [1]
BSP_LCD_DrawHLine       0x0800f8c5    0x5e  Code  Gb  stm32469i_discovery_lcd.o [1]
BSP_LCD_DrawPixel       0x0800fc49    0x2e  Code  Gb  stm32469i_discovery_lcd.o [1]
BSP_LCD_FillCircle      0x0800fb09    0xe2  Code  Gb  stm32469i_discovery_lcd.o [1]
BSP_LCD_FillRect        0x0800fa91    0x74  Code  Gb  stm32469i_discovery_lcd.o [1]
BSP_LCD_GetFont         0x0800f6b3    0x14  Code  Gb  stm32469i_discovery_lcd.o [1]
BSP_LCD_GetXSize        0x0800f5c3     0x8  Code  Gb  stm32469i_discovery_lcd.o [1]
BSP_LCD_GetYSize        0x0800f5cb     0x8  Code  Gb  stm32469i_discovery_lcd.o [1]
BSP_LCD_Init            0x0800f28d     0xa  Code  Gb  stm32469i_discovery_lcd.o [1]
BSP_LCD_InitEx          0x0800f297   0x2c4  Code  Gb  stm32469i_discovery_lcd.o [1]
BSP_LCD_InitEx::PeriphClkInitStruct
                        0x2000617c    0x3c  Data  Lc  stm32469i_discovery_lcd.o [1]
BSP_LCD_LayerDefaultInit
                        0x0800f5d3    0x9e  Code  Gb  stm32469i_discovery_lcd.o [1]
BSP_LCD_MspInit         0x08012425    0xe0  Code  Wk  stm32469i_discovery_lcd.o [1]
BSP_LCD_Reset           0x0800f55b    0x68  Code  Gb  stm32469i_discovery_lcd.o [1]
BSP_LCD_SelectLayer     0x0800f671     0x8  Code  Gb  stm32469i_discovery_lcd.o [1]
BSP_LCD_SetBackColor    0x0800f68b    0x14  Code  Gb  stm32469i_discovery_lcd.o [1]
BSP_LCD_SetFont         0x0800f69f    0x14  Code  Gb  stm32469i_discovery_lcd.o [1]
BSP_LCD_SetTextColor    0x0800f679    0x12  Code  Gb  stm32469i_discovery_lcd.o [1]
BSP_LED_Init            0x0800eb39    0xf6  Code  Gb  stm32469i_discovery.o [1]
BSP_LED_Off             0x0800ec2f    0x28  Code  Gb  stm32469i_discovery.o [1]
BSP_LED_Toggle          0x0800ec57    0x26  Code  Gb  stm32469i_discovery.o [1]
BSP_SDRAM_Init          0x0800eefd    0xa4  Code  Gb  stm32469i_discovery_sdram.o [1]
BSP_SDRAM_Init::sdramstatus
                        0x200001bc     0x1  Data  Lc  stm32469i_discovery_sdram.o [1]
BSP_SDRAM_Initialization_sequence
                        0x0800efa1    0xb0  Code  Gb  stm32469i_discovery_sdram.o [1]
BSP_SDRAM_MspInit       0x0800f065   0x228  Code  Wk  stm32469i_discovery_sdram.o [1]
BSP_SDRAM_MspInit::dma_handle
                        0x20005f20    0x60  Data  Lc  stm32469i_discovery_sdram.o [1]
BSP_TS_GetState         0x0801436d   0x148  Code  Gb  stm32469i_discovery_ts.o [1]
BSP_TS_GetState::_x     0x200063b0     0x8  Data  Lc  stm32469i_discovery_ts.o [1]
BSP_TS_GetState::_y     0x200063b8     0x8  Data  Lc  stm32469i_discovery_ts.o [1]
BSP_TS_Init             0x080142f9    0x74  Code  Gb  stm32469i_discovery_ts.o [1]
BSP_Tick_Init           0x0800a4e3    0x1a  Code  Gb  bsp.o [1]
BusFault_Handler        0x08019083     0x2  Code  Gb  stm32f4xx_it.o [1]
CPU_CntLeadZeros        0x08011517          Code  Gb  cpu_a.o [1]
CPU_CntTrailZeros       0x0801151d          Code  Gb  cpu_a.o [1]
CPU_Init                0x0800fe1d    0x10  Code  Gb  cpu_core.o [1]
CPU_IntDis              0x080114f9          Code  Gb  cpu_a.o [1]
CPU_IntDisMeasCtr       0x200064a4     0x2  Data  Gb  cpu_core.o [1]
CPU_IntDisMeasInit      0x0800ff43    0x78  Code  Lc  cpu_core.o [1]
CPU_IntDisMeasMaxCalc   0x0800ffbb    0x1a  Code  Lc  cpu_core.o [1]
CPU_IntDisMeasMaxCurGet
                        0x0800fe7b    0x24  Code  Gb  cpu_core.o [1]
CPU_IntDisMeasMaxCurReset
                        0x0800fe59    0x22  Code  Gb  cpu_core.o [1]
CPU_IntDisMeasMaxCur_cnts
                        0x200063d8     0x4  Data  Gb  cpu_core.o [1]
CPU_IntDisMeasMaxGet    0x0800fe9f    0x24  Code  Gb  cpu_core.o [1]
CPU_IntDisMeasMax_cnts  0x200063dc     0x4  Data  Gb  cpu_core.o [1]
CPU_IntDisMeasOvrhd_cnts
                        0x200063d4     0x4  Data  Gb  cpu_core.o [1]
CPU_IntDisMeasStart     0x0800fec3    0x28  Code  Gb  cpu_core.o [1]
CPU_IntDisMeasStart_cnts
                        0x200063cc     0x4  Data  Gb  cpu_core.o [1]
CPU_IntDisMeasStop      0x0800feeb    0x42  Code  Gb  cpu_core.o [1]
CPU_IntDisMeasStop_cnts
                        0x200063d0     0x4  Data  Gb  cpu_core.o [1]
CPU_IntDisNestCtr       0x200064a6     0x2  Data  Gb  cpu_core.o [1]
CPU_IntEn               0x080114fd          Code  Gb  cpu_a.o [1]
CPU_Name                0x20006368    0x10  Data  Gb  cpu_core.o [1]
CPU_NameClr             0x0800fe2d    0x24  Code  Gb  cpu_core.o [1]
CPU_NameInit            0x0800ff2d     0x8  Code  Lc  cpu_core.o [1]
CPU_RevBits             0x08011527          Code  Gb  cpu_a.o [1]
CPU_SR_Restore          0x08011509          Code  Gb  cpu_a.o [1]
CPU_SR_Save             0x08011501          Code  Gb  cpu_a.o [1]
CPU_TS_Init             0x0800ff35     0xe  Code  Lc  cpu_core.o [1]
CPU_TS_TmrFreqSet       0x0800fe51     0x8  Code  Gb  cpu_core.o [1]
CPU_TS_TmrFreq_Hz       0x200063c8     0x4  Data  Gb  cpu_core.o [1]
CPU_TS_TmrInit          0x08010fcd    0x2e  Code  Gb  cpu_bsp.o [1]
CPU_TS_TmrRd            0x08010ffb     0x8  Code  Gb  cpu_bsp.o [1]
CPU_WaitForExcept       0x08011513          Code  Gb  cpu_a.o [1]
CPU_WaitForInt          0x0801150f          Code  Gb  cpu_a.o [1]
CSTACK$$Base            0x200001c0           --   Gb  - Linker created -
CSTACK$$Limit           0x200025c0           --   Gb  - Linker created -
Command                 0x20006378    0x10  Data  Lc  stm32469i_discovery_sdram.o [1]
DMA2D_SetConfig         0x0800df51   0x118  Code  Lc  stm32f4xx_hal_dma2d.o [1]
DMA_CalcBaseAndBitshift
                        0x08009e55    0x30  Code  Lc  stm32f4xx_hal_dma.o [1]
DMA_CalcBaseAndBitshift::flagBitshiftOffset
                        0x080196f8     0x8  Data  Lc  stm32f4xx_hal_dma.o [1]
DMA_CheckFifoParam      0x08009e91    0xae  Code  Lc  stm32f4xx_hal_dma.o [1]
DSI_ConfigPacketHeader  0x08012505    0x16  Code  Lc  stm32f4xx_hal_dsi.o [1]
DSI_IO_WriteCmd         0x0800fc13    0x36  Code  Gb  stm32469i_discovery_lcd.o [1]
DebugMon_Handler        0x08019089     0x2  Code  Gb  stm32f4xx_it.o [1]
DrawChar                0x0800fc77   0x124  Code  Lc  stm32469i_discovery_lcd.o [1]
DrawProp                0x20006350    0x18  Data  Lc  stm32469i_discovery_lcd.o [1]
EXTI0_IRQHandler        0x0801908b     0xa  Code  Gb  stm32f4xx_it.o [1]
Error_Handler           0x0800b2b5     0x2  Code  Gb  main.o [1]
FMC_Initialized         0x2000648c     0x4  Data  Lc  stm32f4xx_hal_msp.o [1]
FMC_SDRAM_Init          0x0801228d    0x7c  Code  Gb  stm32f4xx_ll_fmc.o [1]
FMC_SDRAM_ProgramRefreshRate
                        0x080123fd     0xe  Code  Gb  stm32f4xx_ll_fmc.o [1]
FMC_SDRAM_SendCommand   0x080123ad    0x50  Code  Gb  stm32f4xx_ll_fmc.o [1]
FMC_SDRAM_Timing_Init   0x08012309    0x9e  Code  Gb  stm32f4xx_ll_fmc.o [1]
Font12                  0x20000068     0x8  Data  Gb  stm32469i_discovery_lcd.o [1]
Font12_Table            0x08018998   0x474  Data  Gb  stm32469i_discovery_lcd.o [1]
Font20                  0x20000060     0x8  Data  Gb  stm32469i_discovery_lcd.o [1]
Font20_Table            0x08017ac0   0xed8  Data  Gb  stm32469i_discovery_lcd.o [1]
Font24                  0x20000058     0x8  Data  Gb  stm32469i_discovery_lcd.o [1]
Font24_Table            0x08016008  0x1ab8  Data  Gb  stm32469i_discovery_lcd.o [1]
Font28                  0x20000050     0x8  Data  Gb  stm32469i_discovery_lcd.o [1]
Font28_Table            0x08004d68  0x2a50  Data  Gb  stm32469i_discovery_lcd.o [1]
Font48                  0x20000048     0x8  Data  Gb  stm32469i_discovery_lcd.o [1]
Font48_Table            0x080001b4  0x4bb4  Data  Gb  stm32469i_discovery_lcd.o [1]
GPIO_PIN                0x20000028    0x10  Data  Gb  stm32469i_discovery.o [1]
GPIO_PORT               0x20000038    0x10  Data  Gb  stm32469i_discovery.o [1]
HAL_DMA2D_ConfigLayer   0x0800de63    0xea  Code  Gb  stm32f4xx_hal_dma2d.o [1]
HAL_DMA2D_Init          0x0800dc75    0x64  Code  Gb  stm32f4xx_hal_dma2d.o [1]
HAL_DMA2D_MspInit       0x080096ff    0x32  Code  Gb  stm32f4xx_hal_msp.o [1]
HAL_DMA2D_PollForTransfer
                        0x0800dd25   0x13e  Code  Gb  stm32f4xx_hal_dma2d.o [1]
HAL_DMA2D_Start         0x0800dcd9    0x4c  Code  Gb  stm32f4xx_hal_dma2d.o [1]
HAL_DMA_Abort_IT        0x08009e2d    0x28  Code  Gb  stm32f4xx_hal_dma.o [1]
HAL_DMA_DeInit          0x08009dc1    0x6c  Code  Gb  stm32f4xx_hal_dma.o [1]
HAL_DMA_Init            0x08009ce1    0xe0  Code  Gb  stm32f4xx_hal_dma.o [1]
HAL_DSI_ConfigPhyTimer  0x080129e9    0x9a  Code  Gb  stm32f4xx_hal_dsi.o [1]
HAL_DSI_ConfigVideoMode
                        0x0801271f   0x2c6  Code  Gb  stm32f4xx_hal_dsi.o [1]
HAL_DSI_DeInit          0x080126ad    0x72  Code  Gb  stm32f4xx_hal_dsi.o [1]
HAL_DSI_Init            0x0801251b   0x192  Code  Gb  stm32f4xx_hal_dsi.o [1]
HAL_DSI_LongWrite       0x08012b17    0xce  Code  Gb  stm32f4xx_hal_dsi.o [1]
HAL_DSI_MspDeInit       0x08014e71     0x2  Code  Wk  stm32f4xx_hal_dsi.o [1]
HAL_DSI_MspInit         0x08012be9     0x2  Code  Wk  stm32f4xx_hal_dsi.o [1]
HAL_DSI_ShortWrite      0x08012ab7    0x60  Code  Gb  stm32f4xx_hal_dsi.o [1]
HAL_DSI_Start           0x08012a83    0x34  Code  Gb  stm32f4xx_hal_dsi.o [1]
HAL_Delay               0x0801240b    0x1a  Code  Wk  stm32f4xx_hal.o [1]
HAL_FMC_MspInit         0x080098e9    0xe6  Code  Lc  stm32f4xx_hal_msp.o [1]
HAL_GPIO_DeInit         0x0800a2c3   0x176  Code  Gb  stm32f4xx_hal_gpio.o [1]
HAL_GPIO_EXTI_Callback  0x0800a581    0x10  Code  Gb  main.o [1]
HAL_GPIO_EXTI_IRQHandler
                        0x0800a457    0x1e  Code  Gb  stm32f4xx_hal_gpio.o [1]
HAL_GPIO_Init           0x0800a0c9   0x1fa  Code  Gb  stm32f4xx_hal_gpio.o [1]
HAL_GPIO_TogglePin      0x0800a44d     0xa  Code  Gb  stm32f4xx_hal_gpio.o [1]
HAL_GPIO_WritePin       0x0800a439    0x14  Code  Gb  stm32f4xx_hal_gpio.o [1]
HAL_GetTick             0x08009cc5     0xc  Code  Wk  stm32f4xx_hal.o [1]
HAL_I2C_AbortCpltCallback
                        0x08009f3f     0x2  Code  Wk  stm32f4xx_hal_i2c.o [1]
HAL_I2C_AddrCallback    0x08009cdd     0x2  Code  Wk  stm32f4xx_hal_i2c.o [1]
HAL_I2C_DeInit          0x080078e1    0x42  Code  Gb  stm32f4xx_hal_i2c.o [1]
HAL_I2C_ER_IRQHandler   0x080083dd    0xea  Code  Gb  stm32f4xx_hal_i2c.o [1]
HAL_I2C_EV_IRQHandler   0x08008289   0x14c  Code  Gb  stm32f4xx_hal_i2c.o [1]
HAL_I2C_ErrorCallback   0x08009f41     0x2  Code  Wk  stm32f4xx_hal_i2c.o [1]
HAL_I2C_GetState        0x080084c7     0x6  Code  Gb  stm32f4xx_hal_i2c.o [1]
HAL_I2C_Init            0x080077b9   0x128  Code  Gb  stm32f4xx_hal_i2c.o [1]
HAL_I2C_ListenCpltCallback
                        0x08009cdf     0x2  Code  Wk  stm32f4xx_hal_i2c.o [1]
HAL_I2C_MasterRxCpltCallback
                        0x08009cd7     0x2  Code  Wk  stm32f4xx_hal_i2c.o [1]
HAL_I2C_MasterTxCpltCallback
                        0x08009cd1     0x2  Code  Wk  stm32f4xx_hal_i2c.o [1]
HAL_I2C_Master_Receive  0x08007aab   0x316  Code  Gb  stm32f4xx_hal_i2c.o [1]
HAL_I2C_Master_Transmit
                        0x08007923   0x188  Code  Gb  stm32f4xx_hal_i2c.o [1]
HAL_I2C_MemRxCpltCallback
                        0x08009cd5     0x2  Code  Wk  stm32f4xx_hal_i2c.o [1]
HAL_I2C_MemTxCpltCallback
                        0x08009cd3     0x2  Code  Wk  stm32f4xx_hal_i2c.o [1]
HAL_I2C_Mem_Read        0x08007f63   0x320  Code  Gb  stm32f4xx_hal_i2c.o [1]
HAL_I2C_Mem_Write       0x08007dd5   0x18e  Code  Gb  stm32f4xx_hal_i2c.o [1]
HAL_I2C_MspDeInit       0x080097a1    0x30  Code  Gb  stm32f4xx_hal_msp.o [1]
HAL_I2C_MspInit         0x08009731    0x70  Code  Gb  stm32f4xx_hal_msp.o [1]
HAL_I2C_SlaveRxCpltCallback
                        0x08009cdb     0x2  Code  Wk  stm32f4xx_hal_i2c.o [1]
HAL_I2C_SlaveTxCpltCallback
                        0x08009cd9     0x2  Code  Wk  stm32f4xx_hal_i2c.o [1]
HAL_IncTick             0x08011ce9    0x10  Code  Wk  stm32f4xx_hal.o [1]
HAL_Init                0x0800b9d1    0x3a  Code  Gb  stm32f4xx_hal.o [1]
HAL_InitTick            0x0800a4c9    0x1a  Code  Gb  bsp.o [1]
HAL_LTDC_ConfigLayer    0x0800e1a3    0x52  Code  Gb  stm32f4xx_hal_ltdc.o [1]
HAL_LTDC_Init           0x0800e069   0x13a  Code  Gb  stm32f4xx_hal_ltdc.o [1]
HAL_LTDC_MspInit        0x080097d1    0x2a  Code  Gb  stm32f4xx_hal_msp.o [1]
HAL_LTDC_StructInitFromVideoConfig
                        0x08012beb    0x66  Code  Gb  stm32f4xx_hal_ltdc_ex.o [1]
HAL_MspInit             0x080096a1    0x5e  Code  Gb  stm32f4xx_hal_msp.o [1]
HAL_NVIC_DisableIRQ     0x0800a069     0xe  Code  Gb  stm32f4xx_hal_cortex.o [1]
HAL_NVIC_EnableIRQ      0x0800a05b     0xe  Code  Gb  stm32f4xx_hal_cortex.o [1]
HAL_NVIC_SetPriority    0x0800a035    0x26  Code  Gb  stm32f4xx_hal_cortex.o [1]
HAL_NVIC_SetPriorityGrouping
                        0x0800a029     0xc  Code  Gb  stm32f4xx_hal_cortex.o [1]
HAL_PWREx_EnableOverDrive
                        0x0800dbe1    0x86  Code  Gb  stm32f4xx_hal_pwr_ex.o [1]
HAL_QSPI_Init           0x0800e475    0xd4  Code  Gb  stm32f4xx_hal_qspi.o [1]
HAL_QSPI_MspInit        0x080097fb    0xa2  Code  Gb  stm32f4xx_hal_msp.o [1]
HAL_QSPI_SetTimeout     0x0800e551     0x4  Code  Gb  stm32f4xx_hal_qspi.o [1]
HAL_RCCEx_PeriphCLKConfig
                        0x0800d38d   0x448  Code  Gb  stm32f4xx_hal_rcc_ex.o [1]
HAL_RCC_ClockConfig     0x08009a21   0x190  Code  Gb  stm32f4xx_hal_rcc.o [1]
HAL_RCC_GetHCLKFreq     0x08009bb1     0x6  Code  Gb  stm32f4xx_hal_rcc.o [1]
HAL_RCC_GetPCLK1Freq    0x08009bb7    0x20  Code  Gb  stm32f4xx_hal_rcc.o [1]
HAL_RCC_GetPCLK2Freq    0x08009bd7    0x20  Code  Gb  stm32f4xx_hal_rcc.o [1]
HAL_RCC_GetSysClockFreq
                        0x08009c0d    0xb8  Code  Wk  stm32f4xx_hal_rcc.o [1]
HAL_RCC_OscConfig       0x0800d7d5   0x3c0  Code  Gb  stm32f4xx_hal_rcc_ex.o [1]
HAL_SDRAM_Init          0x0800ea8d    0x44  Code  Gb  stm32f4xx_hal_sdram.o [1]
HAL_SDRAM_MspInit       0x080099cf     0xa  Code  Gb  stm32f4xx_hal_msp.o [1]
HAL_SDRAM_ProgramRefreshRate
                        0x0800eb0d    0x2a  Code  Gb  stm32f4xx_hal_sdram.o [1]
HAL_SDRAM_SendCommand   0x0800ead1    0x3c  Code  Gb  stm32f4xx_hal_sdram.o [1]
HAL_SYSTICK_CLKSourceConfig
                        0x0800a083    0x20  Code  Gb  stm32f4xx_hal_cortex.o [1]
HAL_SYSTICK_Config      0x0800a077     0xc  Code  Gb  stm32f4xx_hal_cortex.o [1]
HAL_UART_Init           0x0800e5a9    0x76  Code  Gb  stm32f4xx_hal_uart.o [1]
HAL_UART_MspInit        0x0800989d    0x4c  Code  Gb  stm32f4xx_hal_msp.o [1]
HAL_UART_Transmit       0x0800e61f    0xde  Code  Gb  stm32f4xx_hal_uart.o [1]
HEAP$$Base              0x200025c0           --   Gb  - Linker created -
HEAP$$Limit             0x200035c0           --   Gb  - Linker created -
HardFault_Handler       0x0801907f     0x2  Code  Gb  stm32f4xx_it.o [1]
I2C1_ER_IRQHandler      0x0801909f     0xa  Code  Gb  stm32f4xx_it.o [1]
I2C1_EV_IRQHandler      0x08019095     0xa  Code  Gb  stm32f4xx_it.o [1]
I2C1_Error              0x0800ee5f    0x10  Code  Lc  stm32469i_discovery.o [1]
I2C1_Init               0x0800ed39    0x50  Code  Lc  stm32469i_discovery.o [1]
I2C1_MspInit            0x0800ec7d    0xbc  Code  Lc  stm32469i_discovery.o [1]
I2C1_Read               0x0800edc5    0x48  Code  Lc  stm32469i_discovery.o [1]
I2C1_ReadMultiple       0x0800ee0d    0x52  Code  Lc  stm32469i_discovery.o [1]
I2C1_Write              0x0800ed89    0x3c  Code  Lc  stm32469i_discovery.o [1]
I2C_Address             0x200064da     0x1  Data  Lc  stm32469i_discovery_ts.o [1]
I2C_DMAAbort            0x080093cd    0x6e  Code  Lc  stm32f4xx_hal_i2c.o [1]
I2C_ITError             0x08008de7   0x156  Code  Lc  stm32f4xx_hal_i2c.o [1]
I2C_IsAcknowledgeFailed
                        0x08009669    0x2e  Code  Lc  stm32f4xx_hal_i2c.o [1]
I2C_MasterReceive_BTF   0x080087a3    0xf4  Code  Lc  stm32f4xx_hal_i2c.o [1]
I2C_MasterReceive_RXNE  0x080086c5    0xde  Code  Lc  stm32f4xx_hal_i2c.o [1]
I2C_MasterRequestRead   0x08009021   0x140  Code  Lc  stm32f4xx_hal_i2c.o [1]
I2C_MasterRequestWrite  0x08008f3d    0xcc  Code  Lc  stm32f4xx_hal_i2c.o [1]
I2C_MasterTransmit_BTF  0x0800861b    0xa4  Code  Lc  stm32f4xx_hal_i2c.o [1]
I2C_MasterTransmit_TXE  0x080084cd   0x14e  Code  Lc  stm32f4xx_hal_i2c.o [1]
I2C_Master_ADD10        0x08008927     0xe  Code  Lc  stm32f4xx_hal_i2c.o [1]
I2C_Master_ADDR         0x08008935   0x204  Code  Lc  stm32f4xx_hal_i2c.o [1]
I2C_Master_SB           0x08008899    0x8e  Code  Lc  stm32f4xx_hal_i2c.o [1]
I2C_RequestMemoryRead   0x08009251   0x16e  Code  Lc  stm32f4xx_hal_i2c.o [1]
I2C_RequestMemoryWrite  0x08009165    0xec  Code  Lc  stm32f4xx_hal_i2c.o [1]
I2C_SlaveReceive_BTF    0x08008bef    0x1e  Code  Lc  stm32f4xx_hal_i2c.o [1]
I2C_SlaveReceive_RXNE   0x08008ba5    0x4a  Code  Lc  stm32f4xx_hal_i2c.o [1]
I2C_SlaveTransmit_BTF   0x08008b87    0x1e  Code  Lc  stm32f4xx_hal_i2c.o [1]
I2C_SlaveTransmit_TXE   0x08008b3d    0x4a  Code  Lc  stm32f4xx_hal_i2c.o [1]
I2C_Slave_ADDR          0x08008c0d    0x38  Code  Lc  stm32f4xx_hal_i2c.o [1]
I2C_Slave_AF            0x08008d45    0xa2  Code  Lc  stm32f4xx_hal_i2c.o [1]
I2C_Slave_STOPF         0x08008c45   0x100  Code  Lc  stm32f4xx_hal_i2c.o [1]
I2C_WaitOnBTFFlagUntilTimeout
                        0x080095b5    0x52  Code  Lc  stm32f4xx_hal_i2c.o [1]
I2C_WaitOnFlagUntilTimeout
                        0x0800943b    0x88  Code  Lc  stm32f4xx_hal_i2c.o [1]
I2C_WaitOnMasterAddressFlagUntilTimeout
                        0x080094c3    0xa0  Code  Lc  stm32f4xx_hal_i2c.o [1]
I2C_WaitOnRXNEFlagUntilTimeout
                        0x08009607    0x62  Code  Lc  stm32f4xx_hal_i2c.o [1]
I2C_WaitOnTXEFlagUntilTimeout
                        0x08009563    0x52  Code  Lc  stm32f4xx_hal_i2c.o [1]
LL_FillBuffer           0x0800fd9d    0x62  Code  Lc  stm32469i_discovery_lcd.o [1]
LTDC_SetConfig          0x0800e1f9   0x276  Code  Lc  stm32f4xx_hal_ltdc.o [1]
LoadInt                 0x080137cb    0x6e  Code  Lc  xprintffull.o [3]
Lux                     0x200063e8     0x4  Data  Gb  main.o [1]
MX_DMA2D_Init           0x0800a6e1    0x6a  Code  Lc  main.o [1]
MX_FMC_Init             0x0800a9c1    0x96  Code  Lc  main.o [1]
MX_GPIO_Init            0x0800aa57   0x1f6  Code  Lc  main.o [1]
MX_I2C1_Init            0x0800a74b    0x62  Code  Lc  main.o [1]
MX_LTDC_Init            0x0800a7ad   0x15e  Code  Lc  main.o [1]
MX_QUADSPI_Init         0x0800a90b    0x5e  Code  Lc  main.o [1]
MX_USART3_UART_Init     0x0800a969    0x58  Code  Lc  main.o [1]
MemManage_Handler       0x08019081     0x2  Code  Gb  stm32f4xx_it.o [1]
Mem_Clr                 0x080130dd    0x12  Code  Gb  lib_mem.o [1]
Mem_Set                 0x080130ef    0x64  Code  Gb  lib_mem.o [1]
NMI_Handler             0x0801907d     0x2  Code  Gb  stm32f4xx_it.o [1]
NVIC_DisableIRQ         0x08009f81    0x14  Code  Lc  stm32f4xx_hal_cortex.o [1]
NVIC_EnableIRQ          0x08009f6d    0x14  Code  Lc  stm32f4xx_hal_cortex.o [1]
NVIC_EncodePriority     0x08009fbb    0x3e  Code  Lc  stm32f4xx_hal_cortex.o [1]
NVIC_GetPriorityGrouping
                        0x08009f63     0xa  Code  Lc  stm32f4xx_hal_cortex.o [1]
[...]
OS_TmrUnlock            0x080118a3    0x10  Code  Lc  os_tmr.o [1]
OTM8009A_IO_Delay       0x0800eef1     0xc  Code  Gb  stm32469i_discovery.o [1]
OTM8009A_Init           0x08012c51   0x48c  Code  Gb  otm8009a.o [1]
Process1                0x0800ad49    0x4c  Code  Lc  main.o [1]
Process1TCB             0x2000556c    0xcc  Data  Lc  main.o [1]
Process2                0x0800ad95    0x4c  Code  Lc  main.o [1]
Process2TCB             0x20005638    0xcc  Data  Lc  main.o [1]
Process3                0x0800ade1     0xa  Code  Lc  main.o [1]
Process3TCB             0x20005704    0xcc  Data  Lc  main.o [1]
Process4                0x0800adeb    0x20  Code  Lc  main.o [1]
Process4TCB             0x200057d0    0xcc  Data  Lc  main.o [1]
Process5                0x0800ae0b    0x88  Code  Lc  main.o [1]
Process5TCB             0x2000589c    0xcc  Data  Lc  main.o [1]
Process6                0x0800ae93   0x172  Code  Lc  main.o [1]
Process6TCB             0x20005968    0xcc  Data  Lc  main.o [1]
QSPI_WaitFlagStateUntilTimeout
                        0x0800e555    0x52  Code  Lc  stm32f4xx_hal_qspi.o [1]
Region$$Table$$Base     0x08019298           --   Gb  - Linker created -
Region$$Table$$Limit    0x080192b8           --   Gb  - Linker created -
SVC_Handler             0x08019087     0x2  Code  Gb  stm32f4xx_it.o [1]
Sem1                    0x20006250    0x28  Data  Gb  main.o [1]
Sem2                    0x20006278    0x28  Data  Gb  main.o [1]
Sem3                    0x200062a0    0x28  Data  Gb  main.o [1]
Sem4                    0x200062c8    0x28  Data  Gb  main.o [1]
Sem5                    0x200062f0    0x28  Data  Gb  main.o [1]
SendSignal              0x0800a505    0x7c  Code  Gb  main.o [1]
SendSignal::SigNum      0x200064ce     0x1  Data  Lc  main.o [1]
SendSignal::debounce_time
                        0x200063ec     0x4  Data  Lc  main.o [1]
ShortRegData1           0x080192b8     0x2  Data  Gb  otm8009a.o [1]
ShortRegData10          0x080198fe     0x2  Data  Gb  otm8009a.o [1]
ShortRegData11          0x08019900     0x2  Data  Gb  otm8009a.o [1]
ShortRegData12          0x08019902     0x2  Data  Gb  otm8009a.o [1]
ShortRegData13          0x08019904     0x2  Data  Gb  otm8009a.o [1]
ShortRegData14          0x08019906     0x2  Data  Gb  otm8009a.o [1]
ShortRegData15          0x08019908     0x2  Data  Gb  otm8009a.o [1]
ShortRegData16          0x0801990a     0x2  Data  Gb  otm8009a.o [1]
ShortRegData17          0x0801990c     0x2  Data  Gb  otm8009a.o [1]
ShortRegData18          0x0801990e     0x2  Data  Gb  otm8009a.o [1]
ShortRegData19          0x08019910     0x2  Data  Gb  otm8009a.o [1]
ShortRegData2           0x08019356     0x2  Data  Gb  otm8009a.o [1]
ShortRegData20          0x08019912     0x2  Data  Gb  otm8009a.o [1]
ShortRegData21          0x08019914     0x2  Data  Gb  otm8009a.o [1]
ShortRegData22          0x08019916     0x2  Data  Gb  otm8009a.o [1]
ShortRegData23          0x08019918     0x2  Data  Gb  otm8009a.o [1]
ShortRegData24          0x0801991a     0x2  Data  Gb  otm8009a.o [1]
ShortRegData25          0x0801991c     0x2  Data  Gb  otm8009a.o [1]
ShortRegData26          0x0801991e     0x2  Data  Gb  otm8009a.o [1]
ShortRegData27          0x08019920     0x2  Data  Gb  otm8009a.o [1]
ShortRegData28          0x08019922     0x2  Data  Gb  otm8009a.o [1]
ShortRegData29          0x08019924     0x2  Data  Gb  otm8009a.o [1]
ShortRegData3           0x08019362     0x2  Data  Gb  otm8009a.o [1]
ShortRegData30          0x08019926     0x2  Data  Gb  otm8009a.o [1]
ShortRegData31          0x08019928     0x2  Data  Gb  otm8009a.o [1]
ShortRegData32          0x0801992a     0x2  Data  Gb  otm8009a.o [1]
ShortRegData33          0x0801992c     0x2  Data  Gb  otm8009a.o [1]
ShortRegData34          0x0801992e     0x2  Data  Gb  otm8009a.o [1]
ShortRegData35          0x08019930     0x2  Data  Gb  otm8009a.o [1]
ShortRegData36          0x08019932     0x2  Data  Gb  otm8009a.o [1]
ShortRegData37          0x08019934     0x2  Data  Gb  otm8009a.o [1]
ShortRegData38          0x08019936     0x2  Data  Gb  otm8009a.o [1]
ShortRegData39          0x08019938     0x2  Data  Gb  otm8009a.o [1]
ShortRegData4           0x080193d6     0x2  Data  Gb  otm8009a.o [1]
ShortRegData40          0x0801993a     0x2  Data  Gb  otm8009a.o [1]
ShortRegData41          0x0801993c     0x2  Data  Gb  otm8009a.o [1]
ShortRegData42          0x0801993e     0x2  Data  Gb  otm8009a.o [1]
ShortRegData43          0x08019940     0x2  Data  Gb  otm8009a.o [1]
ShortRegData44          0x08019942     0x2  Data  Gb  otm8009a.o [1]
ShortRegData45          0x08019944     0x2  Data  Gb  otm8009a.o [1]
ShortRegData46          0x08019946     0x2  Data  Gb  otm8009a.o [1]
ShortRegData47          0x08019948     0x2  Data  Gb  otm8009a.o [1]
ShortRegData48          0x0801994a     0x2  Data  Gb  otm8009a.o [1]
ShortRegData49          0x0801994c     0x2  Data  Gb  otm8009a.o [1]
ShortRegData5           0x080198f4     0x2  Data  Gb  otm8009a.o [1]
ShortRegData6           0x080198f6     0x2  Data  Gb  otm8009a.o [1]
ShortRegData7           0x080198f8     0x2  Data  Gb  otm8009a.o [1]
ShortRegData8           0x080198fa     0x2  Data  Gb  otm8009a.o [1]
ShortRegData9           0x080198fc     0x2  Data  Gb  otm8009a.o [1]
SysTick_Config          0x08009ff9    0x30  Code  Lc  stm32f4xx_hal_cortex.o [1]
SystemClock_Config      0x0800a607    0xda  Code  Gb  main.o [1]
SystemCoreClock         0x20000078     0x4  Data  Gb  system_stm32f4xx.o [1]
SystemInit              0x08018f99    0x4c  Code  Gb  system_stm32f4xx.o [1]
TS_IO_Init              0x0800ee95     0x8  Code  Gb  stm32469i_discovery.o [1]
TS_IO_Read              0x0800eeb7    0x14  Code  Gb  stm32469i_discovery.o [1]
TS_IO_ReadMultiple      0x0800eecb    0x26  Code  Gb  stm32469i_discovery.o [1]
TS_IO_Write             0x0800ee9d    0x1a  Code  Gb  stm32469i_discovery.o [1]
TS_State                0x20006394     0xc  Data  Gb  touchscreen.o [1]
Timing                  0x20006334    0x1c  Data  Lc  stm32469i_discovery_sdram.o [1]
TouchScreen_Calibration_GetPhysValues
                        0x080109d1    0x6a  Code  Lc  ts_calibration.o [1]
TouchScreen_Calibration_WaitForPressedState
                        0x08010a3b    0xb8  Code  Lc  ts_calibration.o [1]
TouchScreen_Get_Calibrated_X
                        0x08010af3    0x1e  Code  Gb  ts_calibration.o [1]
TouchScreen_Get_Calibrated_Y
                        0x08010b11    0x1e  Code  Gb  ts_calibration.o [1]
TouchScreen_IsCalibrationDone
                        0x08010b2f     0x6  Code  Gb  ts_calibration.o [1]
TouchscreenCalibration_SetHint
                        0x08010947    0x8a  Code  Lc  ts_calibration.o [1]
Touchscreen_Calibration
                        0x08010785   0x1c2  Code  Gb  ts_calibration.o [1]
Touchscreen_demo1       0x080105f9   0x18c  Code  Gb  touchscreen.o [1]
UART_SetConfig          0x0800e76d   0x312  Code  Lc  stm32f4xx_hal_uart.o [1]
UART_WaitOnFlagUntilTimeout
                        0x0800e6fd    0x70  Code  Lc  stm32f4xx_hal_uart.o [1]
UsageFault_Handler      0x08019085     0x2  Code  Gb  stm32f4xx_it.o [1]
_EncodingSb_Mbtowc      0x08015f53    0x30  Code  Gb  xencoding_sb.o [3]
_EncodingSb_Mbtowc::initial
                        0x08015f90     0x8  Data  Lc  xencoding_sb.o [3]
_EncodingSb_Wctomb      0x08015f39    0x1a  Code  Gb  xencoding_sb.o [3]
_EncodingSb_Wctomb::initial
                        0x08015f88     0x8  Data  Lc  xencoding_sb.o [3]
_GenldFull              0x08014051   0x254  Code  Lc  xprintffull.o [3]
_IsdstStr               0x2000014c     0x4  Data  Gb  setlocale.o [3]
_LdtobFull              0x08013c51   0x3fa  Code  Lc  xprintffull.o [3]
_LitobFull              0x08013b45   0x10a  Code  Lc  xprintffull.o [3]
_LocaleEncoding         0x08015f25     0xe  Code  Gb  setlocale.o [3]
_LocaleReturnString     0x2000016c    0x50  Data  Lc  setlocale.o [3]
_Locale_Profile         0x20000150    0x1c  Data  Gb  setlocale.o [3]
_Locale_aeabi_lconv     0x20000110    0x38  Data  Gb  localeconv.o [3]
_Locale_lconv           0x200000c0    0x50  Data  Gb  localeconv.o [3]
_Mbtowc                 0x08014e73    0x20  Code  Gb  xmbtowc.o [3]
_PrintfFull             0x08013155   0x660  Code  Gb  xprintffull.o [3]
_Prout                  0x080193c1    0x16  Code  Gb  xprout.o [3]
_PutcharsFull           0x080142a5    0x2e  Code  Lc  xprintffull.o [3]
_PutstrFull             0x08013839   0x306  Code  Lc  xprintffull.o [3]
_SProut                 0x08009697     0xa  Code  Gb  xsprout.o [3]
_TzoneStr               0x20000148     0x4  Data  Gb  setlocale.o [3]
_Wctomb                 0x08014ff9    0x1a  Code  Gb  xwctomb.o [3]
__aeabi_cdcmpeq         0x08015a99          Code  Gb  DblCmpEq.o [4]
__aeabi_cdcmple         0x080151c9          Code  Gb  DblCmpLe.o [4]
__aeabi_cdrcmple        0x080151f9          Code  Gb  DblCmpGe.o [4]
__aeabi_d2f             0x08014de1          Code  Gb  DblToFlt.o [4]
__aeabi_d2iz            0x0801533d          Code  Gb  DblToI32.o [4]
__aeabi_d2uiz           0x08015369          Code  Gb  DblToI32.o [4]
__aeabi_dadd            0x08015ac5          Code  Gb  DblAdd.o [4]
__aeabi_ddiv            0x080156e9          Code  Gb  DblDiv.o [4]
__aeabi_dmul            0x08015545          Code  Gb  DblMul.o [4]
__aeabi_dsub            0x080153c5          Code  Gb  DblSub.o [4]
__aeabi_errno_addr      0x08015ab9     0x6  Code  Gb  errno.o [3]
__aeabi_f2d             0x080144cd          Code  Gb  FltToDbl.o [4]
__aeabi_i2d             0x08015395          Code  Gb  I32ToDbl.o [4]
__aeabi_ldiv0           0x08015fc5          Code  Gb  I64DivZer.o [5]
__aeabi_memclr          0x080142f1          Code  Gb  ABImemclr.o [5]
__aeabi_ui2d            0x080153a9          Code  Gb  I32ToDbl.o [4]
__aeabi_uldivmod        0x08015095          Code  Gb  I64DivMod.o [5]
__cmain                 0x08019335          Code  Gb  cmain.o [5]
__data_Aldata           0x200063c0     0x8  Data  Gb  xxmemxmalloc.o [3]
__data_GetMemChunk      0x08015f99    0x2c  Code  Gb  xgetmemchunk.o [3]
__data_GetMemChunk::start
                        0x200064a0     0x4  Data  Lc  xgetmemchunk.o [3]
__exit                  0x08019365    0x14  Code  Gb  exit.o [6]
__iar_Dint              0x08015a1b    0x7e  Code  Gb  xdint.o [4]
__iar_Dnorm             0x08015183    0x44  Code  Gb  xdnorm.o [4]
__iar_Dscale            0x08015229   0x114  Code  Gb  xdscale.o [4]
__iar_Dtest             0x08015fc9    0x30  Code  Gb  xdtest.o [4]
__iar_Errno             0x200000bc     0x4  Data  Gb  errno.o [3]
__iar_Exp               0x08015c5d   0x2be  Code  Gb  xexp.o [4]
__iar_Locale_lconv_init
                        0x08015941    0x3a  Code  Gb  localeconv.o [3]
__iar_Logpoly           0x08015bad    0x76  Code  Gb  xlog.o [4]
__iar_Mbcurmax          0x08014f3d     0xa  Code  Gb  xmbcurmax.o [3]
__iar_Memchr            0x08014ee5          Code  Gb  memchr.o [5]
__iar_Memset_word       0x080159bd          Code  Gb  ABImemset.o [5]
__iar_Stdout            0x2000007c    0x40  Data  Gb  xfiles.o [3]
__iar_Strchr            0x08014e95          Code  Gb  strchr.o [5]
__iar_d2uiz             0x08015375          Code  Gb  DblToI32.o [4]
__iar_dadd              0x08015ad9          Code  Gb  DblAdd.o [4]
__iar_data_init3        0x080191bd    0x28  Code  Gb  data_init.o [5]
__iar_dlib_perthread_access
                        0x08015fc7     0x2  Code  Gb  xtls.o [3]
__iar_dsub              0x080153d9          Code  Gb  DblSub.o [4]
__iar_dsubStart         0x080153eb          Code  Gb  DblSub.o [4]
__iar_init_vfp          0x08019275          Code  Gb  fpinit_M.o [4]
__iar_packbits_init_single3
                        0x08019045    0x38  Code  Gb  packbits_init_single.o [5]
__iar_program_start     0x08019665          Code  Gb  cstartup_M.o [5]
__iar_ui2d              0x080153ad          Code  Gb  I32ToDbl.o [4]
__iar_unaligned___aeabi_memcpy
                        0x08012215          Code  Gb  ABImemcpy_unaligned.o [5]
__iar_unaligned___aeabi_memcpy4
                        0x08012235          Code  Gb  ABImemcpy_unaligned.o [5]
__iar_unaligned___aeabi_memcpy8
                        0x08012235          Code  Gb  ABImemcpy_unaligned.o [5]
__iar_vfp_pow           0x080149a1    0x18  Code  Gb  pow.o [4]
__iar_zero_init3        0x08019005    0x40  Code  Gb  zero_init3.o [5]
__low_level_init        0x0801934f     0x4  Code  Gb  low_level_init.o [3]
__vector_table          0x08000000          Data  Gb  startup_stm32f469xx.o [1]
_call_main              0x08019341          Code  Gb  cmain.o [5]
_exit                   0x08019359          Code  Gb  cexit.o [5]
_main                   0x0801934b          Code  Gb  cmain.o [5]
aLogX                   0x20006498     0x4  Data  Lc  ts_calibration.o [1]
aLogY                   0x2000649c     0x4  Data  Lc  ts_calibration.o [1]
aPhysX                  0x20006490     0x4  Data  Lc  ts_calibration.o [1]
aPhysY                  0x20006494     0x4  Data  Lc  ts_calibration.o [1]
b                       0x200064ae     0x2  Data  Gb  main.o [1]
c                       0x200064b0     0x2  Data  Gb  main.o [1]
colorTemp               0x200064b2     0x2  Data  Gb  main.o [1]
div                     0x080159ad     0xe  Code  Gb  div.o [3]
exit                    0x08019353     0x4  Code  Gb  exit.o [3]
fputc                   0x0800ac4d    0x1a  Code  Gb  main.o [1]
free                    0x08015015    0x7a  Code  Gb  xxmemxfree.o [3]
ft6x06                  0x200064a8     0x2  Data  Gb  ft6x06.o [1]
ft6x06_GetInstance      0x08018f63    0x2c  Code  Lc  ft6x06.o [1]
ft6x06_Init             0x08018e0d    0x2e  Code  Gb  ft6x06.o [1]
ft6x06_ReadID           0x08018e3d    0x16  Code  Gb  ft6x06.o [1]
ft6x06_Reset            0x08018e3b     0x2  Code  Gb  ft6x06.o [1]
ft6x06_TS_ClearIT       0x08018f5b     0x2  Code  Gb  ft6x06.o [1]
ft6x06_TS_Configure     0x08018f5d     0x6  Code  Lc  ft6x06.o [1]
ft6x06_TS_DetectTouch   0x08018e69    0x48  Code  Gb  ft6x06.o [1]
ft6x06_TS_DisableIT     0x08018f3b    0x1a  Code  Gb  ft6x06.o [1]
ft6x06_TS_EnableIT      0x08018f21    0x1a  Code  Gb  ft6x06.o [1]
ft6x06_TS_GetXY         0x08018eb1    0x70  Code  Gb  ft6x06.o [1]
ft6x06_TS_ITStatus      0x08018f55     0x6  Code  Gb  ft6x06.o [1]
ft6x06_TS_Start         0x08018e53    0x16  Code  Gb  ft6x06.o [1]
ft6x06_handle           0x200063e0     0x4  Data  Lc  ft6x06.o [1]
ft6x06_ts_drv           0x20000000    0x28  Data  Gb  ft6x06.o [1]
g                       0x200064ac     0x2  Data  Gb  main.o [1]
hdma2d                  0x200060bc    0x40  Data  Gb  main.o [1]
hdma2d_eval             0x2000613c    0x40  Data  Gb  stm32469i_discovery_lcd.o [1]
hdsi_eval               0x20006318    0x1c  Data  Gb  stm32469i_discovery_lcd.o [1]
hdsivideo_handle        0x20005eb4    0x6c  Data  Lc  stm32469i_discovery_lcd.o [1]
heval_I2c1              0x20005fd4    0x54  Data  Lc  stm32469i_discovery.o [1]
hi2c1                   0x20005f80    0x54  Data  Gb  main.o [1]
hltdc                   0x20005d64    0xa8  Data  Gb  main.o [1]
hltdc_eval              0x20005e0c    0xa8  Data  Gb  stm32469i_discovery_lcd.o [1]
hqspi                   0x20006078    0x44  Data  Gb  main.o [1]
hsdram1                 0x200061b8    0x34  Data  Gb  main.o [1]
htcs34725_eval          0x200063e4     0x4  Data  Gb  main.o [1]
huart3                  0x200060fc    0x40  Data  Gb  main.o [1]
internal_Pow            0x08014521   0x474  Code  Lc  pow.o [4]
lcdRegData1             0x0801977c     0x4  Data  Gb  otm8009a.o [1]
lcdRegData10            0x08019610     0xc  Data  Gb  otm8009a.o [1]
lcdRegData11            0x0801961c     0xc  Data  Gb  otm8009a.o [1]
lcdRegData12            0x0801951c    0x10  Data  Gb  otm8009a.o [1]
lcdRegData13            0x0801952c    0x10  Data  Gb  otm8009a.o [1]
lcdRegData14            0x08019628     0xc  Data  Gb  otm8009a.o [1]
lcdRegData15            0x0801953c    0x10  Data  Gb  otm8009a.o [1]
lcdRegData16            0x0801954c    0x10  Data  Gb  otm8009a.o [1]
lcdRegData17            0x08019634     0xc  Data  Gb  otm8009a.o [1]
lcdRegData18            0x08019640     0xc  Data  Gb  otm8009a.o [1]
lcdRegData19            0x0801964c     0xc  Data  Gb  otm8009a.o [1]
lcdRegData2             0x08019780     0x4  Data  Gb  otm8009a.o [1]
lcdRegData20            0x0801955c    0x10  Data  Gb  otm8009a.o [1]
lcdRegData21            0x0801956c    0x10  Data  Gb  otm8009a.o [1]
lcdRegData22            0x08019658     0xc  Data  Gb  otm8009a.o [1]
lcdRegData23            0x0801957c    0x10  Data  Gb  otm8009a.o [1]
lcdRegData24            0x0801958c    0x10  Data  Gb  otm8009a.o [1]
lcdRegData25            0x0801978c     0x4  Data  Gb  otm8009a.o [1]
lcdRegData27            0x080196e8     0x8  Data  Gb  otm8009a.o [1]
lcdRegData28            0x080196f0     0x8  Data  Gb  otm8009a.o [1]
lcdRegData3             0x08019470    0x14  Data  Gb  otm8009a.o [1]
lcdRegData4             0x08019484    0x14  Data  Gb  otm8009a.o [1]
lcdRegData5             0x08019784     0x4  Data  Gb  otm8009a.o [1]
lcdRegData6             0x08019788     0x4  Data  Gb  otm8009a.o [1]
lcdRegData7             0x080196e0     0x8  Data  Gb  otm8009a.o [1]
lcdRegData8             0x080194fc    0x10  Data  Gb  otm8009a.o [1]
lcdRegData9             0x0801950c    0x10  Data  Gb  otm8009a.o [1]
lcd_x_size              0x20000070     0x4  Data  Gb  stm32469i_discovery_lcd.o [1]
lcd_y_size              0x20000074     0x4  Data  Gb  stm32469i_discovery_lcd.o [1]
lnbias                  0x080149c0   0x420  Data  Lc  pow.o [4]
localeconv              0x0801597b    0x16  Code  Gb  localeconv.o [3]
main                    0x0800a591    0x76  Code  Gb  main.o [1]
malloc                  0x08014f49    0xac  Code  Gb  xxmemxmalloc.o [3]
memchr                  0x08014ee5          Code  Gb  memchr.o [5]
obuf                    0x20006028    0x50  Data  Lc  xfiles.o [3]
powf                    0x08010b95    0x4c  Code  Gb  Adafruit_TCS34725.o [1]
printf                  0x080105d5    0x24  Code  Gb  printf.o [3]
putchar                 0x080193d9     0xc  Code  Gb  putchar.o [3]
r                       0x200064aa     0x2  Data  Gb  main.o [1]
sdramHandle             0x200061ec    0x34  Data  Lc  stm32469i_discovery_sdram.o [1]
sprintf                 0x08010f99    0x34  Code  Gb  sprintf.o [3]
strchr                  0x08014e95          Code  Gb  strchr.o [5]
strlen                  0x08014ead          Code  Gb  strlen.o [5]
tcs34725_Init           0x0800b151    0x14  Code  Lc  main.o [1]
tcs34725_begin          0x08010c8d    0x3e  Code  Gb  Adafruit_TCS34725.o [1]
tcs34725_calculateColorTemperature
                        0x08010dc5   0x13e  Code  Gb  Adafruit_TCS34725.o [1]
tcs34725_calculateLux   0x08010f05    0x48  Code  Gb  Adafruit_TCS34725.o [1]
tcs34725_enable         0x08010c69    0x24  Code  Gb  Adafruit_TCS34725.o [1]
tcs34725_getRawData     0x08010d13    0xb2  Code  Gb  Adafruit_TCS34725.o [1]
tcs34725_read16         0x08010c2f    0x3a  Code  Gb  Adafruit_TCS34725.o [1]
tcs34725_read8          0x08010c05    0x2a  Code  Gb  Adafruit_TCS34725.o [1]
tcs34725_setGain        0x08010cef    0x24  Code  Gb  Adafruit_TCS34725.o [1]
tcs34725_setIntegrationTime
                        0x08010ccb    0x24  Code  Gb  Adafruit_TCS34725.o [1]
tcs34725_write16        0x08010be1    0x24  Code  Gb  Adafruit_TCS34725.o [1]
ts_calibration_done     0x200064db     0x1  Data  Lc  ts_calibration.o [1]
ts_driver               0x20006484     0x4  Data  Lc  stm32469i_discovery_ts.o [1]
ts_orientation          0x200064d9     0x1  Data  Lc  stm32469i_discovery_ts.o [1]
uwTick                  0x20006488     0x4  Data  Gb  stm32f4xx_hal.o [1]


[1] = E:\Projects\iDOLPHIN_manufacture_IAR\EWARM\iDOLPHIN_manufacture\Obj
[2] = command line
[3] = dl7M_tlf.a
[4] = m7M_tls.a
[5] = rt7M_tl.a
[6] = shb_l.a

  61 096 bytes of readonly  code memory
  43 898 bytes of readonly  data memory
  25 817 bytes of readwrite data memory

Errors: none
Warnings: none
